Archive member included to satisfy reference by file (symbol)

c:\Users\seanw\Downloads\CH570D-Backscatter-V3\CH570D-Backscatter-V3\StdPeriphDriver\libISP572.a(ISP572.o)
                              ./StdPeriphDriver/CH57x_flash.o (FLASH_EEPROM_CMD)
c:/mounriver/mounriver_studio2/resources/app/resources/win32/components/wch/toolchain/risc-v embedded gcc12/bin/../lib/gcc/riscv-wch-elf/12.2.0/../../../../riscv-wch-elf/lib/rv32imc_zba_zbb_zbc_zbs_xw/ilp32\libg_nano.a(lib_a-memcpy-asm.o)
                              ./src/Main.o (memcpy)
c:/mounriver/mounriver_studio2/resources/app/resources/win32/components/wch/toolchain/risc-v embedded gcc12/bin/../lib/gcc/riscv-wch-elf/12.2.0/../../../../riscv-wch-elf/lib/rv32imc_zba_zbb_zbc_zbs_xw/ilp32\libg_nano.a(lib_a-printf.o)
                              ./src/Main.o (printf)
c:/mounriver/mounriver_studio2/resources/app/resources/win32/components/wch/toolchain/risc-v embedded gcc12/bin/../lib/gcc/riscv-wch-elf/12.2.0/../../../../riscv-wch-elf/lib/rv32imc_zba_zbb_zbc_zbs_xw/ilp32\libg_nano.a(lib_a-putchar.o)
                              ./src/utility.o (putchar)
c:/mounriver/mounriver_studio2/resources/app/resources/win32/components/wch/toolchain/risc-v embedded gcc12/bin/../lib/gcc/riscv-wch-elf/12.2.0/../../../../riscv-wch-elf/lib/rv32imc_zba_zbb_zbc_zbs_xw/ilp32\libg_nano.a(lib_a-putc.o)
                              c:/mounriver/mounriver_studio2/resources/app/resources/win32/components/wch/toolchain/risc-v embedded gcc12/bin/../lib/gcc/riscv-wch-elf/12.2.0/../../../../riscv-wch-elf/lib/rv32imc_zba_zbb_zbc_zbs_xw/ilp32\libg_nano.a(lib_a-putchar.o) (_putc_r)
c:/mounriver/mounriver_studio2/resources/app/resources/win32/components/wch/toolchain/risc-v embedded gcc12/bin/../lib/gcc/riscv-wch-elf/12.2.0/../../../../riscv-wch-elf/lib/rv32imc_zba_zbb_zbc_zbs_xw/ilp32\libg_nano.a(lib_a-puts.o)
                              ./src/Main.o (puts)
c:/mounriver/mounriver_studio2/resources/app/resources/win32/components/wch/toolchain/risc-v embedded gcc12/bin/../lib/gcc/riscv-wch-elf/12.2.0/../../../../riscv-wch-elf/lib/rv32imc_zba_zbb_zbc_zbs_xw/ilp32\libg_nano.a(lib_a-wbuf.o)
                              c:/mounriver/mounriver_studio2/resources/app/resources/win32/components/wch/toolchain/risc-v embedded gcc12/bin/../lib/gcc/riscv-wch-elf/12.2.0/../../../../riscv-wch-elf/lib/rv32imc_zba_zbb_zbc_zbs_xw/ilp32\libg_nano.a(lib_a-putc.o) (__swbuf_r)
c:/mounriver/mounriver_studio2/resources/app/resources/win32/components/wch/toolchain/risc-v embedded gcc12/bin/../lib/gcc/riscv-wch-elf/12.2.0/../../../../riscv-wch-elf/lib/rv32imc_zba_zbb_zbc_zbs_xw/ilp32\libg_nano.a(lib_a-wsetup.o)
                              c:/mounriver/mounriver_studio2/resources/app/resources/win32/components/wch/toolchain/risc-v embedded gcc12/bin/../lib/gcc/riscv-wch-elf/12.2.0/../../../../riscv-wch-elf/lib/rv32imc_zba_zbb_zbc_zbs_xw/ilp32\libg_nano.a(lib_a-puts.o) (__swsetup_r)
c:/mounriver/mounriver_studio2/resources/app/resources/win32/components/wch/toolchain/risc-v embedded gcc12/bin/../lib/gcc/riscv-wch-elf/12.2.0/../../../../riscv-wch-elf/lib/rv32imc_zba_zbb_zbc_zbs_xw/ilp32\libg_nano.a(lib_a-fflush.o)
                              c:/mounriver/mounriver_studio2/resources/app/resources/win32/components/wch/toolchain/risc-v embedded gcc12/bin/../lib/gcc/riscv-wch-elf/12.2.0/../../../../riscv-wch-elf/lib/rv32imc_zba_zbb_zbc_zbs_xw/ilp32\libg_nano.a(lib_a-wbuf.o) (_fflush_r)
c:/mounriver/mounriver_studio2/resources/app/resources/win32/components/wch/toolchain/risc-v embedded gcc12/bin/../lib/gcc/riscv-wch-elf/12.2.0/../../../../riscv-wch-elf/lib/rv32imc_zba_zbb_zbc_zbs_xw/ilp32\libg_nano.a(lib_a-findfp.o)
                              c:/mounriver/mounriver_studio2/resources/app/resources/win32/components/wch/toolchain/risc-v embedded gcc12/bin/../lib/gcc/riscv-wch-elf/12.2.0/../../../../riscv-wch-elf/lib/rv32imc_zba_zbb_zbc_zbs_xw/ilp32\libg_nano.a(lib_a-printf.o) (__sinit)
c:/mounriver/mounriver_studio2/resources/app/resources/win32/components/wch/toolchain/risc-v embedded gcc12/bin/../lib/gcc/riscv-wch-elf/12.2.0/../../../../riscv-wch-elf/lib/rv32imc_zba_zbb_zbc_zbs_xw/ilp32\libg_nano.a(lib_a-fwalk.o)
                              c:/mounriver/mounriver_studio2/resources/app/resources/win32/components/wch/toolchain/risc-v embedded gcc12/bin/../lib/gcc/riscv-wch-elf/12.2.0/../../../../riscv-wch-elf/lib/rv32imc_zba_zbb_zbc_zbs_xw/ilp32\libg_nano.a(lib_a-findfp.o) (_fwalk)
c:/mounriver/mounriver_studio2/resources/app/resources/win32/components/wch/toolchain/risc-v embedded gcc12/bin/../lib/gcc/riscv-wch-elf/12.2.0/../../../../riscv-wch-elf/lib/rv32imc_zba_zbb_zbc_zbs_xw/ilp32\libg_nano.a(lib_a-impure.o)
[...]
Memory Configuration

Name             Origin             Length             Attributes
FLASH            0x0000000000000000 0x000000000003c000 xr
RAM              0x0000000020000000 0x0000000000003000 xrw
*default*        0x0000000000000000 0xffffffffffffffff

Linker script and memory map

LOAD ./src/Main.o
LOAD ./src/packet_gen.o
LOAD ./src/utility.o
LOAD ./StdPeriphDriver/CH57x_clk.o
LOAD ./StdPeriphDriver/CH57x_cmp.o
LOAD ./StdPeriphDriver/CH57x_flash.o
LOAD ./StdPeriphDriver/CH57x_gpio.o
LOAD ./StdPeriphDriver/CH57x_i2c.o
LOAD ./StdPeriphDriver/CH57x_keyscan.o
LOAD ./StdPeriphDriver/CH57x_pwm.o
LOAD ./StdPeriphDriver/CH57x_pwr.o
LOAD ./StdPeriphDriver/CH57x_spi.o
LOAD ./StdPeriphDriver/CH57x_sys.o
LOAD ./StdPeriphDriver/CH57x_timer.o
LOAD ./StdPeriphDriver/CH57x_uart.o
LOAD ./StdPeriphDriver/CH57x_usbdev.o
LOAD ./StdPeriphDriver/CH57x_usbhostBase.o
LOAD ./StdPeriphDriver/CH57x_usbhostClass.o
LOAD ./Startup/startup_CH572.o
LOAD c:\Users\seanw\Downloads\CH570D-Backscatter-V3\CH570D-Backscatter-V3\StdPeriphDriver\libISP572.a
LOAD c:/mounriver/mounriver_studio2/resources/app/resources/win32/components/wch/toolchain/risc-v embedded gcc12/bin/../lib/gcc/riscv-wch-elf/12.2.0/../../../../riscv-wch-elf/lib/rv32imc_zba_zbb_zbc_zbs_xw/ilp32\libm_nano.a
LOAD c:/mounriver/mounriver_studio2/resources/app/resources/win32/components/wch/toolchain/risc-v embedded gcc12/bin/../lib/gcc/riscv-wch-elf/12.2.0/rv32imc_zba_zbb_zbc_zbs_xw/ilp32\libgcc.a
LOAD c:/mounriver/mounriver_studio2/resources/app/resources/win32/components/wch/toolchain/risc-v embedded gcc12/bin/../lib/gcc/riscv-wch-elf/12.2.0/../../../../riscv-wch-elf/lib/rv32imc_zba_zbb_zbc_zbs_xw/ilp32\libg_nano.a
LOAD c:/mounriver/mounriver_studio2/resources/app/resources/win32/components/wch/toolchain/risc-v embedded gcc12/bin/../lib/gcc/riscv-wch-elf/12.2.0/../../../../riscv-wch-elf/lib/rv32imc_zba_zbb_zbc_zbs_xw/ilp32\libc_nano.a
LOAD c:/mounriver/mounriver_studio2/resources/app/resources/win32/components/wch/toolchain/risc-v embedded gcc12/bin/../lib/gcc/riscv-wch-elf/12.2.0/rv32imc_zba_zbb_zbc_zbs_xw/ilp32\libgcc.a
START GROUP
LOAD c:/mounriver/mounriver_studio2/resources/app/resources/win32/components/wch/toolchain/risc-v embedded gcc12/bin/../lib/gcc/riscv-wch-elf/12.2.0/rv32imc_zba_zbb_zbc_zbs_xw/ilp32\libgcc.a
LOAD c:/mounriver/mounriver_studio2/resources/app/resources/win32/components/wch/toolchain/risc-v embedded gcc12/bin/../lib/gcc/riscv-wch-elf/12.2.0/../../../../riscv-wch-elf/lib/rv32imc_zba_zbb_zbc_zbs_xw/ilp32\libc_nano.a
LOAD c:/mounriver/mounriver_studio2/resources/app/resources/win32/components/wch/toolchain/risc-v embedded gcc12/bin/../lib/gcc/riscv-wch-elf/12.2.0/../../../../riscv-wch-elf/lib/rv32imc_zba_zbb_zbc_zbs_xw/ilp32\libnosys.a
END GROUP
START GROUP
LOAD c:/mounriver/mounriver_studio2/resources/app/resources/win32/components/wch/toolchain/risc-v embedded gcc12/bin/../lib/gcc/riscv-wch-elf/12.2.0/rv32imc_zba_zbb_zbc_zbs_xw/ilp32\libgcc.a
LOAD c:/mounriver/mounriver_studio2/resources/app/resources/win32/components/wch/toolchain/risc-v embedded gcc12/bin/../lib/gcc/riscv-wch-elf/12.2.0/../../../../riscv-wch-elf/lib/rv32imc_zba_zbb_zbc_zbs_xw/ilp32\libc_nano.a
LOAD c:/mounriver/mounriver_studio2/resources/app/resources/win32/components/wch/toolchain/risc-v embedded gcc12/bin/../lib/gcc/riscv-wch-elf/12.2.0/../../../../riscv-wch-elf/lib/rv32imc_zba_zbb_zbc_zbs_xw/ilp32\libnosys.a
END GROUP

.init           0x0000000000000000        0x4
                0x0000000000000000                _sinit = .
                0x0000000000000000                . = ALIGN (0x4)
 *(SORT_NONE(.init))
 .init          0x0000000000000000        0x4 ./Startup/startup_CH572.o
                0x0000000000000000                _start
                0x0000000000000004                . = ALIGN (0x4)
                0x0000000000000004                _einit = .

.highcode_initlalign
                0x0000000000000004        0x0
                0x0000000000000004                . = ALIGN (0x4)
                [!provide]                        PROVIDE (_highcode_init_lma = .)

.highcodelalign
                0x0000000000000004        0x0
                0x0000000000000004                . = ALIGN (0x4)
                0x0000000000000004                PROVIDE (_highcode_lma = .)

.highcode       0x0000000020000000      0x818 load address 0x0000000000000004
                0x0000000020000000                . = ALIGN (0x4)
                0x0000000020000000                PROVIDE (_highcode_vma_start = .)
                0x0000000020000000                . = ALIGN (0x400)
 *(.vector)
 .vector        0x0000000020000000       0x90 ./Startup/startup_CH572.o
                0x0000000020000000                _vector_base
 *(.highcode)
 *(.highcode.*)
 .highcode.StartFSK
                0x0000000020000090       0xea ./src/Main.o
 .highcode.TMR_IRQHandler
                0x000000002000017a       0x92 ./src/Main.o
                0x000000002000017a                TMR_IRQHandler
 .highcode.SetSysClock
                0x000000002000020c      0x250 ./StdPeriphDriver/CH57x_sys.o
                0x000000002000020c                SetSysClock
 .highcode.HardFault_Handler
                0x000000002000045c       0x84 ./StdPeriphDriver/CH57x_sys.o
                0x000000002000045c                HardFault_Handler
 .highcode.NMI_Handler
                0x00000000200004e0        0x2 ./StdPeriphDriver/CH57x_sys.o
                0x00000000200004e0                NMI_Handler
 .highcode.mDelayuS
                0x00000000200004e2        0x8 ./StdPeriphDriver/CH57x_sys.o
                0x00000000200004e2                mDelayuS
 .highcode.mDelaymS
                0x00000000200004ea       0x1e ./StdPeriphDriver/CH57x_sys.o
                0x00000000200004ea                mDelaymS
 .highcode.FLASH_ROM_BEG_FF
                0x0000000020000508       0x34 c:\Users\seanw\Downloads\CH570D-Backscatter-V3\CH570D-Backscatter-V3\StdPeriphDriver\libISP572.a(ISP572.o)
                0x0000000020000508                FLASH_ROM_BEG_FF
 .highcode.FLASH_ROM_BEG
                0x000000002000053c       0x14 c:\Users\seanw\Downloads\CH570D-Backscatter-V3\CH570D-Backscatter-V3\StdPeriphDriver\libISP572.a(ISP572.o)
                0x000000002000053c                FLASH_ROM_BEG
 .highcode.FLASH_ROM_END
                0x0000000020000550        0xe c:\Users\seanw\Downloads\CH570D-Backscatter-V3\CH570D-Backscatter-V3\StdPeriphDriver\libISP572.a(ISP572.o)
                0x0000000020000550                FLASH_ROM_END
 .highcode.FLASH_ROM_IN
                0x000000002000055e        0xe c:\Users\seanw\Downloads\CH570D-Backscatter-V3\CH570D-Backscatter-V3\StdPeriphDriver\libISP572.a(ISP572.o)
                0x000000002000055e                FLASH_ROM_IN
 .highcode.FLASH_ROM_OUT
                0x000000002000056c        0xe c:\Users\seanw\Downloads\CH570D-Backscatter-V3\CH570D-Backscatter-V3\StdPeriphDriver\libISP572.a(ISP572.o)
                0x000000002000056c                FLASH_ROM_OUT
 .highcode.FLASH_ROM_ADDR
                0x000000002000057a       0x48 c:\Users\seanw\Downloads\CH570D-Backscatter-V3\CH570D-Backscatter-V3\StdPeriphDriver\libISP572.a(ISP572.o)
                0x000000002000057a                FLASH_ROM_ADDR
 .highcode.FLASH_ROM_WAIT
                0x00000000200005c2       0x38 c:\Users\seanw\Downloads\CH570D-Backscatter-V3\CH570D-Backscatter-V3\StdPeriphDriver\libISP572.a(ISP572.o)
                0x00000000200005c2                FLASH_ROM_WAIT
 .highcode.FLASH_START
                0x00000000200005fa       0x36 c:\Users\seanw\Downloads\CH570D-Backscatter-V3\CH570D-Backscatter-V3\StdPeriphDriver\libISP572.a(ISP572.o)
                0x00000000200005fa                FLASH_START
 .highcode.FLASH_CMD_ROM_WRITE
                0x0000000020000630       0x60 c:\Users\seanw\Downloads\CH570D-Backscatter-V3\CH570D-Backscatter-V3\StdPeriphDriver\libISP572.a(ISP572.o)
                0x0000000020000630                FLASH_CMD_ROM_WRITE
 .highcode.FLASH_CMD_ROM_ERASE
                0x0000000020000690       0x72 c:\Users\seanw\Downloads\CH570D-Backscatter-V3\CH570D-Backscatter-V3\StdPeriphDriver\libISP572.a(ISP572.o)
                0x0000000020000690                FLASH_CMD_ROM_ERASE
 .highcode.FLASH_CMD_ROM_VERIFY
                0x0000000020000702       0x50 c:\Users\seanw\Downloads\CH570D-Backscatter-V3\CH570D-Backscatter-V3\StdPeriphDriver\libISP572.a(ISP572.o)
                0x0000000020000702                FLASH_CMD_ROM_VERIFY
 .highcode.FLASH_CMD_ROM_PWR
                0x0000000020000752       0x12 c:\Users\seanw\Downloads\CH570D-Backscatter-V3\CH570D-Backscatter-V3\StdPeriphDriver\libISP572.a(ISP572.o)
                0x0000000020000752                FLASH_CMD_ROM_PWR
 .highcode.FLASH_CMD_GET_ROM_INFO
                0x0000000020000764       0x5a c:\Users\seanw\Downloads\CH570D-Backscatter-V3\CH570D-Backscatter-V3\StdPeriphDriver\libISP572.a(ISP572.o)
                0x0000000020000764                FLASH_CMD_GET_ROM_INFO
 .highcode.FLASH_CMD_GET_UNIQUE_ID
                0x00000000200007be       0x3e c:\Users\seanw\Downloads\CH570D-Backscatter-V3\CH570D-Backscatter-V3\StdPeriphDriver\libISP572.a(ISP572.o)
                0x00000000200007be                FLASH_CMD_GET_UNIQUE_ID
 .highcode.FLASH_CMD_ROM_SW_RESET
                0x00000000200007fc       0x1a c:\Users\seanw\Downloads\CH570D-Backscatter-V3\CH570D-Backscatter-V3\StdPeriphDriver\libISP572.a(ISP572.o)
                0x00000000200007fc                FLASH_CMD_ROM_SW_RESET
                0x0000000020000818                . = ALIGN (0x4)
 *fill*         0x0000000020000816        0x2 
                0x0000000020000818                PROVIDE (_highcode_vma_end = .)

.text           0x000000000000081c     0x1b70
                0x000000000000081c                . = ALIGN (0x4)
 *(SORT_NONE(.handle_reset))
 .handle_reset  0x000000000000081c       0xb2 ./Startup/startup_CH572.o
                0x000000000000081c                handle_reset
 *(.text)
 .text          0x00000000000008ce       0x16 c:/mounriver/mounriver_studio2/resources/app/resources/win32/components/wch/toolchain/risc-v embedded gcc12/bin/../lib/gcc/riscv-wch-elf/12.2.0/../../../../riscv-wch-elf/lib/rv32imc_zba_zbb_zbc_zbs_xw/ilp32\libg_nano.a(lib_a-memcpy-asm.o)
                0x00000000000008ce                memcpy
 .text          0x00000000000008e4       0x10 c:/mounriver/mounriver_studio2/resources/app/resources/win32/components/wch/toolchain/risc-v embedded gcc12/bin/../lib/gcc/riscv-wch-elf/12.2.0/../../../../riscv-wch-elf/lib/rv32imc_zba_zbb_zbc_zbs_xw/ilp32\libg_nano.a(lib_a-memset.o)
                0x00000000000008e4                memset
 *(.text.*)
 .text.BuildPacket
                0x00000000000008f4       0x58 ./src/Main.o
 .text.startup.main
                0x000000000000094c      0x17e ./src/Main.o
                0x000000000000094c                main
 .text.packet_hdr_template
                0x0000000000000aca        0xa ./src/packet_gen.o
                0x0000000000000aca                packet_hdr_template
 .text.add_header
                0x0000000000000ad4       0x22 ./src/packet_gen.o
                0x0000000000000ad4                add_header
 .text.print_uint8_array_hex
                0x0000000000000af6       0x34 ./src/utility.o
                0x0000000000000af6                print_uint8_array_hex
 .text.HSECFG_Capacitance
                0x0000000000000b2a       0x50 ./StdPeriphDriver/CH57x_clk.o
                0x0000000000000b2a                HSECFG_Capacitance
 .text.GPIOA_ModeCfg
                0x0000000000000b7a       0x82 ./StdPeriphDriver/CH57x_gpio.o
                0x0000000000000b7a                GPIOA_ModeCfg
 .text.GetSysClock
                0x0000000000000bfc       0x5a ./StdPeriphDriver/CH57x_sys.o
                0x0000000000000bfc                GetSysClock
 .text._write   0x0000000000000c56       0x26 ./StdPeriphDriver/CH57x_sys.o
                0x0000000000000c56                _write
 .text._sbrk    0x0000000000000c7c       0x28 ./StdPeriphDriver/CH57x_sys.o
                0x0000000000000c7c                _sbrk
 .text.UART_BaudRateCfg
                0x0000000000000ca4       0x30 ./StdPeriphDriver/CH57x_uart.o
                0x0000000000000ca4                UART_BaudRateCfg
 .text.UART_DefInit
                0x0000000000000cd4       0x32 ./StdPeriphDriver/CH57x_uart.o
                0x0000000000000cd4                UART_DefInit
 .text.UART_Remap
                0x0000000000000d06       0x28 ./StdPeriphDriver/CH57x_uart.o
                0x0000000000000d06                UART_Remap
 .text.FLASH_EEPROM_CMD
                0x0000000000000d2e      0x12a c:\Users\seanw\Downloads\CH570D-Backscatter-V3\CH570D-Backscatter-V3\StdPeriphDriver\libISP572.a(ISP572.o)
                0x0000000000000d2e                FLASH_EEPROM_CMD
 .text.printf   0x0000000000000e58       0x3e c:/mounriver/mounriver_studio2/resources/app/resources/win32/components/wch/toolchain/risc-v embedded gcc12/bin/../lib/gcc/riscv-wch-elf/12.2.0/../../../../riscv-wch-elf/lib/rv32imc_zba_zbb_zbc_zbs_xw/ilp32\libg_nano.a(lib_a-printf.o)
                0x0000000000000e58                iprintf
                0x0000000000000e58                printf
 .text.putchar  0x0000000000000e96       0x2a c:/mounriver/mounriver_studio2/resources/app/resources/win32/components/wch/toolchain/risc-v embedded gcc12/bin/../lib/gcc/riscv-wch-elf/12.2.0/../../../../riscv-wch-elf/lib/rv32imc_zba_zbb_zbc_zbs_xw/ilp32\libg_nano.a(lib_a-putchar.o)
                0x0000000000000e96                putchar
 .text._putc_r  0x0000000000000ec0       0xb6 c:/mounriver/mounriver_studio2/resources/app/resources/win32/components/wch/toolchain/risc-v embedded gcc12/bin/../lib/gcc/riscv-wch-elf/12.2.0/../../../../riscv-wch-elf/lib/rv32imc_zba_zbb_zbc_zbs_xw/ilp32\libg_nano.a(lib_a-putc.o)
                0x0000000000000ec0                _putc_r
 .text._puts_r  0x0000000000000f76      0x104 c:/mounriver/mounriver_studio2/resources/app/resources/win32/components/wch/toolchain/risc-v embedded gcc12/bin/../lib/gcc/riscv-wch-elf/12.2.0/../../../../riscv-wch-elf/lib/rv32imc_zba_zbb_zbc_zbs_xw/ilp32\libg_nano.a(lib_a-puts.o)
                0x0000000000000f76                _puts_r
 .text.puts     0x000000000000107a        0xc c:/mounriver/mounriver_studio2/resources/app/resources/win32/components/wch/toolchain/risc-v embedded gcc12/bin/../lib/gcc/riscv-wch-elf/12.2.0/../../../../riscv-wch-elf/lib/rv32imc_zba_zbb_zbc_zbs_xw/ilp32\libg_nano.a(lib_a-puts.o)
                0x000000000000107a                puts
 .text.__swbuf_r
                0x0000000000001086       0xbc c:/mounriver/mounriver_studio2/resources/app/resources/win32/components/wch/toolchain/risc-v embedded gcc12/bin/../lib/gcc/riscv-wch-elf/12.2.0/../../../../riscv-wch-elf/lib/rv32imc_zba_zbb_zbc_zbs_xw/ilp32\libg_nano.a(lib_a-wbuf.o)
                0x0000000000001086                __swbuf_r
 .text.__swsetup_r
                0x0000000000001142       0xf2 c:/mounriver/mounriver_studio2/resources/app/resources/win32/components/wch/toolchain/risc-v embedded gcc12/bin/../lib/gcc/riscv-wch-elf/12.2.0/../../../../riscv-wch-elf/lib/rv32imc_zba_zbb_zbc_zbs_xw/ilp32\libg_nano.a(lib_a-wsetup.o)
                0x0000000000001142                __swsetup_r
 .text.__sflush_r
                0x0000000000001234      0x132 c:/mounriver/mounriver_studio2/resources/app/resources/win32/components/wch/toolchain/risc-v embedded gcc12/bin/../lib/gcc/riscv-wch-elf/12.2.0/../../../../riscv-wch-elf/lib/rv32imc_zba_zbb_zbc_zbs_xw/ilp32\libg_nano.a(lib_a-fflush.o)
                0x0000000000001234                __sflush_r
 .text._fflush_r
                0x0000000000001366       0x86 c:/mounriver/mounriver_studio2/resources/app/resources/win32/components/wch/toolchain/risc-v embedded gcc12/bin/../lib/gcc/riscv-wch-elf/12.2.0/../../../../riscv-wch-elf/lib/rv32imc_zba_zbb_zbc_zbs_xw/ilp32\libg_nano.a(lib_a-fflush.o)
                0x0000000000001366                _fflush_r
 .text.std      0x00000000000013ec       0x66 c:/mounriver/mounriver_studio2/resources/app/resources/win32/components/wch/toolchain/risc-v embedded gcc12/bin/../lib/gcc/riscv-wch-elf/12.2.0/../../../../riscv-wch-elf/lib/rv32imc_zba_zbb_zbc_zbs_xw/ilp32\libg_nano.a(lib_a-findfp.o)
 .text._cleanup_r
                0x0000000000001452        0xa c:/mounriver/mounriver_studio2/resources/app/resources/win32/components/wch/toolchain/risc-v embedded gcc12/bin/../lib/gcc/riscv-wch-elf/12.2.0/../../../../riscv-wch-elf/lib/rv32imc_zba_zbb_zbc_zbs_xw/ilp32\libg_nano.a(lib_a-findfp.o)
                0x0000000000001452                _cleanup_r
 .text.__sfmoreglue
                0x000000000000145c       0x46 c:/mounriver/mounriver_studio2/resources/app/resources/win32/components/wch/toolchain/risc-v embedded gcc12/bin/../lib/gcc/riscv-wch-elf/12.2.0/../../../../riscv-wch-elf/lib/rv32imc_zba_zbb_zbc_zbs_xw/ilp32\libg_nano.a(lib_a-findfp.o)
                0x000000000000145c                __sfmoreglue
 .text.__sfp_lock_acquire
                0x00000000000014a2        0x6 c:/mounriver/mounriver_studio2/resources/app/resources/win32/components/wch/toolchain/risc-v embedded gcc12/bin/../lib/gcc/riscv-wch-elf/12.2.0/../../../../riscv-wch-elf/lib/rv32imc_zba_zbb_zbc_zbs_xw/ilp32\libg_nano.a(lib_a-findfp.o)
                0x00000000000014a2                __sfp_lock_acquire
 .text.__sfp_lock_release
                0x00000000000014a8        0x6 c:/mounriver/mounriver_studio2/resources/app/resources/win32/components/wch/toolchain/risc-v embedded gcc12/bin/../lib/gcc/riscv-wch-elf/12.2.0/../../../../riscv-wch-elf/lib/rv32imc_zba_zbb_zbc_zbs_xw/ilp32\libg_nano.a(lib_a-findfp.o)
                0x00000000000014a8                __sfp_lock_release
 .text.__sinit_lock_acquire
                0x00000000000014ae        0x6 c:/mounriver/mounriver_studio2/resources/app/resources/win32/components/wch/toolchain/risc-v embedded gcc12/bin/../lib/gcc/riscv-wch-elf/12.2.0/../../../../riscv-wch-elf/lib/rv32imc_zba_zbb_zbc_zbs_xw/ilp32\libg_nano.a(lib_a-findfp.o)
                0x00000000000014ae                __sinit_lock_acquire
 .text.__sinit_lock_release
                0x00000000000014b4        0x6 c:/mounriver/mounriver_studio2/resources/app/resources/win32/components/wch/toolchain/risc-v embedded gcc12/bin/../lib/gcc/riscv-wch-elf/12.2.0/../../../../riscv-wch-elf/lib/rv32imc_zba_zbb_zbc_zbs_xw/ilp32\libg_nano.a(lib_a-findfp.o)
                0x00000000000014b4                __sinit_lock_release
 .text.__sinit  0x00000000000014ba       0x68 c:/mounriver/mounriver_studio2/resources/app/resources/win32/components/wch/toolchain/risc-v embedded gcc12/bin/../lib/gcc/riscv-wch-elf/12.2.0/../../../../riscv-wch-elf/lib/rv32imc_zba_zbb_zbc_zbs_xw/ilp32\libg_nano.a(lib_a-findfp.o)
                0x00000000000014ba                __sinit
 .text.__sfp    0x0000000000001522       0xa6 c:/mounriver/mounriver_studio2/resources/app/resources/win32/components/wch/toolchain/risc-v embedded gcc12/bin/../lib/gcc/riscv-wch-elf/12.2.0/../../../../riscv-wch-elf/lib/rv32imc_zba_zbb_zbc_zbs_xw/ilp32\libg_nano.a(lib_a-findfp.o)
                0x0000000000001522                __sfp
 .text._fwalk_reent
                0x00000000000015c8       0x68 c:/mounriver/mounriver_studio2/resources/app/resources/win32/components/wch/toolchain/risc-v embedded gcc12/bin/../lib/gcc/riscv-wch-elf/12.2.0/../../../../riscv-wch-elf/lib/rv32imc_zba_zbb_zbc_zbs_xw/ilp32\libg_nano.a(lib_a-fwalk.o)
                0x00000000000015c8                _fwalk_reent
 .text.__retarget_lock_init_recursive
                0x0000000000001630        0x2 c:/mounriver/mounriver_studio2/resources/app/resources/win32/components/wch/toolchain/risc-v embedded gcc12/bin/../lib/gcc/riscv-wch-elf/12.2.0/../../../../riscv-wch-elf/lib/rv32imc_zba_zbb_zbc_zbs_xw/ilp32\libg_nano.a(lib_a-lock.o)
                0x0000000000001630                __retarget_lock_init_recursive
 .text.__retarget_lock_acquire_recursive
                0x0000000000001632        0x2 c:/mounriver/mounriver_studio2/resources/app/resources/win32/components/wch/toolchain/risc-v embedded gcc12/bin/../lib/gcc/riscv-wch-elf/12.2.0/../../../../riscv-wch-elf/lib/rv32imc_zba_zbb_zbc_zbs_xw/ilp32\libg_nano.a(lib_a-lock.o)
                0x0000000000001632                __retarget_lock_acquire_recursive
 .text.__retarget_lock_release_recursive
                0x0000000000001634        0x2 c:/mounriver/mounriver_studio2/resources/app/resources/win32/components/wch/toolchain/risc-v embedded gcc12/bin/../lib/gcc/riscv-wch-elf/12.2.0/../../../../riscv-wch-elf/lib/rv32imc_zba_zbb_zbc_zbs_xw/ilp32\libg_nano.a(lib_a-lock.o)
                0x0000000000001634                __retarget_lock_release_recursive
 .text.__swhatbuf_r
                0x0000000000001636       0x58 c:/mounriver/mounriver_studio2/resources/app/resources/win32/components/wch/toolchain/risc-v embedded gcc12/bin/../lib/gcc/riscv-wch-elf/12.2.0/../../../../riscv-wch-elf/lib/rv32imc_zba_zbb_zbc_zbs_xw/ilp32\libg_nano.a(lib_a-makebuf.o)
                0x0000000000001636                __swhatbuf_r
 .text.__smakebuf_r
                0x000000000000168e       0x92 c:/mounriver/mounriver_studio2/resources/app/resources/win32/components/wch/toolchain/risc-v embedded gcc12/bin/../lib/gcc/riscv-wch-elf/12.2.0/../../../../riscv-wch-elf/lib/rv32imc_zba_zbb_zbc_zbs_xw/ilp32\libg_nano.a(lib_a-makebuf.o)
                0x000000000000168e                __smakebuf_r
 .text._free_r  0x0000000000001720       0x9e c:/mounriver/mounriver_studio2/resources/app/resources/win32/components/wch/toolchain/risc-v embedded gcc12/bin/../lib/gcc/riscv-wch-elf/12.2.0/../../../../riscv-wch-elf/lib/rv32imc_zba_zbb_zbc_zbs_xw/ilp32\libg_nano.a(lib_a-nano-freer.o)
                0x0000000000001720                _free_r
 .text.sbrk_aligned
                0x00000000000017be       0x54 c:/mounriver/mounriver_studio2/resources/app/resources/win32/components/wch/toolchain/risc-v embedded gcc12/bin/../lib/gcc/riscv-wch-elf/12.2.0/../../../../riscv-wch-elf/lib/rv32imc_zba_zbb_zbc_zbs_xw/ilp32\libg_nano.a(lib_a-nano-mallocr.o)
 .text._malloc_r
                0x0000000000001812      0x102 c:/mounriver/mounriver_studio2/resources/app/resources/win32/components/wch/toolchain/risc-v embedded gcc12/bin/../lib/gcc/riscv-wch-elf/12.2.0/../../../../riscv-wch-elf/lib/rv32imc_zba_zbb_zbc_zbs_xw/ilp32\libg_nano.a(lib_a-nano-mallocr.o)
                0x0000000000001812                _malloc_r
 .text.__sfputc_r
                0x0000000000001914       0x28 c:/mounriver/mounriver_studio2/resources/app/resources/win32/components/wch/toolchain/risc-v embedded gcc12/bin/../lib/gcc/riscv-wch-elf/12.2.0/../../../../riscv-wch-elf/lib/rv32imc_zba_zbb_zbc_zbs_xw/ilp32\libg_nano.a(lib_a-nano-vfprintf.o)
 .text.__sfputs_r
                0x000000000000193c       0x40 c:/mounriver/mounriver_studio2/resources/app/resources/win32/components/wch/toolchain/risc-v embedded gcc12/bin/../lib/gcc/riscv-wch-elf/12.2.0/../../../../riscv-wch-elf/lib/rv32imc_zba_zbb_zbc_zbs_xw/ilp32\libg_nano.a(lib_a-nano-vfprintf.o)
                0x000000000000193c                __sfputs_r
 .text._vfprintf_r
                0x000000000000197c      0x2ae c:/mounriver/mounriver_studio2/resources/app/resources/win32/components/wch/toolchain/risc-v embedded gcc12/bin/../lib/gcc/riscv-wch-elf/12.2.0/../../../../riscv-wch-elf/lib/rv32imc_zba_zbb_zbc_zbs_xw/ilp32\libg_nano.a(lib_a-nano-vfprintf.o)
                0x000000000000197c                _vfprintf_r
                0x000000000000197c                _vfiprintf_r
 .text._sbrk_r  0x0000000000001c2a       0x28 c:/mounriver/mounriver_studio2/resources/app/resources/win32/components/wch/toolchain/risc-v embedded gcc12/bin/../lib/gcc/riscv-wch-elf/12.2.0/../../../../riscv-wch-elf/lib/rv32imc_zba_zbb_zbc_zbs_xw/ilp32\libg_nano.a(lib_a-sbrkr.o)
                0x0000000000001c2a                _sbrk_r
 .text.__sread  0x0000000000001c52       0x2a c:/mounriver/mounriver_studio2/resources/app/resources/win32/components/wch/toolchain/risc-v embedded gcc12/bin/../lib/gcc/riscv-wch-elf/12.2.0/../../../../riscv-wch-elf/lib/rv32imc_zba_zbb_zbc_zbs_xw/ilp32\libg_nano.a(lib_a-stdio.o)
                0x0000000000001c52                __sread
 .text.__swrite
                0x0000000000001c7c       0x46 c:/mounriver/mounriver_studio2/resources/app/resources/win32/components/wch/toolchain/risc-v embedded gcc12/bin/../lib/gcc/riscv-wch-elf/12.2.0/../../../../riscv-wch-elf/lib/rv32imc_zba_zbb_zbc_zbs_xw/ilp32\libg_nano.a(lib_a-stdio.o)
                0x0000000000001c7c                __swrite
 .text.__sseek  0x0000000000001cc2       0x2e c:/mounriver/mounriver_studio2/resources/app/resources/win32/components/wch/toolchain/risc-v embedded gcc12/bin/../lib/gcc/riscv-wch-elf/12.2.0/../../../../riscv-wch-elf/lib/rv32imc_zba_zbb_zbc_zbs_xw/ilp32\libg_nano.a(lib_a-stdio.o)
                0x0000000000001cc2                __sseek
 .text.__sclose
                0x0000000000001cf0        0x6 c:/mounriver/mounriver_studio2/resources/app/resources/win32/components/wch/toolchain/risc-v embedded gcc12/bin/../lib/gcc/riscv-wch-elf/12.2.0/../../../../riscv-wch-elf/lib/rv32imc_zba_zbb_zbc_zbs_xw/ilp32\libg_nano.a(lib_a-stdio.o)
                0x0000000000001cf0                __sclose
 .text._write_r
                0x0000000000001cf6       0x2c c:/mounriver/mounriver_studio2/resources/app/resources/win32/components/wch/toolchain/risc-v embedded gcc12/bin/../lib/gcc/riscv-wch-elf/12.2.0/../../../../riscv-wch-elf/lib/rv32imc_zba_zbb_zbc_zbs_xw/ilp32\libg_nano.a(lib_a-writer.o)
                0x0000000000001cf6                _write_r
 .text._close_r
                0x0000000000001d22       0x26 c:/mounriver/mounriver_studio2/resources/app/resources/win32/components/wch/toolchain/risc-v embedded gcc12/bin/../lib/gcc/riscv-wch-elf/12.2.0/../../../../riscv-wch-elf/lib/rv32imc_zba_zbb_zbc_zbs_xw/ilp32\libg_nano.a(lib_a-closer.o)
                0x0000000000001d22                _close_r
 .text._fstat_r
                0x0000000000001d48       0x28 c:/mounriver/mounriver_studio2/resources/app/resources/win32/components/wch/toolchain/risc-v embedded gcc12/bin/../lib/gcc/riscv-wch-elf/12.2.0/../../../../riscv-wch-elf/lib/rv32imc_zba_zbb_zbc_zbs_xw/ilp32\libg_nano.a(lib_a-fstatr.o)
                0x0000000000001d48                _fstat_r
 .text._isatty_r
                0x0000000000001d70       0x26 c:/mounriver/mounriver_studio2/resources/app/resources/win32/components/wch/toolchain/risc-v embedded gcc12/bin/../lib/gcc/riscv-wch-elf/12.2.0/../../../../riscv-wch-elf/lib/rv32imc_zba_zbb_zbc_zbs_xw/ilp32\libg_nano.a(lib_a-isattyr.o)
                0x0000000000001d70                _isatty_r
 .text._lseek_r
                0x0000000000001d96       0x2a c:/mounriver/mounriver_studio2/resources/app/resources/win32/components/wch/toolchain/risc-v embedded gcc12/bin/../lib/gcc/riscv-wch-elf/12.2.0/../../../../riscv-wch-elf/lib/rv32imc_zba_zbb_zbc_zbs_xw/ilp32\libg_nano.a(lib_a-lseekr.o)
                0x0000000000001d96                _lseek_r
 .text.memchr   0x0000000000001dc0       0x18 c:/mounriver/mounriver_studio2/resources/app/resources/win32/components/wch/toolchain/risc-v embedded gcc12/bin/../lib/gcc/riscv-wch-elf/12.2.0/../../../../riscv-wch-elf/lib/rv32imc_zba_zbb_zbc_zbs_xw/ilp32\libg_nano.a(lib_a-memchr.o)
                0x0000000000001dc0                memchr
 .text.__malloc_lock
                0x0000000000001dd8        0x8 c:/mounriver/mounriver_studio2/resources/app/resources/win32/components/wch/toolchain/risc-v embedded gcc12/bin/../lib/gcc/riscv-wch-elf/12.2.0/../../../../riscv-wch-elf/lib/rv32imc_zba_zbb_zbc_zbs_xw/ilp32\libg_nano.a(lib_a-mlock.o)
                0x0000000000001dd8                __malloc_lock
 .text.__malloc_unlock
                0x0000000000001de0        0x8 c:/mounriver/mounriver_studio2/resources/app/resources/win32/components/wch/toolchain/risc-v embedded gcc12/bin/../lib/gcc/riscv-wch-elf/12.2.0/../../../../riscv-wch-elf/lib/rv32imc_zba_zbb_zbc_zbs_xw/ilp32\libg_nano.a(lib_a-mlock.o)
                0x0000000000001de0                __malloc_unlock
 .text._printf_common
                0x0000000000001de8      0x10a c:/mounriver/mounriver_studio2/resources/app/resources/win32/components/wch/toolchain/risc-v embedded gcc12/bin/../lib/gcc/riscv-wch-elf/12.2.0/../../../../riscv-wch-elf/lib/rv32imc_zba_zbb_zbc_zbs_xw/ilp32\libg_nano.a(lib_a-nano-vfprintf_i.o)
                0x0000000000001de8                _printf_common
 .text._printf_i
                0x0000000000001ef2      0x278 c:/mounriver/mounriver_studio2/resources/app/resources/win32/components/wch/toolchain/risc-v embedded gcc12/bin/../lib/gcc/riscv-wch-elf/12.2.0/../../../../riscv-wch-elf/lib/rv32imc_zba_zbb_zbc_zbs_xw/ilp32\libg_nano.a(lib_a-nano-vfprintf_i.o)
                0x0000000000001ef2                _printf_i
 .text._read_r  0x000000000000216a       0x2a c:/mounriver/mounriver_studio2/resources/app/resources/win32/components/wch/toolchain/risc-v embedded gcc12/bin/../lib/gcc/riscv-wch-elf/12.2.0/../../../../riscv-wch-elf/lib/rv32imc_zba_zbb_zbc_zbs_xw/ilp32\libg_nano.a(lib_a-readr.o)
                0x000000000000216a                _read_r
 .text._close   0x0000000000002194        0xc c:/mounriver/mounriver_studio2/resources/app/resources/win32/components/wch/toolchain/risc-v embedded gcc12/bin/../lib/gcc/riscv-wch-elf/12.2.0/../../../../riscv-wch-elf/lib/rv32imc_zba_zbb_zbc_zbs_xw/ilp32\libnosys.a(close.o)
                0x0000000000002194                _close
 .text._fstat   0x00000000000021a0        0xc c:/mounriver/mounriver_studio2/resources/app/resources/win32/components/wch/toolchain/risc-v embedded gcc12/bin/../lib/gcc/riscv-wch-elf/12.2.0/../../../../riscv-wch-elf/lib/rv32imc_zba_zbb_zbc_zbs_xw/ilp32\libnosys.a(fstat.o)
                0x00000000000021a0                _fstat
 .text._isatty  0x00000000000021ac        0xc c:/mounriver/mounriver_studio2/resources/app/resources/win32/components/wch/toolchain/risc-v embedded gcc12/bin/../lib/gcc/riscv-wch-elf/12.2.0/../../../../riscv-wch-elf/lib/rv32imc_zba_zbb_zbc_zbs_xw/ilp32\libnosys.a(isatty.o)
                0x00000000000021ac                _isatty
 .text._lseek   0x00000000000021b8        0xc c:/mounriver/mounriver_studio2/resources/app/resources/win32/components/wch/toolchain/risc-v embedded gcc12/bin/../lib/gcc/riscv-wch-elf/12.2.0/../../../../riscv-wch-elf/lib/rv32imc_zba_zbb_zbc_zbs_xw/ilp32\libnosys.a(lseek.o)
                0x00000000000021b8                _lseek
 .text._read    0x00000000000021c4        0xc c:/mounriver/mounriver_studio2/resources/app/resources/win32/components/wch/toolchain/risc-v embedded gcc12/bin/../lib/gcc/riscv-wch-elf/12.2.0/../../../../riscv-wch-elf/lib/rv32imc_zba_zbb_zbc_zbs_xw/ilp32\libnosys.a(read.o)
                0x00000000000021c4                _read
 *(.rodata)
 *(.rodata*)
 .rodata.main.str1.4
                0x00000000000021d0       0xac ./src/Main.o
 .rodata.print_uint8_array_hex.str1.4
                0x000000000000227c        0x6 ./src/utility.o
 *fill*         0x0000000000002282        0x2 
 .rodata.GPIOA_ModeCfg
                0x0000000000002284       0x14 ./StdPeriphDriver/CH57x_gpio.o
 .rodata.__sf_fake_stderr
                0x0000000000002298       0x20 c:/mounriver/mounriver_studio2/resources/app/resources/win32/components/wch/toolchain/risc-v embedded gcc12/bin/../lib/gcc/riscv-wch-elf/12.2.0/../../../../riscv-wch-elf/lib/rv32imc_zba_zbb_zbc_zbs_xw/ilp32\libg_nano.a(lib_a-findfp.o)
                0x0000000000002298                __sf_fake_stderr
 .rodata.__sf_fake_stdout
                0x00000000000022b8       0x20 c:/mounriver/mounriver_studio2/resources/app/resources/win32/components/wch/toolchain/risc-v embedded gcc12/bin/../lib/gcc/riscv-wch-elf/12.2.0/../../../../riscv-wch-elf/lib/rv32imc_zba_zbb_zbc_zbs_xw/ilp32\libg_nano.a(lib_a-findfp.o)
                0x00000000000022b8                __sf_fake_stdout
 .rodata.__sf_fake_stdin
                0x00000000000022d8       0x20 c:/mounriver/mounriver_studio2/resources/app/resources/win32/components/wch/toolchain/risc-v embedded gcc12/bin/../lib/gcc/riscv-wch-elf/12.2.0/../../../../riscv-wch-elf/lib/rv32imc_zba_zbb_zbc_zbs_xw/ilp32\libg_nano.a(lib_a-findfp.o)
                0x00000000000022d8                __sf_fake_stdin
 .rodata._vfprintf_r.str1.4
                0x00000000000022f8       0x13 c:/mounriver/mounriver_studio2/resources/app/resources/win32/components/wch/toolchain/risc-v embedded gcc12/bin/../lib/gcc/riscv-wch-elf/12.2.0/../../../../riscv-wch-elf/lib/rv32imc_zba_zbb_zbc_zbs_xw/ilp32\libg_nano.a(lib_a-nano-vfprintf.o)
 *fill*         0x000000000000230b        0x1 
 .rodata._printf_i.str1.4
                0x000000000000230c       0x25 c:/mounriver/mounriver_studio2/resources/app/resources/win32/components/wch/toolchain/risc-v embedded gcc12/bin/../lib/gcc/riscv-wch-elf/12.2.0/../../../../riscv-wch-elf/lib/rv32imc_zba_zbb_zbc_zbs_xw/ilp32\libg_nano.a(lib_a-nano-vfprintf_i.o)
 *fill*         0x0000000000002331        0x3 
 .rodata._printf_i
                0x0000000000002334       0x58 c:/mounriver/mounriver_studio2/resources/app/resources/win32/components/wch/toolchain/risc-v embedded gcc12/bin/../lib/gcc/riscv-wch-elf/12.2.0/../../../../riscv-wch-elf/lib/rv32imc_zba_zbb_zbc_zbs_xw/ilp32\libg_nano.a(lib_a-nano-vfprintf_i.o)
 *(.sdata2.*)
 *(.glue_7)
 *(.glue_7t)
 *(.gnu.linkonce.t.*)
                0x000000000000238c                . = ALIGN (0x4)

.vector_handler
                0x000000000000238c        0x2
 .vector_handler
                0x000000000000238c        0x2 ./Startup/startup_CH572.o
                0x000000000000238c                CMP_IRQHandler
                0x000000000000238c                GPIOA_IRQHandler
                0x000000000000238c                SysTick_Handler
                0x000000000000238c                UART_IRQHandler
                0x000000000000238c                SWI_Handler
                0x000000000000238c                BB_IRQHandler
                0x000000000000238c                Break_Point_Handler
                0x000000000000238c                Ecall_M_Mode_Handler
                0x000000000000238c                RTC_IRQHandler
                0x000000000000238c                SPI_IRQHandler
                0x000000000000238c                PWMX_IRQHandler
                0x000000000000238c                KEYSCAN_IRQHandler
                0x000000000000238c                USB_IRQHandler
                0x000000000000238c                I2C_IRQHandler
                0x000000000000238c                LLE_IRQHandler
                0x000000000000238c                WDOG_BAT_IRQHandler
                0x000000000000238c                Ecall_U_Mode_Handler

.rela.dyn       0x0000000000002390        0x0
 .rela.text._sbrk
                0x0000000000002390        0x0 ./src/Main.o
 .rela.sdata.curbrk.0
                0x0000000000002390        0x0 ./src/Main.o
 .rela.init     0x0000000000002390        0x0 ./src/Main.o
 .rela.vector   0x0000000000002390        0x0 ./src/Main.o
 .rela.handle_reset
                0x0000000000002390        0x0 ./src/Main.o
 .rela.text._vfprintf_r
                0x0000000000002390        0x0 ./src/Main.o

.fini           0x000000000000238e        0x2
 *(SORT_NONE(.fini))
                0x0000000000002390                . = ALIGN (0x4)
 *fill*         0x000000000000238e        0x2 
                [!provide]                        PROVIDE (_etext = .)
                [!provide]                        PROVIDE (_eitcm = .)

.preinit_array  0x0000000000002390        0x0
                [!provide]                        PROVIDE (__preinit_array_start = .)
 *(.preinit_array)
                [!provide]                        PROVIDE (__preinit_array_end = .)

.init_array     0x0000000000002390        0x0
                [!provide]                        PROVIDE (__init_array_start = .)
 *(SORT_BY_INIT_PRIORITY(.init_array.*) SORT_BY_INIT_PRIORITY(.ctors.*))
 *(.init_array EXCLUDE_FILE(*crtend?.o *crtend.o *crtbegin?.o *crtbegin.o) .ctors)
                [!provide]                        PROVIDE (__init_array_end = .)

.fini_array     0x0000000000002390        0x0
                [!provide]                        PROVIDE (__fini_array_start = .)
 *(SORT_BY_INIT_PRIORITY(.fini_array.*) SORT_BY_INIT_PRIORITY(.dtors.*))
 *(.fini_array EXCLUDE_FILE(*crtend?.o *crtend.o *crtbegin?.o *crtbegin.o) .dtors)
                [!provide]                        PROVIDE (__fini_array_end = .)

.ctors
 *crtbegin.o(.ctors)
 *crtbegin?.o(.ctors)
 *(EXCLUDE_FILE(*crtend?.o *crtend.o) .ctors)
 *(SORT_BY_NAME(.ctors.*))
 *(.ctors)

.dtors
 *crtbegin.o(.dtors)
 *crtbegin?.o(.dtors)
 *(EXCLUDE_FILE(*crtend?.o *crtend.o) .dtors)
 *(SORT_BY_NAME(.dtors.*))
 *(.dtors)

.dlalign        0x0000000000002390        0x0
                0x0000000000002390                . = ALIGN (0x4)
                0x0000000000002390                PROVIDE (_data_lma = .)

.data           0x0000000020000818       0x7c load address 0x0000000000002390
                0x0000000020000818                . = ALIGN (0x4)
                0x0000000020000818                PROVIDE (_data_vma = .)
 *(.gnu.linkonce.r.*)
 *(.data .data.*)
 .data.packet_hdr
                0x0000000020000818        0xa ./src/packet_gen.o
 *fill*         0x0000000020000822        0x2 
 .data.impure_data
                0x0000000020000824       0x60 c:/mounriver/mounriver_studio2/resources/app/resources/win32/components/wch/toolchain/risc-v embedded gcc12/bin/../lib/gcc/riscv-wch-elf/12.2.0/../../../../riscv-wch-elf/lib/rv32imc_zba_zbb_zbc_zbs_xw/ilp32\libg_nano.a(lib_a-impure.o)
 *(.gnu.linkonce.d.*)
                0x0000000020000888                . = ALIGN (0x8)
 *fill*         0x0000000020000884        0x4 
                0x0000000020001088                PROVIDE (__global_pointer$ = (. + 0x800))
 *(.sdata .sdata.*)
 .sdata.curbrk.0
                0x0000000020000888        0x4 ./StdPeriphDriver/CH57x_sys.o
 .sdata._impure_ptr
                0x000000002000088c        0x4 c:/mounriver/mounriver_studio2/resources/app/resources/win32/components/wch/toolchain/risc-v embedded gcc12/bin/../lib/gcc/riscv-wch-elf/12.2.0/../../../../riscv-wch-elf/lib/rv32imc_zba_zbb_zbc_zbs_xw/ilp32\libg_nano.a(lib_a-impure.o)
                0x000000002000088c                _impure_ptr
 *(.gnu.linkonce.s.*)
                0x0000000020000890                . = ALIGN (0x8)
 *(.srodata.cst16)
 *(.srodata.cst8)
 *(.srodata.cst4)
 *(.srodata.cst2)
 *(.srodata .srodata.*)
 .srodata._global_impure_ptr
                0x0000000020000890        0x4 c:/mounriver/mounriver_studio2/resources/app/resources/win32/components/wch/toolchain/risc-v embedded gcc12/bin/../lib/gcc/riscv-wch-elf/12.2.0/../../../../riscv-wch-elf/lib/rv32imc_zba_zbb_zbc_zbs_xw/ilp32\libg_nano.a(lib_a-impure.o)
                0x0000000020000890                _global_impure_ptr
                0x0000000020000894                . = ALIGN (0x4)
                0x0000000020000894                PROVIDE (_edata = .)

.bss            0x0000000020000894      0x344 load address 0x000000000000240c
                0x0000000020000894                . = ALIGN (0x4)
                0x0000000020000894                PROVIDE (_sbss = .)
 *(.sbss*)
 .sbss.seq      0x0000000020000894        0x1 ./src/Main.o
 *fill*         0x0000000020000895        0x1 
 .sbss.edges_per_bit_f1
                0x0000000020000896        0x2 ./src/Main.o
 .sbss.edges_per_bit_f0
                0x0000000020000898        0x2 ./src/Main.o
 .sbss.period_f1
                0x000000002000089a        0x2 ./src/Main.o
 .sbss.period_f0
                0x000000002000089c        0x2 ./src/Main.o
 .sbss.tables_built
                0x000000002000089e        0x1 ./src/Main.o
 .sbss.tx_done  0x000000002000089f        0x1 ./src/Main.o
 .sbss.bit_index
                0x00000000200008a0        0x2 ./src/Main.o
 *fill*         0x00000000200008a2        0x2 
 .sbss.Freq_LSI
                0x00000000200008a4        0x4 ./StdPeriphDriver/CH57x_clk.o
                0x00000000200008a4                Freq_LSI
 .sbss.__lock___malloc_recursive_mutex
                0x00000000200008a8        0x1 c:/mounriver/mounriver_studio2/resources/app/resources/win32/components/wch/toolchain/risc-v embedded gcc12/bin/../lib/gcc/riscv-wch-elf/12.2.0/../../../../riscv-wch-elf/lib/rv32imc_zba_zbb_zbc_zbs_xw/ilp32\libg_nano.a(lib_a-lock.o)
                0x00000000200008a8                __lock___malloc_recursive_mutex
 *fill*         0x00000000200008a9        0x3 
 .sbss.__lock___sfp_recursive_mutex
                0x00000000200008ac        0x1 c:/mounriver/mounriver_studio2/resources/app/resources/win32/components/wch/toolchain/risc-v embedded gcc12/bin/../lib/gcc/riscv-wch-elf/12.2.0/../../../../riscv-wch-elf/lib/rv32imc_zba_zbb_zbc_zbs_xw/ilp32\libg_nano.a(lib_a-lock.o)
                0x00000000200008ac                __lock___sfp_recursive_mutex
 *fill*         0x00000000200008ad        0x3 
 .sbss.__lock___sinit_recursive_mutex
                0x00000000200008b0        0x1 c:/mounriver/mounriver_studio2/resources/app/resources/win32/components/wch/toolchain/risc-v embedded gcc12/bin/../lib/gcc/riscv-wch-elf/12.2.0/../../../../riscv-wch-elf/lib/rv32imc_zba_zbb_zbc_zbs_xw/ilp32\libg_nano.a(lib_a-lock.o)
                0x00000000200008b0                __lock___sinit_recursive_mutex
 *fill*         0x00000000200008b1        0x3 
 .sbss.__malloc_sbrk_start
                0x00000000200008b4        0x4 c:/mounriver/mounriver_studio2/resources/app/resources/win32/components/wch/toolchain/risc-v embedded gcc12/bin/../lib/gcc/riscv-wch-elf/12.2.0/../../../../riscv-wch-elf/lib/rv32imc_zba_zbb_zbc_zbs_xw/ilp32\libg_nano.a(lib_a-nano-mallocr.o)
                0x00000000200008b4                __malloc_sbrk_start
 .sbss.__malloc_free_list
                0x00000000200008b8        0x4 c:/mounriver/mounriver_studio2/resources/app/resources/win32/components/wch/toolchain/risc-v embedded gcc12/bin/../lib/gcc/riscv-wch-elf/12.2.0/../../../../riscv-wch-elf/lib/rv32imc_zba_zbb_zbc_zbs_xw/ilp32\libg_nano.a(lib_a-nano-mallocr.o)
                0x00000000200008b8                __malloc_free_list
 .sbss.errno    0x00000000200008bc        0x4 c:/mounriver/mounriver_studio2/resources/app/resources/win32/components/wch/toolchain/risc-v embedded gcc12/bin/../lib/gcc/riscv-wch-elf/12.2.0/../../../../riscv-wch-elf/lib/rv32imc_zba_zbb_zbc_zbs_xw/ilp32\libg_nano.a(lib_a-reent.o)
                0x00000000200008bc                errno
 *(.gnu.linkonce.sb.*)
 *(.bss*)
 .bss.message   0x00000000200008c0       0x18 ./src/Main.o
 .bss.bit_counts
                0x00000000200008d8      0x180 ./src/Main.o
 .bss.pwm_periods
                0x0000000020000a58      0x180 ./src/Main.o
 *(.gnu.linkonce.b.*)
 *(COMMON*)
                0x0000000020000bd8                . = ALIGN (0x4)
                0x0000000020000bd8                PROVIDE (_ebss = .)
                0x0000000020000bd8                PROVIDE (_end = _ebss)
                [!provide]                        PROVIDE (end = .)

.stack          0x0000000020003000        0x0
                0x0000000020003000                . = ALIGN (0x4)
                0x0000000020003000                PROVIDE (_eusrstack = .)
OUTPUT(CH570D-Backscatter-V3.elf elf32-littleriscv)

.debug_info     0x0000000000000000     0x2ea6
 .debug_info    0x0000000000000000      0xca9 ./src/Main.o
 .debug_info    0x0000000000000ca9      0x11f ./src/packet_gen.o
 .debug_info    0x0000000000000dc8      0x308 ./src/utility.o
 .debug_info    0x00000000000010d0      0xb10 ./StdPeriphDriver/CH57x_clk.o
 .debug_info    0x0000000000001be0      0x218 ./StdPeriphDriver/CH57x_gpio.o
 .debug_info    0x0000000000001df8      0xd4c ./StdPeriphDriver/CH57x_sys.o
 .debug_info    0x0000000000002b44      0x33f ./StdPeriphDriver/CH57x_uart.o
 .debug_info    0x0000000000002e83       0x23 ./Startup/startup_CH572.o

.debug_abbrev   0x0000000000000000      0xf17
 .debug_abbrev  0x0000000000000000      0x37e ./src/Main.o
 .debug_abbrev  0x000000000000037e       0xd9 ./src/packet_gen.o
 .debug_abbrev  0x0000000000000457      0x13e ./src/utility.o
 .debug_abbrev  0x0000000000000595      0x2dd ./StdPeriphDriver/CH57x_clk.o
 .debug_abbrev  0x0000000000000872       0xe5 ./StdPeriphDriver/CH57x_gpio.o
 .debug_abbrev  0x0000000000000957      0x479 ./StdPeriphDriver/CH57x_sys.o
 .debug_abbrev  0x0000000000000dd0      0x135 ./StdPeriphDriver/CH57x_uart.o
 .debug_abbrev  0x0000000000000f05       0x12 ./Startup/startup_CH572.o

.debug_loclists
                0x0000000000000000     0x12a1
 .debug_loclists
                0x0000000000000000      0x266 ./src/Main.o
 .debug_loclists
                0x0000000000000266       0x3c ./src/packet_gen.o
 .debug_loclists
                0x00000000000002a2      0x1f6 ./src/utility.o
 .debug_loclists
                0x0000000000000498      0x853 ./StdPeriphDriver/CH57x_clk.o
 .debug_loclists
                0x0000000000000ceb       0x65 ./StdPeriphDriver/CH57x_gpio.o
 .debug_loclists
                0x0000000000000d50      0x393 ./StdPeriphDriver/CH57x_sys.o
 .debug_loclists
                0x00000000000010e3      0x1be ./StdPeriphDriver/CH57x_uart.o

.debug_aranges  0x0000000000000000      0x278
 .debug_aranges
                0x0000000000000000       0x38 ./src/Main.o
 .debug_aranges
                0x0000000000000038       0x28 ./src/packet_gen.o
 .debug_aranges
                0x0000000000000060       0x40 ./src/utility.o
 .debug_aranges
                0x00000000000000a0       0x80 ./StdPeriphDriver/CH57x_clk.o
 .debug_aranges
                0x0000000000000120       0x38 ./StdPeriphDriver/CH57x_gpio.o
 .debug_aranges
                0x0000000000000158       0xa0 ./StdPeriphDriver/CH57x_sys.o
 .debug_aranges
                0x00000000000001f8       0x50 ./StdPeriphDriver/CH57x_uart.o
 .debug_aranges
                0x0000000000000248       0x30 ./Startup/startup_CH572.o

.debug_rnglists
                0x0000000000000000      0x471
 .debug_rnglists
                0x0000000000000000      0x12e ./src/Main.o
 .debug_rnglists
                0x000000000000012e       0x1f ./src/packet_gen.o
 .debug_rnglists
                0x000000000000014d       0xa1 ./src/utility.o
 .debug_rnglists
                0x00000000000001ee       0xa8 ./StdPeriphDriver/CH57x_clk.o
 .debug_rnglists
                0x0000000000000296       0x31 ./StdPeriphDriver/CH57x_gpio.o
 .debug_rnglists
                0x00000000000002c7      0x13e ./StdPeriphDriver/CH57x_sys.o
 .debug_rnglists
                0x0000000000000405       0x4c ./StdPeriphDriver/CH57x_uart.o
 .debug_rnglists
                0x0000000000000451       0x20 ./Startup/startup_CH572.o

.debug_line     0x0000000000000000     0x3bd0
 .debug_line    0x0000000000000000      0x751 ./src/Main.o
 .debug_line    0x0000000000000751      0x12c ./src/packet_gen.o
 .debug_line    0x000000000000087d      0x305 ./src/utility.o
 .debug_line    0x0000000000000b82     0x177b ./StdPeriphDriver/CH57x_clk.o
 .debug_line    0x00000000000022fd      0x2c2 ./StdPeriphDriver/CH57x_gpio.o
 .debug_line    0x00000000000025bf     0x1116 ./StdPeriphDriver/CH57x_sys.o
 .debug_line    0x00000000000036d5      0x3a5 ./StdPeriphDriver/CH57x_uart.o
 .debug_line    0x0000000000003a7a      0x156 ./Startup/startup_CH572.o

.debug_str      0x0000000000000000      0xfce
 .debug_str     0x0000000000000000      0x90e ./src/Main.o
                                        0x979 (size before relaxing)
 .debug_str     0x000000000000090e       0x22 ./src/packet_gen.o
                                        0x1f7 (size before relaxing)
 .debug_str     0x0000000000000930       0x68 ./src/utility.o
                                        0x29e (size before relaxing)
 .debug_str     0x0000000000000998      0x2e5 ./StdPeriphDriver/CH57x_clk.o
                                        0x573 (size before relaxing)
 .debug_str     0x0000000000000c7d       0x9d ./StdPeriphDriver/CH57x_gpio.o
                                        0x314 (size before relaxing)
 .debug_str     0x0000000000000d1a      0x18f ./StdPeriphDriver/CH57x_sys.o
                                        0x63a (size before relaxing)
 .debug_str     0x0000000000000ea9       0xb5 ./StdPeriphDriver/CH57x_uart.o
                                        0x42f (size before relaxing)
 .debug_str     0x0000000000000f5e       0x70 ./Startup/startup_CH572.o

.debug_line_str
                0x0000000000000000      0x4a7
 .debug_line_str
                0x0000000000000000      0x3be ./src/Main.o
                                        0x415 (size before relaxing)
 .debug_line_str
                0x00000000000003be       0x14 ./src/packet_gen.o
                                        0x1f2 (size before relaxing)
 .debug_line_str
                0x00000000000003d2       0x11 ./src/utility.o
                                        0x3d5 (size before relaxing)
 .debug_line_str
                0x00000000000003e3       0x41 ./StdPeriphDriver/CH57x_clk.o
                                        0x2eb (size before relaxing)
 .debug_line_str
                0x0000000000000424       0x20 ./StdPeriphDriver/CH57x_gpio.o
                                        0x2d4 (size before relaxing)
 .debug_line_str
                0x0000000000000444       0x28 ./StdPeriphDriver/CH57x_sys.o
                                        0x38e (size before relaxing)
 .debug_line_str
                0x000000000000046c       0x20 ./StdPeriphDriver/CH57x_uart.o
                                        0x2e0 (size before relaxing)
 .debug_line_str
                0x000000000000048c       0x1b ./Startup/startup_CH572.o
                                         0x74 (size before relaxing)

.comment        0x0000000000000000       0x64
 .comment       0x0000000000000000       0x31 ./src/Main.o
                                         0x32 (size before relaxing)
 .comment       0x0000000000000031       0x32 ./src/packet_gen.o
 .comment       0x0000000000000031       0x32 ./src/utility.o
 .comment       0x0000000000000031       0x32 ./StdPeriphDriver/CH57x_clk.o
 .comment       0x0000000000000031       0x32 ./StdPeriphDriver/CH57x_gpio.o
 .comment       0x0000000000000031       0x32 ./StdPeriphDriver/CH57x_sys.o
 .comment       0x0000000000000031       0x32 ./StdPeriphDriver/CH57x_uart.o
 .comment       0x0000000000000031       0x33 c:\Users\seanw\Downloads\CH570D-Backscatter-V3\CH570D-Backscatter-V3\StdPeriphDriver\libISP572.a(ISP572.o)
                                         0x34 (size before relaxing)
 .comment       0x0000000000000064       0x32 c:/mounriver/mounriver_studio2/resources/app/resources/win32/components/wch/toolchain/risc-v embedded gcc12/bin/../lib/gcc/riscv-wch-elf/12.2.0/../../../../riscv-wch-elf/lib/rv32imc_zba_zbb_zbc_zbs_xw/ilp32\libg_nano.a(lib_a-printf.o)
 .comment       0x0000000000000064       0x32 c:/mounriver/mounriver_studio2/resources/app/resources/win32/components/wch/toolchain/risc-v embedded gcc12/bin/../lib/gcc/riscv-wch-elf/12.2.0/../../../../riscv-wch-elf/lib/rv32imc_zba_zbb_zbc_zbs_xw/ilp32\libg_nano.a(lib_a-putchar.o)
 .comment       0x0000000000000064       0x32 c:/mounriver/mounriver_studio2/resources/app/resources/win32/components/wch/toolchain/risc-v embedded gcc12/bin/../lib/gcc/riscv-wch-elf/12.2.0/../../../../riscv-wch-elf/lib/rv32imc_zba_zbb_zbc_zbs_xw/ilp32\libg_nano.a(lib_a-putc.o)
 .comment       0x0000000000000064       0x32 c:/mounriver/mounriver_studio2/resources/app/resources/win32/components/wch/toolchain/risc-v embedded gcc12/bin/../lib/gcc/riscv-wch-elf/12.2.0/../../../../riscv-wch-elf/lib/rv32imc_zba_zbb_zbc_zbs_xw/ilp32\libg_nano.a(lib_a-puts.o)
 .comment       0x0000000000000064       0x32 c:/mounriver/mounriver_studio2/resources/app/resources/win32/components/wch/toolchain/risc-v embedded gcc12/bin/../lib/gcc/riscv-wch-elf/12.2.0/../../../../riscv-wch-elf/lib/rv32imc_zba_zbb_zbc_zbs_xw/ilp32\libg_nano.a(lib_a-wbuf.o)
 .comment       0x0000000000000064       0x32 c:/mounriver/mounriver_studio2/resources/app/resources/win32/components/wch/toolchain/risc-v embedded gcc12/bin/../lib/gcc/riscv-wch-elf/12.2.0/../../../../riscv-wch-elf/lib/rv32imc_zba_zbb_zbc_zbs_xw/ilp32\libg_nano.a(lib_a-wsetup.o)
 .comment       0x0000000000000064       0x32 c:/mounriver/mounriver_studio2/resources/app/resources/win32/components/wch/toolchain/risc-v embedded gcc12/bin/../lib/gcc/riscv-wch-elf/12.2.0/../../../../riscv-wch-elf/lib/rv32imc_zba_zbb_zbc_zbs_xw/ilp32\libg_nano.a(lib_a-fflush.o)
 .comment       0x0000000000000064       0x32 c:/mounriver/mounriver_studio2/resources/app/resources/win32/components/wch/toolchain/risc-v embedded gcc12/bin/../lib/gcc/riscv-wch-elf/12.2.0/../../../../riscv-wch-elf/lib/rv32imc_zba_zbb_zbc_zbs_xw/ilp32\libg_nano.a(lib_a-findfp.o)
 .comment       0x0000000000000064       0x32 c:/mounriver/mounriver_studio2/resources/app/resources/win32/components/wch/toolchain/risc-v embedded gcc12/bin/../lib/gcc/riscv-wch-elf/12.2.0/../../../../riscv-wch-elf/lib/rv32imc_zba_zbb_zbc_zbs_xw/ilp32\libg_nano.a(lib_a-fwalk.o)
 .comment       0x0000000000000064       0x32 c:/mounriver/mounriver_studio2/resources/app/resources/win32/components/wch/toolchain/risc-v embedded gcc12/bin/../lib/gcc/riscv-wch-elf/12.2.0/../../../../riscv-wch-elf/lib/rv32imc_zba_zbb_zbc_zbs_xw/ilp32\libg_nano.a(lib_a-impure.o)
 .comment       0x0000000000000064       0x32 c:/mounriver/mounriver_studio2/resources/app/resources/win32/components/wch/toolchain/risc-v embedded gcc12/bin/../lib/gcc/riscv-wch-elf/12.2.0/../../../../riscv-wch-elf/lib/rv32imc_zba_zbb_zbc_zbs_xw/ilp32\libg_nano.a(lib_a-lock.o)
 .comment       0x0000000000000064       0x32 c:/mounriver/mounriver_studio2/resources/app/resources/win32/components/wch/toolchain/risc-v embedded gcc12/bin/../lib/gcc/riscv-wch-elf/12.2.0/../../../../riscv-wch-elf/lib/rv32imc_zba_zbb_zbc_zbs_xw/ilp32\libg_nano.a(lib_a-makebuf.o)
 .comment       0x0000000000000064       0x32 c:/mounriver/mounriver_studio2/resources/app/resources/win32/components/wch/toolchain/risc-v embedded gcc12/bin/../lib/gcc/riscv-wch-elf/12.2.0/../../../../riscv-wch-elf/lib/rv32imc_zba_zbb_zbc_zbs_xw/ilp32\libg_nano.a(lib_a-nano-freer.o)
 .comment       0x0000000000000064       0x32 c:/mounriver/mounriver_studio2/resources/app/resources/win32/components/wch/toolchain/risc-v embedded gcc12/bin/../lib/gcc/riscv-wch-elf/12.2.0/../../../../riscv-wch-elf/lib/rv32imc_zba_zbb_zbc_zbs_xw/ilp32\libg_nano.a(lib_a-nano-mallocr.o)
 .comment       0x0000000000000064       0x32 c:/mounriver/mounriver_studio2/resources/app/resources/win32/components/wch/toolchain/risc-v embedded gcc12/bin/../lib/gcc/riscv-wch-elf/12.2.0/../../../../riscv-wch-elf/lib/rv32imc_zba_zbb_zbc_zbs_xw/ilp32\libg_nano.a(lib_a-nano-vfprintf.o)
 .comment       0x0000000000000064       0x32 c:/mounriver/mounriver_studio2/resources/app/resources/win32/components/wch/toolchain/risc-v embedded gcc12/bin/../lib/gcc/riscv-wch-elf/12.2.0/../../../../riscv-wch-elf/lib/rv32imc_zba_zbb_zbc_zbs_xw/ilp32\libg_nano.a(lib_a-sbrkr.o)
 .comment       0x0000000000000064       0x32 c:/mounriver/mounriver_studio2/resources/app/resources/win32/components/wch/toolchain/risc-v embedded gcc12/bin/../lib/gcc/riscv-wch-elf/12.2.0/../../../../riscv-wch-elf/lib/rv32imc_zba_zbb_zbc_zbs_xw/ilp32\libg_nano.a(lib_a-stdio.o)
 .comment       0x0000000000000064       0x32 c:/mounriver/mounriver_studio2/resources/app/resources/win32/components/wch/toolchain/risc-v embedded gcc12/bin/../lib/gcc/riscv-wch-elf/12.2.0/../../../../riscv-wch-elf/lib/rv32imc_zba_zbb_zbc_zbs_xw/ilp32\libg_nano.a(lib_a-writer.o)
 .comment       0x0000000000000064       0x32 c:/mounriver/mounriver_studio2/resources/app/resources/win32/components/wch/toolchain/risc-v embedded gcc12/bin/../lib/gcc/riscv-wch-elf/12.2.0/../../../../riscv-wch-elf/lib/rv32imc_zba_zbb_zbc_zbs_xw/ilp32\libg_nano.a(lib_a-closer.o)
 .comment       0x0000000000000064       0x32 c:/mounriver/mounriver_studio2/resources/app/resources/win32/components/wch/toolchain/risc-v embedded gcc12/bin/../lib/gcc/riscv-wch-elf/12.2.0/../../../../riscv-wch-elf/lib/rv32imc_zba_zbb_zbc_zbs_xw/ilp32\libg_nano.a(lib_a-fstatr.o)
 .comment       0x0000000000000064       0x32 c:/mounriver/mounriver_studio2/resources/app/resources/win32/components/wch/toolchain/risc-v embedded gcc12/bin/../lib/gcc/riscv-wch-elf/12.2.0/../../../../riscv-wch-elf/lib/rv32imc_zba_zbb_zbc_zbs_xw/ilp32\libg_nano.a(lib_a-isattyr.o)
 .comment       0x0000000000000064       0x32 c:/mounriver/mounriver_studio2/resources/app/resources/win32/components/wch/toolchain/risc-v embedded gcc12/bin/../lib/gcc/riscv-wch-elf/12.2.0/../../../../riscv-wch-elf/lib/rv32imc_zba_zbb_zbc_zbs_xw/ilp32\libg_nano.a(lib_a-lseekr.o)
 .comment       0x0000000000000064       0x32 c:/mounriver/mounriver_studio2/resources/app/resources/win32/components/wch/toolchain/risc-v embedded gcc12/bin/../lib/gcc/riscv-wch-elf/12.2.0/../../../../riscv-wch-elf/lib/rv32imc_zba_zbb_zbc_zbs_xw/ilp32\libg_nano.a(lib_a-memchr.o)
 .comment       0x0000000000000064       0x32 c:/mounriver/mounriver_studio2/resources/app/resources/win32/components/wch/toolchain/risc-v embedded gcc12/bin/../lib/gcc/riscv-wch-elf/12.2.0/../../../../riscv-wch-elf/lib/rv32imc_zba_zbb_zbc_zbs_xw/ilp32\libg_nano.a(lib_a-mlock.o)
 .comment       0x0000000000000064       0x32 c:/mounriver/mounriver_studio2/resources/app/resources/win32/components/wch/toolchain/risc-v embedded gcc12/bin/../lib/gcc/riscv-wch-elf/12.2.0/../../../../riscv-wch-elf/lib/rv32imc_zba_zbb_zbc_zbs_xw/ilp32\libg_nano.a(lib_a-nano-vfprintf_i.o)
 .comment       0x0000000000000064       0x32 c:/mounriver/mounriver_studio2/resources/app/resources/win32/components/wch/toolchain/risc-v embedded gcc12/bin/../lib/gcc/riscv-wch-elf/12.2.0/../../../../riscv-wch-elf/lib/rv32imc_zba_zbb_zbc_zbs_xw/ilp32\libg_nano.a(lib_a-readr.o)
 .comment       0x0000000000000064       0x32 c:/mounriver/mounriver_studio2/resources/app/resources/win32/components/wch/toolchain/risc-v embedded gcc12/bin/../lib/gcc/riscv-wch-elf/12.2.0/../../../../riscv-wch-elf/lib/rv32imc_zba_zbb_zbc_zbs_xw/ilp32\libg_nano.a(lib_a-reent.o)
 .comment       0x0000000000000064       0x32 c:/mounriver/mounriver_studio2/resources/app/resources/win32/components/wch/toolchain/risc-v embedded gcc12/bin/../lib/gcc/riscv-wch-elf/12.2.0/../../../../riscv-wch-elf/lib/rv32imc_zba_zbb_zbc_zbs_xw/ilp32\libnosys.a(close.o)
 .comment       0x0000000000000064       0x32 c:/mounriver/mounriver_studio2/resources/app/resources/win32/components/wch/toolchain/risc-v embedded gcc12/bin/../lib/gcc/riscv-wch-elf/12.2.0/../../../../riscv-wch-elf/lib/rv32imc_zba_zbb_zbc_zbs_xw/ilp32\libnosys.a(fstat.o)
 .comment       0x0000000000000064       0x32 c:/mounriver/mounriver_studio2/resources/app/resources/win32/components/wch/toolchain/risc-v embedded gcc12/bin/../lib/gcc/riscv-wch-elf/12.2.0/../../../../riscv-wch-elf/lib/rv32imc_zba_zbb_zbc_zbs_xw/ilp32\libnosys.a(isatty.o)
 .comment       0x0000000000000064       0x32 c:/mounriver/mounriver_studio2/resources/app/resources/win32/components/wch/toolchain/risc-v embedded gcc12/bin/../lib/gcc/riscv-wch-elf/12.2.0/../../../../riscv-wch-elf/lib/rv32imc_zba_zbb_zbc_zbs_xw/ilp32\libnosys.a(lseek.o)
 .comment       0x0000000000000064       0x32 c:/mounriver/mounriver_studio2/resources/app/resources/win32/components/wch/toolchain/risc-v embedded gcc12/bin/../lib/gcc/riscv-wch-elf/12.2.0/../../../../riscv-wch-elf/lib/rv32imc_zba_zbb_zbc_zbs_xw/ilp32\libnosys.a(read.o)

.riscv.attributes
                0x0000000000000000       0x51
 .riscv.attributes
                0x0000000000000000       0x51 ./src/Main.o
 .riscv.attributes
                0x0000000000000051       0x51 ./src/packet_gen.o
 .riscv.attributes
                0x00000000000000a2       0x51 ./src/utility.o
 .riscv.attributes
                0x00000000000000f3       0x51 ./StdPeriphDriver/CH57x_clk.o
 .riscv.attributes
                0x0000000000000144       0x51 ./StdPeriphDriver/CH57x_gpio.o
 .riscv.attributes
                0x0000000000000195       0x51 ./StdPeriphDriver/CH57x_sys.o
 .riscv.attributes
                0x00000000000001e6       0x51 ./StdPeriphDriver/CH57x_uart.o
 .riscv.attributes
                0x0000000000000237       0x4f ./Startup/startup_CH572.o
 .riscv.attributes
                0x0000000000000286       0x4f c:/mounriver/mounriver_studio2/resources/app/resources/win32/components/wch/toolchain/risc-v embedded gcc12/bin/../lib/gcc/riscv-wch-elf/12.2.0/../../../../riscv-wch-elf/lib/rv32imc_zba_zbb_zbc_zbs_xw/ilp32\libg_nano.a(lib_a-memcpy-asm.o)
 .riscv.attributes
                0x00000000000002d5       0x51 c:/mounriver/mounriver_studio2/resources/app/resources/win32/components/wch/toolchain/risc-v embedded gcc12/bin/../lib/gcc/riscv-wch-elf/12.2.0/../../../../riscv-wch-elf/lib/rv32imc_zba_zbb_zbc_zbs_xw/ilp32\libg_nano.a(lib_a-printf.o)
 .riscv.attributes
                0x0000000000000326       0x51 c:/mounriver/mounriver_studio2/resources/app/resources/win32/components/wch/toolchain/risc-v embedded gcc12/bin/../lib/gcc/riscv-wch-elf/12.2.0/../../../../riscv-wch-elf/lib/rv32imc_zba_zbb_zbc_zbs_xw/ilp32\libg_nano.a(lib_a-putchar.o)
 .riscv.attributes
                0x0000000000000377       0x51 c:/mounriver/mounriver_studio2/resources/app/resources/win32/components/wch/toolchain/risc-v embedded gcc12/bin/../lib/gcc/riscv-wch-elf/12.2.0/../../../../riscv-wch-elf/lib/rv32imc_zba_zbb_zbc_zbs_xw/ilp32\libg_nano.a(lib_a-putc.o)
 .riscv.attributes
                0x00000000000003c8       0x51 c:/mounriver/mounriver_studio2/resources/app/resources/win32/components/wch/toolchain/risc-v embedded gcc12/bin/../lib/gcc/riscv-wch-elf/12.2.0/../../../../riscv-wch-elf/lib/rv32imc_zba_zbb_zbc_zbs_xw/ilp32\libg_nano.a(lib_a-puts.o)
 .riscv.attributes
                0x0000000000000419       0x51 c:/mounriver/mounriver_studio2/resources/app/resources/win32/components/wch/toolchain/risc-v embedded gcc12/bin/../lib/gcc/riscv-wch-elf/12.2.0/../../../../riscv-wch-elf/lib/rv32imc_zba_zbb_zbc_zbs_xw/ilp32\libg_nano.a(lib_a-wbuf.o)
 .riscv.attributes
                0x000000000000046a       0x51 c:/mounriver/mounriver_studio2/resources/app/resources/win32/components/wch/toolchain/risc-v embedded gcc12/bin/../lib/gcc/riscv-wch-elf/12.2.0/../../../../riscv-wch-elf/lib/rv32imc_zba_zbb_zbc_zbs_xw/ilp32\libg_nano.a(lib_a-wsetup.o)
 .riscv.attributes
                0x00000000000004bb       0x51 c:/mounriver/mounriver_studio2/resources/app/resources/win32/components/wch/toolchain/risc-v embedded gcc12/bin/../lib/gcc/riscv-wch-elf/12.2.0/../../../../riscv-wch-elf/lib/rv32imc_zba_zbb_zbc_zbs_xw/ilp32\libg_nano.a(lib_a-fflush.o)
 .riscv.attributes
                0x000000000000050c       0x51 c:/mounriver/mounriver_studio2/resources/app/resources/win32/components/wch/toolchain/risc-v embedded gcc12/bin/../lib/gcc/riscv-wch-elf/12.2.0/../../../../riscv-wch-elf/lib/rv32imc_zba_zbb_zbc_zbs_xw/ilp32\libg_nano.a(lib_a-findfp.o)
 .riscv.attributes
                0x000000000000055d       0x51 c:/mounriver/mounriver_studio2/resources/app/resources/win32/components/wch/toolchain/risc-v embedded gcc12/bin/../lib/gcc/riscv-wch-elf/12.2.0/../../../../riscv-wch-elf/lib/rv32imc_zba_zbb_zbc_zbs_xw/ilp32\libg_nano.a(lib_a-fwalk.o)
 .riscv.attributes
                0x00000000000005ae       0x51 c:/mounriver/mounriver_studio2/resources/app/resources/win32/components/wch/toolchain/risc-v embedded gcc12/bin/../lib/gcc/riscv-wch-elf/12.2.0/../../../../riscv-wch-elf/lib/rv32imc_zba_zbb_zbc_zbs_xw/ilp32\libg_nano.a(lib_a-impure.o)
 .riscv.attributes
                0x00000000000005ff       0x51 c:/mounriver/mounriver_studio2/resources/app/resources/win32/components/wch/toolchain/risc-v embedded gcc12/bin/../lib/gcc/riscv-wch-elf/12.2.0/../../../../riscv-wch-elf/lib/rv32imc_zba_zbb_zbc_zbs_xw/ilp32\libg_nano.a(lib_a-lock.o)
 .riscv.attributes
                0x0000000000000650       0x51 c:/mounriver/mounriver_studio2/resources/app/resources/win32/components/wch/toolchain/risc-v embedded gcc12/bin/../lib/gcc/riscv-wch-elf/12.2.0/../../../../riscv-wch-elf/lib/rv32imc_zba_zbb_zbc_zbs_xw/ilp32\libg_nano.a(lib_a-makebuf.o)
 .riscv.attributes
                0x00000000000006a1       0x4f c:/mounriver/mounriver_studio2/resources/app/resources/win32/components/wch/toolchain/risc-v embedded gcc12/bin/../lib/gcc/riscv-wch-elf/12.2.0/../../../../riscv-wch-elf/lib/rv32imc_zba_zbb_zbc_zbs_xw/ilp32\libg_nano.a(lib_a-memset.o)
 .riscv.attributes
                0x00000000000006f0       0x51 c:/mounriver/mounriver_studio2/resources/app/resources/win32/components/wch/toolchain/risc-v embedded gcc12/bin/../lib/gcc/riscv-wch-elf/12.2.0/../../../../riscv-wch-elf/lib/rv32imc_zba_zbb_zbc_zbs_xw/ilp32\libg_nano.a(lib_a-nano-freer.o)
 .riscv.attributes
                0x0000000000000741       0x51 c:/mounriver/mounriver_studio2/resources/app/resources/win32/components/wch/toolchain/risc-v embedded gcc12/bin/../lib/gcc/riscv-wch-elf/12.2.0/../../../../riscv-wch-elf/lib/rv32imc_zba_zbb_zbc_zbs_xw/ilp32\libg_nano.a(lib_a-nano-mallocr.o)
 .riscv.attributes
                0x0000000000000792       0x51 c:/mounriver/mounriver_studio2/resources/app/resources/win32/components/wch/toolchain/risc-v embedded gcc12/bin/../lib/gcc/riscv-wch-elf/12.2.0/../../../../riscv-wch-elf/lib/rv32imc_zba_zbb_zbc_zbs_xw/ilp32\libg_nano.a(lib_a-nano-vfprintf.o)
 .riscv.attributes
                0x00000000000007e3       0x51 c:/mounriver/mounriver_studio2/resources/app/resources/win32/components/wch/toolchain/risc-v embedded gcc12/bin/../lib/gcc/riscv-wch-elf/12.2.0/../../../../riscv-wch-elf/lib/rv32imc_zba_zbb_zbc_zbs_xw/ilp32\libg_nano.a(lib_a-sbrkr.o)
 .riscv.attributes
                0x0000000000000834       0x51 c:/mounriver/mounriver_studio2/resources/app/resources/win32/components/wch/toolchain/risc-v embedded gcc12/bin/../lib/gcc/riscv-wch-elf/12.2.0/../../../../riscv-wch-elf/lib/rv32imc_zba_zbb_zbc_zbs_xw/ilp32\libg_nano.a(lib_a-stdio.o)
 .riscv.attributes
                0x0000000000000885       0x51 c:/mounriver/mounriver_studio2/resources/app/resources/win32/components/wch/toolchain/risc-v embedded gcc12/bin/../lib/gcc/riscv-wch-elf/12.2.0/../../../../riscv-wch-elf/lib/rv32imc_zba_zbb_zbc_zbs_xw/ilp32\libg_nano.a(lib_a-writer.o)
 .riscv.attributes
                0x00000000000008d6       0x51 c:/mounriver/mounriver_studio2/resources/app/resources/win32/components/wch/toolchain/risc-v embedded gcc12/bin/../lib/gcc/riscv-wch-elf/12.2.0/../../../../riscv-wch-elf/lib/rv32imc_zba_zbb_zbc_zbs_xw/ilp32\libg_nano.a(lib_a-closer.o)
 .riscv.attributes
                0x0000000000000927       0x51 c:/mounriver/mounriver_studio2/resources/app/resources/win32/components/wch/toolchain/risc-v embedded gcc12/bin/../lib/gcc/riscv-wch-elf/12.2.0/../../../../riscv-wch-elf/lib/rv32imc_zba_zbb_zbc_zbs_xw/ilp32\libg_nano.a(lib_a-fstatr.o)
 .riscv.attributes
                0x0000000000000978       0x51 c:/mounriver/mounriver_studio2/resources/app/resources/win32/components/wch/toolchain/risc-v embedded gcc12/bin/../lib/gcc/riscv-wch-elf/12.2.0/../../../../riscv-wch-elf/lib/rv32imc_zba_zbb_zbc_zbs_xw/ilp32\libg_nano.a(lib_a-isattyr.o)
 .riscv.attributes
                0x00000000000009c9       0x51 c:/mounriver/mounriver_studio2/resources/app/resources/win32/components/wch/toolchain/risc-v embedded gcc12/bin/../lib/gcc/riscv-wch-elf/12.2.0/../../../../riscv-wch-elf/lib/rv32imc_zba_zbb_zbc_zbs_xw/ilp32\libg_nano.a(lib_a-lseekr.o)
 .riscv.attributes
                0x0000000000000a1a       0x51 c:/mounriver/mounriver_studio2/resources/app/resources/win32/components/wch/toolchain/risc-v embedded gcc12/bin/../lib/gcc/riscv-wch-elf/12.2.0/../../../../riscv-wch-elf/lib/rv32imc_zba_zbb_zbc_zbs_xw/ilp32\libg_nano.a(lib_a-memchr.o)
 .riscv.attributes
                0x0000000000000a6b       0x51 c:/mounriver/mounriver_studio2/resources/app/resources/win32/components/wch/toolchain/risc-v embedded gcc12/bin/../lib/gcc/riscv-wch-elf/12.2.0/../../../../riscv-wch-elf/lib/rv32imc_zba_zbb_zbc_zbs_xw/ilp32\libg_nano.a(lib_a-mlock.o)
 .riscv.attributes
                0x0000000000000abc       0x51 c:/mounriver/mounriver_studio2/resources/app/resources/win32/components/wch/toolchain/risc-v embedded gcc12/bin/../lib/gcc/riscv-wch-elf/12.2.0/../../../../riscv-wch-elf/lib/rv32imc_zba_zbb_zbc_zbs_xw/ilp32\libg_nano.a(lib_a-nano-vfprintf_i.o)
 .riscv.attributes
                0x0000000000000b0d       0x51 c:/mounriver/mounriver_studio2/resources/app/resources/win32/components/wch/toolchain/risc-v embedded gcc12/bin/../lib/gcc/riscv-wch-elf/12.2.0/../../../../riscv-wch-elf/lib/rv32imc_zba_zbb_zbc_zbs_xw/ilp32\libg_nano.a(lib_a-readr.o)
 .riscv.attributes
                0x0000000000000b5e       0x51 c:/mounriver/mounriver_studio2/resources/app/resources/win32/components/wch/toolchain/risc-v embedded gcc12/bin/../lib/gcc/riscv-wch-elf/12.2.0/../../../../riscv-wch-elf/lib/rv32imc_zba_zbb_zbc_zbs_xw/ilp32\libg_nano.a(lib_a-reent.o)
 .riscv.attributes
                0x0000000000000baf       0x51 c:/mounriver/mounriver_studio2/resources/app/resources/win32/components/wch/toolchain/risc-v embedded gcc12/bin/../lib/gcc/riscv-wch-elf/12.2.0/../../../../riscv-wch-elf/lib/rv32imc_zba_zbb_zbc_zbs_xw/ilp32\libnosys.a(close.o)
 .riscv.attributes
                0x0000000000000c00       0x51 c:/mounriver/mounriver_studio2/resources/app/resources/win32/components/wch/toolchain/risc-v embedded gcc12/bin/../lib/gcc/riscv-wch-elf/12.2.0/../../../../riscv-wch-elf/lib/rv32imc_zba_zbb_zbc_zbs_xw/ilp32\libnosys.a(fstat.o)
 .riscv.attributes
                0x0000000000000c51       0x51 c:/mounriver/mounriver_studio2/resources/app/resources/win32/components/wch/toolchain/risc-v embedded gcc12/bin/../lib/gcc/riscv-wch-elf/12.2.0/../../../../riscv-wch-elf/lib/rv32imc_zba_zbb_zbc_zbs_xw/ilp32\libnosys.a(isatty.o)
 .riscv.attributes
                0x0000000000000ca2       0x51 c:/mounriver/mounriver_studio2/resources/app/resources/win32/components/wch/toolchain/risc-v embedded gcc12/bin/../lib/gcc/riscv-wch-elf/12.2.0/../../../../riscv-wch-elf/lib/rv32imc_zba_zbb_zbc_zbs_xw/ilp32\libnosys.a(lseek.o)
 .riscv.attributes
                0x0000000000000cf3       0x51 c:/mounriver/mounriver_studio2/resources/app/resources/win32/components/wch/toolchain/risc-v embedded gcc12/bin/../lib/gcc/riscv-wch-elf/12.2.0/../../../../riscv-wch-elf/lib/rv32imc_zba_zbb_zbc_zbs_xw/ilp32\libnosys.a(read.o)

.debug_frame    0x0000000000000000      0x53c
 .debug_frame   0x0000000000000000       0x80 ./src/Main.o
 .debug_frame   0x0000000000000080       0x30 ./src/packet_gen.o
 .debug_frame   0x00000000000000b0       0xd4 ./src/utility.o
 .debug_frame   0x0000000000000184      0x168 ./StdPeriphDriver/CH57x_clk.o
 .debug_frame   0x00000000000002ec       0x50 ./StdPeriphDriver/CH57x_gpio.o
 .debug_frame   0x000000000000033c      0x164 ./StdPeriphDriver/CH57x_sys.o
 .debug_frame   0x00000000000004a0       0x9c ./StdPeriphDriver/CH57x_uart.o
