Archive member included to satisfy reference by file (symbol)

c:/Users/seanw/Documents/Data D/CP4101/CH572EVT/EVT/EXAM/SRC/StdPeriphDriver\libISP572.a(ISP572.o)
                              ./StdPeriphDriver/CH57x_flash.o (FLASH_EEPROM_CMD)
c:/Users/seanw/Documents/Data D/CP4101/CH572EVT/EVT/EXAM/BLE/LIB\libCH572BLE_PERI.a(message.o)
                              ./HAL/MCU.o (tmos_msg_deallocate)
c:/Users/seanw/Documents/Data D/CP4101/CH572EVT/EVT/EXAM/BLE/LIB\libCH572BLE_PERI.a(tmos.o)
                              ./Profile/gattprofile.o (tmos_memcpy)
c:/Users/seanw/Documents/Data D/CP4101/CH572EVT/EVT/EXAM/BLE/LIB\libCH572BLE_PERI.a(tmos_hw.o)
                              c:/Users/seanw/Documents/Data D/CP4101/CH572EVT/EVT/EXAM/BLE/LIB\libCH572BLE_PERI.a(tmos.o) (bleClock_t)
c:/Users/seanw/Documents/Data D/CP4101/CH572EVT/EVT/EXAM/BLE/LIB\libCH572BLE_PERI.a(tmos_snv.o)
                              c:/Users/seanw/Documents/Data D/CP4101/CH572EVT/EVT/EXAM/BLE/LIB\libCH572BLE_PERI.a(tmos.o) (tmos_snv_init)
c:/Users/seanw/Documents/Data D/CP4101/CH572EVT/EVT/EXAM/BLE/LIB\libCH572BLE_PERI.a(gatt_uuid.o)
                              ./Profile/gattprofile.o (clientCharCfgUUID)
c:/Users/seanw/Documents/Data D/CP4101/CH572EVT/EVT/EXAM/BLE/LIB\libCH572BLE_PERI.a(gattservapp.o)
                              ./Profile/gattprofile.o (GATTServApp_ReadCharCfg)
c:/Users/seanw/Documents/Data D/CP4101/CH572EVT/EVT/EXAM/BLE/LIB\libCH572BLE_PERI.a(l2cap.o)
                              c:/Users/seanw/Documents/Data D/CP4101/CH572EVT/EVT/EXAM/BLE/LIB\libCH572BLE_PERI.a(gattservapp.o) (L2CAP_GetMTU)
c:/Users/seanw/Documents/Data D/CP4101/CH572EVT/EVT/EXAM/BLE/LIB\libCH572BLE_PERI.a(l2cap_input.o)
                              c:/Users/seanw/Documents/Data D/CP4101/CH572EVT/EVT/EXAM/BLE/LIB\libCH572BLE_PERI.a(l2cap.o) (l2capProcessRxData)
c:/Users/seanw/Documents/Data D/CP4101/CH572EVT/EVT/EXAM/BLE/LIB\libCH572BLE_PERI.a(l2cap_output.o)
                              c:/Users/seanw/Documents/Data D/CP4101/CH572EVT/EVT/EXAM/BLE/LIB\libCH572BLE_PERI.a(l2cap_input.o) (l2capNotifyData)
c:/Users/seanw/Documents/Data D/CP4101/CH572EVT/EVT/EXAM/BLE/LIB\libCH572BLE_PERI.a(l2cap_sdu.o)
                              c:/Users/seanw/Documents/Data D/CP4101/CH572EVT/EVT/EXAM/BLE/LIB\libCH572BLE_PERI.a(l2cap_input.o) (L2CAP_CmdReject)
c:/Users/seanw/Documents/Data D/CP4101/CH572EVT/EVT/EXAM/BLE/LIB\libCH572BLE_PERI.a(linkdb.o)
                              c:/Users/seanw/Documents/Data D/CP4101/CH572EVT/EVT/EXAM/BLE/LIB\libCH572BLE_PERI.a(l2cap.o) (linkDB_Init)
c:/Users/seanw/Documents/Data D/CP4101/CH572EVT/EVT/EXAM/BLE/LIB\libCH572BLE_PERI.a(host_input.o)
                              c:/Users/seanw/Documents/Data D/CP4101/CH572EVT/EVT/EXAM/BLE/LIB\libCH572BLE_PERI.a(gattservapp.o) (gBleHostPara)
c:/Users/seanw/Documents/Data D/CP4101/CH572EVT/EVT/EXAM/BLE/LIB\libCH572BLE_PERI.a(bb.o)
                              c:/Users/seanw/Documents/Data D/CP4101/CH572EVT/EVT/EXAM/BLE/LIB\libCH572BLE_PERI.a(tmos.o) (BB_DevInit)
c:/Users/seanw/Documents/Data D/CP4101/CH572EVT/EVT/EXAM/BLE/LIB\libCH572BLE_PERI.a(ip.o)
                              c:/Users/seanw/Documents/Data D/CP4101/CH572EVT/EVT/EXAM/BLE/LIB\libCH572BLE_PERI.a(tmos.o) (gBleIPPara)
c:/Users/seanw/Documents/Data D/CP4101/CH572EVT/EVT/EXAM/BLE/LIB\libCH572BLE_PERI.a(lle.o)
                              c:/Users/seanw/Documents/Data D/CP4101/CH572EVT/EVT/EXAM/BLE/LIB\libCH572BLE_PERI.a(tmos.o) (tmosSign)
c:/Users/seanw/Documents/Data D/CP4101/CH572EVT/EVT/EXAM/BLE/LIB\libCH572BLE_PERI.a(rfend.o)
                              c:/Users/seanw/Documents/Data D/CP4101/CH572EVT/EVT/EXAM/BLE/LIB\libCH572BLE_PERI.a(ip.o) (RFEND_DevInit)
c:/Users/seanw/Documents/Data D/CP4101/CH572EVT/EVT/EXAM/BLE/LIB\libCH572BLE_PERI.a(ctl_input.o)
                              c:/Users/seanw/Documents/Data D/CP4101/CH572EVT/EVT/EXAM/BLE/LIB\libCH572BLE_PERI.a(ip.o) (gDtm_t)
c:/Users/seanw/Documents/Data D/CP4101/CH572EVT/EVT/EXAM/BLE/LIB\libCH572BLE_PERI.a(gapbondmgr.o)
                              c:/Users/seanw/Documents/Data D/CP4101/CH572EVT/EVT/EXAM/BLE/LIB\libCH572BLE_PERI.a(linkdb.o) (GAPBondMgr_ResolveAddr)
c:/Users/seanw/Documents/Data D/CP4101/CH572EVT/EVT/EXAM/BLE/LIB\libCH572BLE_PERI.a(gapgattserver.o)
                              c:/Users/seanw/Documents/Data D/CP4101/CH572EVT/EVT/EXAM/BLE/LIB\libCH572BLE_PERI.a(gattservapp.o) (GGS_ParamInit)
c:/Users/seanw/Documents/Data D/CP4101/CH572EVT/EVT/EXAM/BLE/LIB\libCH572BLE_PERI.a(peripheral.o)
                              ./APP/peripheral.o (GAPRole_PeripheralStartDevice)
c:/Users/seanw/Documents/Data D/CP4101/CH572EVT/EVT/EXAM/BLE/LIB\libCH572BLE_PERI.a(role.o)
                              c:/Users/seanw/Documents/Data D/CP4101/CH572EVT/EVT/EXAM/BLE/LIB\libCH572BLE_PERI.a(tmos.o) (gapRole_TaskID)
c:/Users/seanw/Documents/Data D/CP4101/CH572EVT/EVT/EXAM/BLE/LIB\libCH572BLE_PERI.a(memory.o)
[...]
Memory Configuration

Name             Origin             Length             Attributes
FLASH            0x0000000000000000 0x000000000003c000 xr
RAM              0x0000000020000000 0x0000000000003000 xrw
*default*        0x0000000000000000 0xffffffffffffffff

Linker script and memory map

LOAD ./StdPeriphDriver/CH57x_clk.o
LOAD ./StdPeriphDriver/CH57x_cmp.o
LOAD ./StdPeriphDriver/CH57x_flash.o
LOAD ./StdPeriphDriver/CH57x_gpio.o
LOAD ./StdPeriphDriver/CH57x_i2c.o
LOAD ./StdPeriphDriver/CH57x_keyscan.o
LOAD ./StdPeriphDriver/CH57x_pwm.o
LOAD ./StdPeriphDriver/CH57x_pwr.o
LOAD ./StdPeriphDriver/CH57x_spi.o
LOAD ./StdPeriphDriver/CH57x_sys.o
LOAD ./StdPeriphDriver/CH57x_timer.o
LOAD ./StdPeriphDriver/CH57x_uart.o
LOAD ./StdPeriphDriver/CH57x_usbdev.o
LOAD ./StdPeriphDriver/CH57x_usbhostBase.o
LOAD ./StdPeriphDriver/CH57x_usbhostClass.o
LOAD ./Startup/startup_CH572.o
LOAD ./Profile/gattprofile.o
LOAD ./HAL/MCU.o
LOAD ./HAL/RTC.o
LOAD ./HAL/SLEEP.o
LOAD ./APP/peripheral.o
LOAD ./APP/peripheral_main.o
LOAD c:/Users/seanw/Documents/Data D/CP4101/CH572EVT/EVT/EXAM/SRC/StdPeriphDriver\libISP572.a
LOAD c:/mounriver/mounriver_studio2/resources/app/resources/win32/components/wch/toolchain/risc-v embedded gcc12/bin/../lib/gcc/riscv-wch-elf/12.2.0/../../../../riscv-wch-elf/lib/rv32imc_zba_zbb_zbc_zbs_xw/ilp32\libm_nano.a
LOAD c:/Users/seanw/Documents/Data D/CP4101/CH572EVT/EVT/EXAM/BLE/LIB\libCH572BLE_PERI.a
LOAD c:/mounriver/mounriver_studio2/resources/app/resources/win32/components/wch/toolchain/risc-v embedded gcc12/bin/../lib/gcc/riscv-wch-elf/12.2.0/rv32imc_zba_zbb_zbc_zbs_xw/ilp32\libgcc.a
LOAD c:/mounriver/mounriver_studio2/resources/app/resources/win32/components/wch/toolchain/risc-v embedded gcc12/bin/../lib/gcc/riscv-wch-elf/12.2.0/../../../../riscv-wch-elf/lib/rv32imc_zba_zbb_zbc_zbs_xw/ilp32\libg_nano.a
LOAD c:/mounriver/mounriver_studio2/resources/app/resources/win32/components/wch/toolchain/risc-v embedded gcc12/bin/../lib/gcc/riscv-wch-elf/12.2.0/../../../../riscv-wch-elf/lib/rv32imc_zba_zbb_zbc_zbs_xw/ilp32\libc_nano.a
LOAD c:/mounriver/mounriver_studio2/resources/app/resources/win32/components/wch/toolchain/risc-v embedded gcc12/bin/../lib/gcc/riscv-wch-elf/12.2.0/rv32imc_zba_zbb_zbc_zbs_xw/ilp32\libgcc.a
START GROUP
LOAD c:/mounriver/mounriver_studio2/resources/app/resources/win32/components/wch/toolchain/risc-v embedded gcc12/bin/../lib/gcc/riscv-wch-elf/12.2.0/rv32imc_zba_zbb_zbc_zbs_xw/ilp32\libgcc.a
LOAD c:/mounriver/mounriver_studio2/resources/app/resources/win32/components/wch/toolchain/risc-v embedded gcc12/bin/../lib/gcc/riscv-wch-elf/12.2.0/../../../../riscv-wch-elf/lib/rv32imc_zba_zbb_zbc_zbs_xw/ilp32\libc_nano.a
LOAD c:/mounriver/mounriver_studio2/resources/app/resources/win32/components/wch/toolchain/risc-v embedded gcc12/bin/../lib/gcc/riscv-wch-elf/12.2.0/../../../../riscv-wch-elf/lib/rv32imc_zba_zbb_zbc_zbs_xw/ilp32\libnosys.a
END GROUP
START GROUP
LOAD c:/mounriver/mounriver_studio2/resources/app/resources/win32/components/wch/toolchain/risc-v embedded gcc12/bin/../lib/gcc/riscv-wch-elf/12.2.0/rv32imc_zba_zbb_zbc_zbs_xw/ilp32\libgcc.a
LOAD c:/mounriver/mounriver_studio2/resources/app/resources/win32/components/wch/toolchain/risc-v embedded gcc12/bin/../lib/gcc/riscv-wch-elf/12.2.0/../../../../riscv-wch-elf/lib/rv32imc_zba_zbb_zbc_zbs_xw/ilp32\libc_nano.a
LOAD c:/mounriver/mounriver_studio2/resources/app/resources/win32/components/wch/toolchain/risc-v embedded gcc12/bin/../lib/gcc/riscv-wch-elf/12.2.0/../../../../riscv-wch-elf/lib/rv32imc_zba_zbb_zbc_zbs_xw/ilp32\libnosys.a
END GROUP

.init           0x0000000000000000        0x4
                0x0000000000000000                _sinit = .
                0x0000000000000000                . = ALIGN (0x4)
 *(SORT_NONE(.init))
 .init          0x0000000000000000        0x4 ./Startup/startup_CH572.o
                0x0000000000000000                _start
                0x0000000000000004                . = ALIGN (0x4)
                0x0000000000000004                _einit = .

.highcode_initlalign
                0x0000000000000004        0x0
                0x0000000000000004                . = ALIGN (0x4)
                [!provide]                        PROVIDE (_highcode_init_lma = .)

.highcodelalign
                0x0000000000000004        0x0
                0x0000000000000004                . = ALIGN (0x4)
                0x0000000000000004                PROVIDE (_highcode_lma = .)

.highcode       0x0000000020000000      0xeac load address 0x0000000000000004
                0x0000000020000000                . = ALIGN (0x4)
                0x0000000020000000                PROVIDE (_highcode_vma_start = .)
                0x0000000020000000                . = ALIGN (0x400)
 *(.vector)
 .vector        0x0000000020000000       0x90 ./Startup/startup_CH572.o
                0x0000000020000000                _vector_base
 *(.highcode)
 *(.highcode.*)
 .highcode.SetSysClock
                0x0000000020000090      0x240 ./StdPeriphDriver/CH57x_sys.o
                0x0000000020000090                SetSysClock
 .highcode.HardFault_Handler
                0x00000000200002d0       0x84 ./StdPeriphDriver/CH57x_sys.o
                0x00000000200002d0                HardFault_Handler
 .highcode.SYS_GetClockValue
                0x0000000020000354       0x18 ./HAL/RTC.o
 .highcode.SYS_SetPendingIRQ
                0x000000002000036c        0xe ./HAL/RTC.o
 .highcode.RTC_IRQHandler
                0x000000002000037a       0x16 ./HAL/RTC.o
                0x000000002000037a                RTC_IRQHandler
 .highcode.Main_Circulation
                0x0000000020000390        0x8 ./APP/peripheral_main.o
                0x0000000020000390                Main_Circulation
 .highcode.FLASH_ROM_BEG_FF
                0x0000000020000398       0x34 c:/Users/seanw/Documents/Data D/CP4101/CH572EVT/EVT/EXAM/SRC/StdPeriphDriver\libISP572.a(ISP572.o)
                0x0000000020000398                FLASH_ROM_BEG_FF
 .highcode.FLASH_ROM_BEG
                0x00000000200003cc       0x14 c:/Users/seanw/Documents/Data D/CP4101/CH572EVT/EVT/EXAM/SRC/StdPeriphDriver\libISP572.a(ISP572.o)
                0x00000000200003cc                FLASH_ROM_BEG
 .highcode.FLASH_ROM_END
                0x00000000200003e0        0xe c:/Users/seanw/Documents/Data D/CP4101/CH572EVT/EVT/EXAM/SRC/StdPeriphDriver\libISP572.a(ISP572.o)
                0x00000000200003e0                FLASH_ROM_END
 .highcode.FLASH_ROM_IN
                0x00000000200003ee        0xe c:/Users/seanw/Documents/Data D/CP4101/CH572EVT/EVT/EXAM/SRC/StdPeriphDriver\libISP572.a(ISP572.o)
                0x00000000200003ee                FLASH_ROM_IN
 .highcode.FLASH_ROM_OUT
                0x00000000200003fc        0xe c:/Users/seanw/Documents/Data D/CP4101/CH572EVT/EVT/EXAM/SRC/StdPeriphDriver\libISP572.a(ISP572.o)
                0x00000000200003fc                FLASH_ROM_OUT
 .highcode.FLASH_ROM_ADDR
                0x000000002000040a       0x48 c:/Users/seanw/Documents/Data D/CP4101/CH572EVT/EVT/EXAM/SRC/StdPeriphDriver\libISP572.a(ISP572.o)
                0x000000002000040a                FLASH_ROM_ADDR
 .highcode.FLASH_ROM_WAIT
                0x0000000020000452       0x38 c:/Users/seanw/Documents/Data D/CP4101/CH572EVT/EVT/EXAM/SRC/StdPeriphDriver\libISP572.a(ISP572.o)
                0x0000000020000452                FLASH_ROM_WAIT
 .highcode.FLASH_START
                0x000000002000048a       0x36 c:/Users/seanw/Documents/Data D/CP4101/CH572EVT/EVT/EXAM/SRC/StdPeriphDriver\libISP572.a(ISP572.o)
                0x000000002000048a                FLASH_START
 .highcode.FLASH_CMD_ROM_WRITE
                0x00000000200004c0       0x60 c:/Users/seanw/Documents/Data D/CP4101/CH572EVT/EVT/EXAM/SRC/StdPeriphDriver\libISP572.a(ISP572.o)
                0x00000000200004c0                FLASH_CMD_ROM_WRITE
 .highcode.FLASH_CMD_ROM_ERASE
                0x0000000020000520       0x72 c:/Users/seanw/Documents/Data D/CP4101/CH572EVT/EVT/EXAM/SRC/StdPeriphDriver\libISP572.a(ISP572.o)
                0x0000000020000520                FLASH_CMD_ROM_ERASE
 .highcode.FLASH_CMD_ROM_VERIFY
                0x0000000020000592       0x50 c:/Users/seanw/Documents/Data D/CP4101/CH572EVT/EVT/EXAM/SRC/StdPeriphDriver\libISP572.a(ISP572.o)
                0x0000000020000592                FLASH_CMD_ROM_VERIFY
 .highcode.FLASH_CMD_ROM_PWR
                0x00000000200005e2       0x12 c:/Users/seanw/Documents/Data D/CP4101/CH572EVT/EVT/EXAM/SRC/StdPeriphDriver\libISP572.a(ISP572.o)
                0x00000000200005e2                FLASH_CMD_ROM_PWR
 .highcode.FLASH_CMD_GET_ROM_INFO
                0x00000000200005f4       0x60 c:/Users/seanw/Documents/Data D/CP4101/CH572EVT/EVT/EXAM/SRC/StdPeriphDriver\libISP572.a(ISP572.o)
                0x00000000200005f4                FLASH_CMD_GET_ROM_INFO
 .highcode.FLASH_CMD_GET_UNIQUE_ID
                0x0000000020000654       0x3e c:/Users/seanw/Documents/Data D/CP4101/CH572EVT/EVT/EXAM/SRC/StdPeriphDriver\libISP572.a(ISP572.o)
                0x0000000020000654                FLASH_CMD_GET_UNIQUE_ID
 .highcode.FLASH_CMD_ROM_SW_RESET
                0x0000000020000692       0x1a c:/Users/seanw/Documents/Data D/CP4101/CH572EVT/EVT/EXAM/SRC/StdPeriphDriver\libISP572.a(ISP572.o)
                0x0000000020000692                FLASH_CMD_ROM_SW_RESET
 .highcode.tmos_rand
                0x00000000200006ac       0x4a c:/Users/seanw/Documents/Data D/CP4101/CH572EVT/EVT/EXAM/BLE/LIB\libCH572BLE_PERI.a(tmos.o)
                0x00000000200006ac                tmos_rand
 .highcode.tmos_memcpy
                0x00000000200006f6       0x3e c:/Users/seanw/Documents/Data D/CP4101/CH572EVT/EVT/EXAM/BLE/LIB\libCH572BLE_PERI.a(tmos.o)
                0x00000000200006f6                tmos_memcpy
 .highcode.tmos_memset
                0x0000000020000734       0x40 c:/Users/seanw/Documents/Data D/CP4101/CH572EVT/EVT/EXAM/BLE/LIB\libCH572BLE_PERI.a(tmos.o)
                0x0000000020000734                tmos_memset
 .highcode.tmos_memcmp
                0x0000000020000774       0x4c c:/Users/seanw/Documents/Data D/CP4101/CH572EVT/EVT/EXAM/BLE/LIB\libCH572BLE_PERI.a(tmos.o)
                0x0000000020000774                tmos_memcmp
 .highcode.TMOS_SystemProcess
                0x00000000200007c0      0x1c4 c:/Users/seanw/Documents/Data D/CP4101/CH572EVT/EVT/EXAM/BLE/LIB\libCH572BLE_PERI.a(tmos.o)
                0x00000000200007c0                TMOS_SystemProcess
 .highcode.clockGetHSEValue
                0x0000000020000984       0x30 c:/Users/seanw/Documents/Data D/CP4101/CH572EVT/EVT/EXAM/BLE/LIB\libCH572BLE_PERI.a(tmos_hw.o)
 .highcode.BB_IRQLibHandler
                0x00000000200009b4       0x88 c:/Users/seanw/Documents/Data D/CP4101/CH572EVT/EVT/EXAM/BLE/LIB\libCH572BLE_PERI.a(bb.o)
                0x00000000200009b4                BB_IRQLibHandler
 .highcode.BB_IRQLibFunction
                0x0000000020000a3c        0x6 c:/Users/seanw/Documents/Data D/CP4101/CH572EVT/EVT/EXAM/BLE/LIB\libCH572BLE_PERI.a(bb.o)
                0x0000000020000a3c                BB_IRQLibFunction
 .highcode.ll_rx_wait_finish
                0x0000000020000a42       0x1e c:/Users/seanw/Documents/Data D/CP4101/CH572EVT/EVT/EXAM/BLE/LIB\libCH572BLE_PERI.a(ip.o)
                0x0000000020000a42                ll_rx_wait_finish
 .highcode.ll_rx_start
                0x0000000020000a60       0x72 c:/Users/seanw/Documents/Data D/CP4101/CH572EVT/EVT/EXAM/BLE/LIB\libCH572BLE_PERI.a(ip.o)
                0x0000000020000a60                ll_rx_start
 .highcode.ble_ll_chkcrc
                0x0000000020000ad2       0x64 c:/Users/seanw/Documents/Data D/CP4101/CH572EVT/EVT/EXAM/BLE/LIB\libCH572BLE_PERI.a(ip.o)
                0x0000000020000ad2                ble_ll_chkcrc
 .highcode.ll_tx_wait_finish
                0x0000000020000b36       0xf6 c:/Users/seanw/Documents/Data D/CP4101/CH572EVT/EVT/EXAM/BLE/LIB\libCH572BLE_PERI.a(ip.o)
                0x0000000020000b36                ll_tx_wait_finish
 .highcode.LLE_IRQLibHandler
                0x0000000020000c2c      0x128 c:/Users/seanw/Documents/Data D/CP4101/CH572EVT/EVT/EXAM/BLE/LIB\libCH572BLE_PERI.a(lle.o)
                0x0000000020000c2c                LLE_IRQLibHandler
 .highcode.LLE_IRQFIOFHandler
                0x0000000020000d54        0x6 c:/Users/seanw/Documents/Data D/CP4101/CH572EVT/EVT/EXAM/BLE/LIB\libCH572BLE_PERI.a(lle.o)
                0x0000000020000d54                LLE_IRQFIOFHandler
 .highcode.tmos_memory_free
                0x0000000020000d5a       0xc0 c:/Users/seanw/Documents/Data D/CP4101/CH572EVT/EVT/EXAM/BLE/LIB\libCH572BLE_PERI.a(memory.o)
                0x0000000020000d5a                tmos_memory_free
 .highcode.process_recv_data
                0x0000000020000e1a       0x3e c:/Users/seanw/Documents/Data D/CP4101/CH572EVT/EVT/EXAM/BLE/LIB\libCH572BLE_PERI.a(ll_connect.o)
                0x0000000020000e1a                process_recv_data
 .highcode.ll_wait_connect_event
                0x0000000020000e58        0xe c:/Users/seanw/Documents/Data D/CP4101/CH572EVT/EVT/EXAM/BLE/LIB\libCH572BLE_PERI.a(ll_connect.o)
                0x0000000020000e58                ll_wait_connect_event
 .highcode.LL_WhitelistLookup
                0x0000000020000e66       0x46 c:/Users/seanw/Documents/Data D/CP4101/CH572EVT/EVT/EXAM/BLE/LIB\libCH572BLE_PERI.a(ll_whitelist.o)
                0x0000000020000e66                LL_WhitelistLookup
                0x0000000020000eac                . = ALIGN (0x4)
 *fill*         0x0000000020000eac        0x0 
                0x0000000020000eac                PROVIDE (_highcode_vma_end = .)

.text           0x0000000000000eb0    0x13154
                0x0000000000000eb0                . = ALIGN (0x4)
 *(SORT_NONE(.handle_reset))
 .handle_reset  0x0000000000000eb0       0xb6 ./Startup/startup_CH572.o
                0x0000000000000eb0                handle_reset
 *(.text)
 .text          0x0000000000000f66       0x16 c:/mounriver/mounriver_studio2/resources/app/resources/win32/components/wch/toolchain/risc-v embedded gcc12/bin/../lib/gcc/riscv-wch-elf/12.2.0/../../../../riscv-wch-elf/lib/rv32imc_zba_zbb_zbc_zbs_xw/ilp32\libg_nano.a(lib_a-memcpy-asm.o)
                0x0000000000000f66                memcpy
 .text          0x0000000000000f7c       0x10 c:/mounriver/mounriver_studio2/resources/app/resources/win32/components/wch/toolchain/risc-v embedded gcc12/bin/../lib/gcc/riscv-wch-elf/12.2.0/../../../../riscv-wch-elf/lib/rv32imc_zba_zbb_zbc_zbs_xw/ilp32\libg_nano.a(lib_a-memset.o)
                0x0000000000000f7c                memset
 *(.text.*)
 .text.HSECFG_Capacitance
                0x0000000000000f8c       0x50 ./StdPeriphDriver/CH57x_clk.o
                0x0000000000000f8c                HSECFG_Capacitance
 .text.RTC_InitClock
                0x0000000000000fdc       0xea ./StdPeriphDriver/CH57x_clk.o
                0x0000000000000fdc                RTC_InitClock
 .text.RTC_InitTime
                0x00000000000010c6      0x1f8 ./StdPeriphDriver/CH57x_clk.o
                0x00000000000010c6                RTC_InitTime
 .text.FLASH_ROM_READ
                0x00000000000012be       0x1c ./StdPeriphDriver/CH57x_flash.o
                0x00000000000012be                FLASH_ROM_READ
 .text.GPIOA_ModeCfg
                0x00000000000012da       0x82 ./StdPeriphDriver/CH57x_gpio.o
                0x00000000000012da                GPIOA_ModeCfg
 .text.GetSysClock
                0x000000000000135c       0x5a ./StdPeriphDriver/CH57x_sys.o
                0x000000000000135c                GetSysClock
 .text.SYS_GetSysTickCnt
                0x00000000000013b6        0x8 ./StdPeriphDriver/CH57x_sys.o
                0x00000000000013b6                SYS_GetSysTickCnt
 .text._write   0x00000000000013be       0x26 ./StdPeriphDriver/CH57x_sys.o
                0x00000000000013be                _write
 .text._sbrk    0x00000000000013e4       0x2c ./StdPeriphDriver/CH57x_sys.o
                0x00000000000013e4                _sbrk
 .text.UART_BaudRateCfg
                0x0000000000001410       0x30 ./StdPeriphDriver/CH57x_uart.o
                0x0000000000001410                UART_BaudRateCfg
 .text.UART_DefInit
                0x0000000000001440       0x32 ./StdPeriphDriver/CH57x_uart.o
                0x0000000000001440                UART_DefInit
 .text.UART_Remap
                0x0000000000001472       0x28 ./StdPeriphDriver/CH57x_uart.o
                0x0000000000001472                UART_Remap
 .text.Lib_Read_Flash
                0x000000000000149a       0x16 ./HAL/MCU.o
                0x000000000000149a                Lib_Read_Flash
 .text.Lib_Write_Flash
                0x00000000000014b0       0x30 ./HAL/MCU.o
                0x00000000000014b0                Lib_Write_Flash
 .text.HAL_ProcessEvent
                0x00000000000014e0       0x98 ./HAL/MCU.o
                0x00000000000014e0                HAL_ProcessEvent
 .text.CH57x_BLEInit
                0x0000000000001578      0x14e ./HAL/MCU.o
                0x0000000000001578                CH57x_BLEInit
 .text.HAL_Init
                0x00000000000016c6       0x2c ./HAL/MCU.o
                0x00000000000016c6                HAL_Init
 .text.BLE_ClockConfig
                0x00000000000016f2       0x26 ./HAL/RTC.o
                0x00000000000016f2                BLE_ClockConfig
 .text.HAL_TimeInit
                0x0000000000001718      0x100 ./HAL/RTC.o
                0x0000000000001718                HAL_TimeInit
 .text.GET_WakeUpLSIMaxTime
                0x0000000000001818       0xca ./HAL/SLEEP.o
                0x0000000000001818                GET_WakeUpLSIMaxTime
 .text.Peripheral_ProcessEvent
                0x00000000000018e2       0x80 ./APP/peripheral.o
                0x00000000000018e2                Peripheral_ProcessEvent
 .text.Peripheral_Init
                0x0000000000001962       0xa6 ./APP/peripheral.o
                0x0000000000001962                Peripheral_Init
 .text.startup.main
                0x0000000000001a08       0x5e ./APP/peripheral_main.o
                0x0000000000001a08                main
 .text.FLASH_EEPROM_CMD
                0x0000000000001a66      0x136 c:/Users/seanw/Documents/Data D/CP4101/CH572EVT/EVT/EXAM/SRC/StdPeriphDriver\libISP572.a(ISP572.o)
                0x0000000000001a66                FLASH_EEPROM_CMD
 .text.tmos_msg_enqueue
                0x0000000000001b9c       0x1e c:/Users/seanw/Documents/Data D/CP4101/CH572EVT/EVT/EXAM/BLE/LIB\libCH572BLE_PERI.a(message.o)
                0x0000000000001b9c                tmos_msg_enqueue
 .text.tmos_msg_deallocate
                0x0000000000001bba       0x52 c:/Users/seanw/Documents/Data D/CP4101/CH572EVT/EVT/EXAM/BLE/LIB\libCH572BLE_PERI.a(message.o)
                0x0000000000001bba                tmos_msg_deallocate
 .text.tmos_msg_allocate
                0x0000000000001c0c       0x62 c:/Users/seanw/Documents/Data D/CP4101/CH572EVT/EVT/EXAM/BLE/LIB\libCH572BLE_PERI.a(message.o)
                0x0000000000001c0c                tmos_msg_allocate
 .text.tmos_msg_receive
                0x0000000000001c6e       0x98 c:/Users/seanw/Documents/Data D/CP4101/CH572EVT/EVT/EXAM/BLE/LIB\libCH572BLE_PERI.a(message.o)
                0x0000000000001c6e                tmos_msg_receive
 .text.tmos_msg_send
                0x0000000000001d06       0x90 c:/Users/seanw/Documents/Data D/CP4101/CH572EVT/EVT/EXAM/BLE/LIB\libCH572BLE_PERI.a(message.o)
                0x0000000000001d06                tmos_msg_send
 .text.tmos_msg_init
                0x0000000000001d96        0x6 c:/Users/seanw/Documents/Data D/CP4101/CH572EVT/EVT/EXAM/BLE/LIB\libCH572BLE_PERI.a(message.o)
                0x0000000000001d96                tmos_msg_init
 .text.TMOS_CB_ProcessEvent
                0x0000000000001d9c       0x6a c:/Users/seanw/Documents/Data D/CP4101/CH572EVT/EVT/EXAM/BLE/LIB\libCH572BLE_PERI.a(tmos.o)
                0x0000000000001d9c                TMOS_CB_ProcessEvent
 .text.tmos_memdup
                0x0000000000001e06       0x56 c:/Users/seanw/Documents/Data D/CP4101/CH572EVT/EVT/EXAM/BLE/LIB\libCH572BLE_PERI.a(tmos.o)
                0x0000000000001e06                tmos_memdup
 .text.tmos_get_periodic_task_time
                0x0000000000001e5c       0x24 c:/Users/seanw/Documents/Data D/CP4101/CH572EVT/EVT/EXAM/BLE/LIB\libCH572BLE_PERI.a(tmos.o)
                0x0000000000001e5c                tmos_get_periodic_task_time
 .text.tmos_clear_event
                0x0000000000001e80       0x40 c:/Users/seanw/Documents/Data D/CP4101/CH572EVT/EVT/EXAM/BLE/LIB\libCH572BLE_PERI.a(tmos.o)
                0x0000000000001e80                tmos_clear_event
 .text.tmos_update_callback_timer
                0x0000000000001ec0       0xce c:/Users/seanw/Documents/Data D/CP4101/CH572EVT/EVT/EXAM/BLE/LIB\libCH572BLE_PERI.a(tmos.o)
                0x0000000000001ec0                tmos_update_callback_timer
 .text.tmos_start_task
                0x0000000000001f8e      0x140 c:/Users/seanw/Documents/Data D/CP4101/CH572EVT/EVT/EXAM/BLE/LIB\libCH572BLE_PERI.a(tmos.o)
                0x0000000000001f8e                tmos_start_task
 .text.tmos_start_callback_task
                0x00000000000020ce       0xb6 c:/Users/seanw/Documents/Data D/CP4101/CH572EVT/EVT/EXAM/BLE/LIB\libCH572BLE_PERI.a(tmos.o)
                0x00000000000020ce                tmos_start_callback_task
 .text.tmos_stop_task
                0x0000000000002184       0x8e c:/Users/seanw/Documents/Data D/CP4101/CH572EVT/EVT/EXAM/BLE/LIB\libCH572BLE_PERI.a(tmos.o)
                0x0000000000002184                tmos_stop_task
 .text.tmos_stop_callback_task
                0x0000000000002212       0x7a c:/Users/seanw/Documents/Data D/CP4101/CH572EVT/EVT/EXAM/BLE/LIB\libCH572BLE_PERI.a(tmos.o)
                0x0000000000002212                tmos_stop_callback_task
 .text.tmos_idle
                0x000000000000228c       0xea c:/Users/seanw/Documents/Data D/CP4101/CH572EVT/EVT/EXAM/BLE/LIB\libCH572BLE_PERI.a(tmos.o)
                0x000000000000228c                tmos_idle
 .text.TMOS_TimerRegister
                0x0000000000002376       0x1a c:/Users/seanw/Documents/Data D/CP4101/CH572EVT/EVT/EXAM/BLE/LIB\libCH572BLE_PERI.a(tmos.o)
                0x0000000000002376                TMOS_TimerRegister
 .text.TMOS_ClockRegister
                0x0000000000002390        0x8 c:/Users/seanw/Documents/Data D/CP4101/CH572EVT/EVT/EXAM/BLE/LIB\libCH572BLE_PERI.a(tmos.o)
                0x0000000000002390                TMOS_ClockRegister
 .text.TMOS_Init
                0x0000000000002398       0xc4 c:/Users/seanw/Documents/Data D/CP4101/CH572EVT/EVT/EXAM/BLE/LIB\libCH572BLE_PERI.a(tmos.o)
                0x0000000000002398                TMOS_Init
 .text.TMOS_ProcessEventRegister
                0x000000000000245c       0x2a c:/Users/seanw/Documents/Data D/CP4101/CH572EVT/EVT/EXAM/BLE/LIB\libCH572BLE_PERI.a(tmos.o)
                0x000000000000245c                TMOS_ProcessEventRegister
 .text.BLE_LibInit
                0x0000000000002486       0xd4 c:/Users/seanw/Documents/Data D/CP4101/CH572EVT/EVT/EXAM/BLE/LIB\libCH572BLE_PERI.a(tmos.o)
                0x0000000000002486                BLE_LibInit
 .text.clockGetTickValve
                0x000000000000255a       0x80 c:/Users/seanw/Documents/Data D/CP4101/CH572EVT/EVT/EXAM/BLE/LIB\libCH572BLE_PERI.a(tmos_hw.o)
 .text.ll_get_sca_divisor
                0x00000000000025da       0x40 c:/Users/seanw/Documents/Data D/CP4101/CH572EVT/EVT/EXAM/BLE/LIB\libCH572BLE_PERI.a(tmos_hw.o)
                0x00000000000025da                ll_get_sca_divisor
 .text.ll_get_sca_own
                0x000000000000261a       0x46 c:/Users/seanw/Documents/Data D/CP4101/CH572EVT/EVT/EXAM/BLE/LIB\libCH572BLE_PERI.a(tmos_hw.o)
                0x000000000000261a                ll_get_sca_own
 .text.ble_ll_common_rand8
                0x0000000000002660       0x2c c:/Users/seanw/Documents/Data D/CP4101/CH572EVT/EVT/EXAM/BLE/LIB\libCH572BLE_PERI.a(tmos_hw.o)
                0x0000000000002660                ble_ll_common_rand8
 .text.ble_ll_common_rand16
                0x000000000000268c       0x2c c:/Users/seanw/Documents/Data D/CP4101/CH572EVT/EVT/EXAM/BLE/LIB\libCH572BLE_PERI.a(tmos_hw.o)
                0x000000000000268c                ble_ll_common_rand16
 .text.ble_ll_common_rand32
                0x00000000000026b8       0x26 c:/Users/seanw/Documents/Data D/CP4101/CH572EVT/EVT/EXAM/BLE/LIB\libCH572BLE_PERI.a(tmos_hw.o)
                0x00000000000026b8                ble_ll_common_rand32
 .text.TMOS_TimerSet
                0x00000000000026de       0x32 c:/Users/seanw/Documents/Data D/CP4101/CH572EVT/EVT/EXAM/BLE/LIB\libCH572BLE_PERI.a(tmos_hw.o)
                0x00000000000026de                TMOS_TimerSet
 .text.TMOS_TimerInit
                0x0000000000002710       0xc8 c:/Users/seanw/Documents/Data D/CP4101/CH572EVT/EVT/EXAM/BLE/LIB\libCH572BLE_PERI.a(tmos_hw.o)
                0x0000000000002710                TMOS_TimerInit
 .text.tmos_snv_init
                0x00000000000027d8       0xa2 c:/Users/seanw/Documents/Data D/CP4101/CH572EVT/EVT/EXAM/BLE/LIB\libCH572BLE_PERI.a(tmos_snv.o)
                0x00000000000027d8                tmos_snv_init
 .text.tmos_snv_read
                0x000000000000287a      0x23c c:/Users/seanw/Documents/Data D/CP4101/CH572EVT/EVT/EXAM/BLE/LIB\libCH572BLE_PERI.a(tmos_snv.o)
                0x000000000000287a                tmos_snv_read
 .text.tmos_snv_notify
                0x0000000000002ab6       0x54 c:/Users/seanw/Documents/Data D/CP4101/CH572EVT/EVT/EXAM/BLE/LIB\libCH572BLE_PERI.a(tmos_snv.o)
                0x0000000000002ab6                tmos_snv_notify
 .text.tmos_snv_write
                0x0000000000002b0a      0x23e c:/Users/seanw/Documents/Data D/CP4101/CH572EVT/EVT/EXAM/BLE/LIB\libCH572BLE_PERI.a(tmos_snv.o)
                0x0000000000002b0a                tmos_snv_write
 .text.tmos_snv_compact
                0x0000000000002d48        0x4 c:/Users/seanw/Documents/Data D/CP4101/CH572EVT/EVT/EXAM/BLE/LIB\libCH572BLE_PERI.a(tmos_snv.o)
                0x0000000000002d48                tmos_snv_compact
 .text.gattProcessExchangeMTUReq
                0x0000000000002d4c        0x4 c:/Users/seanw/Documents/Data D/CP4101/CH572EVT/EVT/EXAM/BLE/LIB\libCH572BLE_PERI.a(gattservapp.o)
 .text.gattServApp_FindCharCfgItem
                0x0000000000002d50       0x22 c:/Users/seanw/Documents/Data D/CP4101/CH572EVT/EVT/EXAM/BLE/LIB\libCH572BLE_PERI.a(gattservapp.o)
 .text.gattServerHandleTimerCB
                0x0000000000002d72       0x30 c:/Users/seanw/Documents/Data D/CP4101/CH572EVT/EVT/EXAM/BLE/LIB\libCH572BLE_PERI.a(gattservapp.o)
 .text.GATTServApp_InitCharCfg.part.0
                0x0000000000002da2       0x1a c:/Users/seanw/Documents/Data D/CP4101/CH572EVT/EVT/EXAM/BLE/LIB\libCH572BLE_PERI.a(gattservapp.o)
 .text.gattProcessExecuteWriteReq
                0x0000000000002dbc        0x4 c:/Users/seanw/Documents/Data D/CP4101/CH572EVT/EVT/EXAM/BLE/LIB\libCH572BLE_PERI.a(gattservapp.o)
 .text.GATTServApp_ParamInit
                0x0000000000002dc0       0xb4 c:/Users/seanw/Documents/Data D/CP4101/CH572EVT/EVT/EXAM/BLE/LIB\libCH572BLE_PERI.a(gattservapp.o)
                0x0000000000002dc0                GATTServApp_ParamInit
 .text.GATTServApp_ReadCharCfg
                0x0000000000002e74       0x14 c:/Users/seanw/Documents/Data D/CP4101/CH572EVT/EVT/EXAM/BLE/LIB\libCH572BLE_PERI.a(gattservapp.o)
                0x0000000000002e74                GATTServApp_ReadCharCfg
 .text.GATTServApp_WriteCharCfg
                0x0000000000002e88       0x36 c:/Users/seanw/Documents/Data D/CP4101/CH572EVT/EVT/EXAM/BLE/LIB\libCH572BLE_PERI.a(gattservapp.o)
                0x0000000000002e88                GATTServApp_WriteCharCfg
 .text.GATTServApp_ProcessCCCWriteReq
                0x0000000000002ebe       0x50 c:/Users/seanw/Documents/Data D/CP4101/CH572EVT/EVT/EXAM/BLE/LIB\libCH572BLE_PERI.a(gattservapp.o)
                0x0000000000002ebe                GATTServApp_ProcessCCCWriteReq
 .text.gattServApp_WriteAttrCB
                0x0000000000002f0e       0x2a c:/Users/seanw/Documents/Data D/CP4101/CH572EVT/EVT/EXAM/BLE/LIB\libCH572BLE_PERI.a(gattservapp.o)
                0x0000000000002f0e                gattServApp_WriteAttrCB
 .text.GATTServApp_SendCCCUpdatedEvent
                0x0000000000002f38       0x60 c:/Users/seanw/Documents/Data D/CP4101/CH572EVT/EVT/EXAM/BLE/LIB\libCH572BLE_PERI.a(gattservapp.o)
                0x0000000000002f38                GATTServApp_SendCCCUpdatedEvent
 .text.GATTServApp_SendServiceChangedInd
                0x0000000000002f98       0x32 c:/Users/seanw/Documents/Data D/CP4101/CH572EVT/EVT/EXAM/BLE/LIB\libCH572BLE_PERI.a(gattservapp.o)
                0x0000000000002f98                GATTServApp_SendServiceChangedInd
 .text.gattServApp_ClearPrepareWriteQ
                0x0000000000002fca       0x4c c:/Users/seanw/Documents/Data D/CP4101/CH572EVT/EVT/EXAM/BLE/LIB\libCH572BLE_PERI.a(gattservapp.o)
                0x0000000000002fca                gattServApp_ClearPrepareWriteQ
 .text.gattServApp_FindPrepareWriteQ
                0x0000000000003016       0x2a c:/Users/seanw/Documents/Data D/CP4101/CH572EVT/EVT/EXAM/BLE/LIB\libCH572BLE_PERI.a(gattservapp.o)
                0x0000000000003016                gattServApp_FindPrepareWriteQ
 .text.gattServApp_FindServiceCBs
                0x0000000000003040       0x18 c:/Users/seanw/Documents/Data D/CP4101/CH572EVT/EVT/EXAM/BLE/LIB\libCH572BLE_PERI.a(gattservapp.o)
                0x0000000000003040                gattServApp_FindServiceCBs
 .text.gattServApp_FindAuthorizeAttrCB
                0x0000000000003058       0x14 c:/Users/seanw/Documents/Data D/CP4101/CH572EVT/EVT/EXAM/BLE/LIB\libCH572BLE_PERI.a(gattservapp.o)
                0x0000000000003058                gattServApp_FindAuthorizeAttrCB
 .text.gattServApp_IsWriteLong
                0x000000000000306c       0xf4 c:/Users/seanw/Documents/Data D/CP4101/CH572EVT/EVT/EXAM/BLE/LIB\libCH572BLE_PERI.a(gattservapp.o)
                0x000000000000306c                gattServApp_IsWriteLong
 .text.gattFindService
                0x0000000000003160       0x1a c:/Users/seanw/Documents/Data D/CP4101/CH572EVT/EVT/EXAM/BLE/LIB\libCH572BLE_PERI.a(gattservapp.o)
                0x0000000000003160                gattFindService
 .text.GATT_ServiceNumAttrs
                0x000000000000317a       0x14 c:/Users/seanw/Documents/Data D/CP4101/CH572EVT/EVT/EXAM/BLE/LIB\libCH572BLE_PERI.a(gattservapp.o)
                0x000000000000317a                GATT_ServiceNumAttrs
 .text.GATT_ServiceEncKeySize
                0x000000000000318e       0x14 c:/Users/seanw/Documents/Data D/CP4101/CH572EVT/EVT/EXAM/BLE/LIB\libCH572BLE_PERI.a(gattservapp.o)
                0x000000000000318e                GATT_ServiceEncKeySize
 .text.gattResetServerInfo
                0x00000000000031a2       0x1a c:/Users/seanw/Documents/Data D/CP4101/CH572EVT/EVT/EXAM/BLE/LIB\libCH572BLE_PERI.a(gattservapp.o)
                0x00000000000031a2                gattResetServerInfo
 .text.gattFindServerInfo
                0x00000000000031bc       0x20 c:/Users/seanw/Documents/Data D/CP4101/CH572EVT/EVT/EXAM/BLE/LIB\libCH572BLE_PERI.a(gattservapp.o)
                0x00000000000031bc                gattFindServerInfo
 .text.gattServerHandleConnStatusCB
                0x00000000000031dc       0x84 c:/Users/seanw/Documents/Data D/CP4101/CH572EVT/EVT/EXAM/BLE/LIB\libCH572BLE_PERI.a(gattservapp.o)
                0x00000000000031dc                gattServerHandleConnStatusCB
 .text.gattServerProcessMsgCB
                0x0000000000003260      0x17e c:/Users/seanw/Documents/Data D/CP4101/CH572EVT/EVT/EXAM/BLE/LIB\libCH572BLE_PERI.a(gattservapp.o)
                0x0000000000003260                gattServerProcessMsgCB
 .text.gattServerNotifyTxCB
                0x00000000000033de       0x24 c:/Users/seanw/Documents/Data D/CP4101/CH572EVT/EVT/EXAM/BLE/LIB\libCH572BLE_PERI.a(gattservapp.o)
 .text.GATT_FindHandle
                0x0000000000003402       0x46 c:/Users/seanw/Documents/Data D/CP4101/CH572EVT/EVT/EXAM/BLE/LIB\libCH572BLE_PERI.a(gattservapp.o)
                0x0000000000003402                GATT_FindHandle
 .text.GATTServApp_WriteAttr
                0x0000000000003448       0xa0 c:/Users/seanw/Documents/Data D/CP4101/CH572EVT/EVT/EXAM/BLE/LIB\libCH572BLE_PERI.a(gattservapp.o)
                0x0000000000003448                GATTServApp_WriteAttr
 .text.gattServApp_ProcessExecuteWriteReq
                0x00000000000034e8      0x104 c:/Users/seanw/Documents/Data D/CP4101/CH572EVT/EVT/EXAM/BLE/LIB\libCH572BLE_PERI.a(gattservapp.o)
                0x00000000000034e8                gattServApp_ProcessExecuteWriteReq
 .text.GATTServApp_UpdateCharCfg
                0x00000000000035ec       0x1a c:/Users/seanw/Documents/Data D/CP4101/CH572EVT/EVT/EXAM/BLE/LIB\libCH572BLE_PERI.a(gattservapp.o)
                0x00000000000035ec                GATTServApp_UpdateCharCfg
 .text.gattServApp_ProcessPrepareWriteReq
                0x0000000000003606       0xec c:/Users/seanw/Documents/Data D/CP4101/CH572EVT/EVT/EXAM/BLE/LIB\libCH572BLE_PERI.a(gattservapp.o)
                0x0000000000003606                gattServApp_ProcessPrepareWriteReq
 .text.gattServApp_ProcessWriteReq
                0x00000000000036f2       0x92 c:/Users/seanw/Documents/Data D/CP4101/CH572EVT/EVT/EXAM/BLE/LIB\libCH572BLE_PERI.a(gattservapp.o)
                0x00000000000036f2                gattServApp_ProcessWriteReq
 .text.GATT_Indication
                0x0000000000003784       0xa2 c:/Users/seanw/Documents/Data D/CP4101/CH572EVT/EVT/EXAM/BLE/LIB\libCH572BLE_PERI.a(gattservapp.o)
                0x0000000000003784                GATT_Indication
 .text.GATT_FindHandleUUID
                0x0000000000003826       0x88 c:/Users/seanw/Documents/Data D/CP4101/CH572EVT/EVT/EXAM/BLE/LIB\libCH572BLE_PERI.a(gattservapp.o)
                0x0000000000003826                GATT_FindHandleUUID
 .text.gattProcessReadByGrpTypeReq
                0x00000000000038ae       0x4a c:/Users/seanw/Documents/Data D/CP4101/CH572EVT/EVT/EXAM/BLE/LIB\libCH572BLE_PERI.a(gattservapp.o)
 .text.gattProcessReadByTypeReq
                0x00000000000038f8       0x2c c:/Users/seanw/Documents/Data D/CP4101/CH572EVT/EVT/EXAM/BLE/LIB\libCH572BLE_PERI.a(gattservapp.o)
 .text.gattProcessFindByTypeValueReq
                0x0000000000003924       0x2c c:/Users/seanw/Documents/Data D/CP4101/CH572EVT/EVT/EXAM/BLE/LIB\libCH572BLE_PERI.a(gattservapp.o)
 .text.gattProcessFindInfoReq
                0x0000000000003950      0x16c c:/Users/seanw/Documents/Data D/CP4101/CH572EVT/EVT/EXAM/BLE/LIB\libCH572BLE_PERI.a(gattservapp.o)
 .text.GATT_VerifyWritePermissions
                0x0000000000003abc       0x76 c:/Users/seanw/Documents/Data D/CP4101/CH572EVT/EVT/EXAM/BLE/LIB\libCH572BLE_PERI.a(gattservapp.o)
                0x0000000000003abc                GATT_VerifyWritePermissions
 .text.gattProcessWriteReq
                0x0000000000003b32       0x32 c:/Users/seanw/Documents/Data D/CP4101/CH572EVT/EVT/EXAM/BLE/LIB\libCH572BLE_PERI.a(gattservapp.o)
 .text.GATT_VerifyPrepareWritePermissions
                0x0000000000003b64       0x6c c:/Users/seanw/Documents/Data D/CP4101/CH572EVT/EVT/EXAM/BLE/LIB\libCH572BLE_PERI.a(gattservapp.o)
                0x0000000000003b64                GATT_VerifyPrepareWritePermissions
 .text.gattProcessPrepareWriteReq
                0x0000000000003bd0       0x32 c:/Users/seanw/Documents/Data D/CP4101/CH572EVT/EVT/EXAM/BLE/LIB\libCH572BLE_PERI.a(gattservapp.o)
 .text.GATT_FindNextAttr
                0x0000000000003c02       0xa6 c:/Users/seanw/Documents/Data D/CP4101/CH572EVT/EVT/EXAM/BLE/LIB\libCH572BLE_PERI.a(gattservapp.o)
                0x0000000000003c02                GATT_FindNextAttr
 .text.GATTServApp_ReadAttr
                0x0000000000003ca8      0x2b0 c:/Users/seanw/Documents/Data D/CP4101/CH572EVT/EVT/EXAM/BLE/LIB\libCH572BLE_PERI.a(gattservapp.o)
                0x0000000000003ca8                GATTServApp_ReadAttr
 .text.gattServApp_ProcessReadMultiReq
                0x0000000000003f58      0x150 c:/Users/seanw/Documents/Data D/CP4101/CH572EVT/EVT/EXAM/BLE/LIB\libCH572BLE_PERI.a(gattservapp.o)
                0x0000000000003f58                gattServApp_ProcessReadMultiReq
 .text.gattServApp_ProcessFindByTypeValueReq
                0x00000000000040a8      0x184 c:/Users/seanw/Documents/Data D/CP4101/CH572EVT/EVT/EXAM/BLE/LIB\libCH572BLE_PERI.a(gattservapp.o)
                0x00000000000040a8                gattServApp_ProcessFindByTypeValueReq
 .text.GATT_VerifyReadPermissions
                0x000000000000422c       0x68 c:/Users/seanw/Documents/Data D/CP4101/CH572EVT/EVT/EXAM/BLE/LIB\libCH572BLE_PERI.a(gattservapp.o)
                0x000000000000422c                GATT_VerifyReadPermissions
 .text.gattProcessReadMultiReq
                0x0000000000004294       0x98 c:/Users/seanw/Documents/Data D/CP4101/CH572EVT/EVT/EXAM/BLE/LIB\libCH572BLE_PERI.a(gattservapp.o)
 .text.gattProcessReadReq
                0x000000000000432c       0x2e c:/Users/seanw/Documents/Data D/CP4101/CH572EVT/EVT/EXAM/BLE/LIB\libCH572BLE_PERI.a(gattservapp.o)
 .text.gattServApp_ProcessReadByGrpTypeReq
                0x000000000000435a      0x1cc c:/Users/seanw/Documents/Data D/CP4101/CH572EVT/EVT/EXAM/BLE/LIB\libCH572BLE_PERI.a(gattservapp.o)
                0x000000000000435a                gattServApp_ProcessReadByGrpTypeReq
 .text.gattServApp_ProcessReadByTypeReq
                0x0000000000004526      0x170 c:/Users/seanw/Documents/Data D/CP4101/CH572EVT/EVT/EXAM/BLE/LIB\libCH572BLE_PERI.a(gattservapp.o)
                0x0000000000004526                gattServApp_ProcessReadByTypeReq
 .text.GATTServApp_RegisterForMsg
                0x0000000000004696        0x6 c:/Users/seanw/Documents/Data D/CP4101/CH572EVT/EVT/EXAM/BLE/LIB\libCH572BLE_PERI.a(gattservapp.o)
                0x0000000000004696                GATTServApp_RegisterForMsg
 .text.GATTServApp_InitCharCfg
                0x000000000000469c       0x26 c:/Users/seanw/Documents/Data D/CP4101/CH572EVT/EVT/EXAM/BLE/LIB\libCH572BLE_PERI.a(gattservapp.o)
                0x000000000000469c                GATTServApp_InitCharCfg
 .text.gattServApp_HandleConnStatusCB
                0x00000000000046c2       0x6c c:/Users/seanw/Documents/Data D/CP4101/CH572EVT/EVT/EXAM/BLE/LIB\libCH572BLE_PERI.a(gattservapp.o)
                0x00000000000046c2                gattServApp_HandleConnStatusCB
 .text.GATT_InitServer
                0x000000000000472e       0xe8 c:/Users/seanw/Documents/Data D/CP4101/CH572EVT/EVT/EXAM/BLE/LIB\libCH572BLE_PERI.a(gattservapp.o)
                0x000000000000472e                GATT_InitServer
 .text.GATTServApp_Init
                0x0000000000004816       0x32 c:/Users/seanw/Documents/Data D/CP4101/CH572EVT/EVT/EXAM/BLE/LIB\libCH572BLE_PERI.a(gattservapp.o)
                0x0000000000004816                GATTServApp_Init
 .text.GATTServApp_ProcessEvent
                0x0000000000004848      0x2e4 c:/Users/seanw/Documents/Data D/CP4101/CH572EVT/EVT/EXAM/BLE/LIB\libCH572BLE_PERI.a(gattservapp.o)
                0x0000000000004848                GATTServApp_ProcessEvent
 .text.l2capHandleConnStatusCB
                0x0000000000004b2c        0x2 c:/Users/seanw/Documents/Data D/CP4101/CH572EVT/EVT/EXAM/BLE/LIB\libCH572BLE_PERI.a(l2cap.o)
                0x0000000000004b2c                l2capHandleConnStatusCB
 .text.l2capFreeChannel
                0x0000000000004b2e       0x4c c:/Users/seanw/Documents/Data D/CP4101/CH572EVT/EVT/EXAM/BLE/LIB\libCH572BLE_PERI.a(l2cap.o)
                0x0000000000004b2e                l2capFreeChannel
 .text.l2capHandleTimerCB
                0x0000000000004b7a       0x26 c:/Users/seanw/Documents/Data D/CP4101/CH572EVT/EVT/EXAM/BLE/LIB\libCH572BLE_PERI.a(l2cap.o)
                0x0000000000004b7a                l2capHandleTimerCB
 .text.l2capFreePendingPkt
                0x0000000000004ba0       0x52 c:/Users/seanw/Documents/Data D/CP4101/CH572EVT/EVT/EXAM/BLE/LIB\libCH572BLE_PERI.a(l2cap.o)
                0x0000000000004ba0                l2capFreePendingPkt
 .text.l2capHandleRxError
                0x0000000000004bf2        0x2 c:/Users/seanw/Documents/Data D/CP4101/CH572EVT/EVT/EXAM/BLE/LIB\libCH572BLE_PERI.a(l2cap.o)
                0x0000000000004bf2                l2capHandleRxError
 .text.l2capStartTimer
                0x0000000000004bf4       0x1a c:/Users/seanw/Documents/Data D/CP4101/CH572EVT/EVT/EXAM/BLE/LIB\libCH572BLE_PERI.a(l2cap.o)
                0x0000000000004bf4                l2capStartTimer
 .text.l2capStopTimer
                0x0000000000004c0e       0x1a c:/Users/seanw/Documents/Data D/CP4101/CH572EVT/EVT/EXAM/BLE/LIB\libCH572BLE_PERI.a(l2cap.o)
                0x0000000000004c0e                l2capStopTimer
 .text.L2CAP_GetMTU
                0x0000000000004c28        0x6 c:/Users/seanw/Documents/Data D/CP4101/CH572EVT/EVT/EXAM/BLE/LIB\libCH572BLE_PERI.a(l2cap.o)
                0x0000000000004c28                L2CAP_GetMTU
 .text.L2CAP_HostNumCompletedPkts
                0x0000000000004c2e        0x2 c:/Users/seanw/Documents/Data D/CP4101/CH572EVT/EVT/EXAM/BLE/LIB\libCH572BLE_PERI.a(l2cap.o)
                0x0000000000004c2e                L2CAP_HostNumCompletedPkts
 .text.L2CAP_RegisterApp
                0x0000000000004c30       0x2a c:/Users/seanw/Documents/Data D/CP4101/CH572EVT/EVT/EXAM/BLE/LIB\libCH572BLE_PERI.a(l2cap.o)
                0x0000000000004c30                L2CAP_RegisterApp
 .text.L2CAP_SetBufSize
                0x0000000000004c5a       0x18 c:/Users/seanw/Documents/Data D/CP4101/CH572EVT/EVT/EXAM/BLE/LIB\libCH572BLE_PERI.a(l2cap.o)
                0x0000000000004c5a                L2CAP_SetBufSize
 .text.L2CAP_bm_alloc
                0x0000000000004c72       0x26 c:/Users/seanw/Documents/Data D/CP4101/CH572EVT/EVT/EXAM/BLE/LIB\libCH572BLE_PERI.a(l2cap.o)
                0x0000000000004c72                L2CAP_bm_alloc
 .text.L2CAP_Init
                0x0000000000004c98       0x7c c:/Users/seanw/Documents/Data D/CP4101/CH572EVT/EVT/EXAM/BLE/LIB\libCH572BLE_PERI.a(l2cap.o)
                0x0000000000004c98                L2CAP_Init
 .text.L2CAP_ProcessEvent
                0x0000000000004d14       0xb6 c:/Users/seanw/Documents/Data D/CP4101/CH572EVT/EVT/EXAM/BLE/LIB\libCH572BLE_PERI.a(l2cap.o)
                0x0000000000004d14                L2CAP_ProcessEvent
 .text.l2capParseCmdReject
                0x0000000000004dca       0x42 c:/Users/seanw/Documents/Data D/CP4101/CH572EVT/EVT/EXAM/BLE/LIB\libCH572BLE_PERI.a(l2cap_input.o)
                0x0000000000004dca                l2capParseCmdReject
 .text.L2CAP_ParseParamUpdateReq
                0x0000000000004e0c       0x36 c:/Users/seanw/Documents/Data D/CP4101/CH572EVT/EVT/EXAM/BLE/LIB\libCH572BLE_PERI.a(l2cap_input.o)
                0x0000000000004e0c                L2CAP_ParseParamUpdateReq
 .text.l2capParseSignalHdr
                0x0000000000004e42       0x14 c:/Users/seanw/Documents/Data D/CP4101/CH572EVT/EVT/EXAM/BLE/LIB\libCH572BLE_PERI.a(l2cap_input.o)
                0x0000000000004e42                l2capParseSignalHdr
 .text.l2capParsePacket
                0x0000000000004e56       0x60 c:/Users/seanw/Documents/Data D/CP4101/CH572EVT/EVT/EXAM/BLE/LIB\libCH572BLE_PERI.a(l2cap_input.o)
                0x0000000000004e56                l2capParsePacket
 .text.l2capProcessReq
                0x0000000000004eb6       0x58 c:/Users/seanw/Documents/Data D/CP4101/CH572EVT/EVT/EXAM/BLE/LIB\libCH572BLE_PERI.a(l2cap_input.o)
                0x0000000000004eb6                l2capProcessReq
 .text.l2capProcessRsp
                0x0000000000004f0e       0x9c c:/Users/seanw/Documents/Data D/CP4101/CH572EVT/EVT/EXAM/BLE/LIB\libCH572BLE_PERI.a(l2cap_input.o)
                0x0000000000004f0e                l2capProcessRsp
 .text.l2capProcessRxData
                0x0000000000004faa       0xd2 c:/Users/seanw/Documents/Data D/CP4101/CH572EVT/EVT/EXAM/BLE/LIB\libCH572BLE_PERI.a(l2cap_input.o)
                0x0000000000004faa                l2capProcessRxData
 .text.l2capNotifyData
                0x000000000000507c       0x5e c:/Users/seanw/Documents/Data D/CP4101/CH572EVT/EVT/EXAM/BLE/LIB\libCH572BLE_PERI.a(l2cap_output.o)
                0x000000000000507c                l2capNotifyData
 .text.l2capNotifySignal
                0x00000000000050da       0x8a c:/Users/seanw/Documents/Data D/CP4101/CH572EVT/EVT/EXAM/BLE/LIB\libCH572BLE_PERI.a(l2cap_output.o)
                0x00000000000050da                l2capNotifySignal
 .text.l2capNotifyEvent
                0x0000000000005164       0x30 c:/Users/seanw/Documents/Data D/CP4101/CH572EVT/EVT/EXAM/BLE/LIB\libCH572BLE_PERI.a(l2cap_output.o)
                0x0000000000005164                l2capNotifyEvent
 .text.l2capStoreFCPkt
                0x0000000000005194       0x2a c:/Users/seanw/Documents/Data D/CP4101/CH572EVT/EVT/EXAM/BLE/LIB\libCH572BLE_PERI.a(l2cap_output.o)
                0x0000000000005194                l2capStoreFCPkt
 .text.l2capEncapSendData
                0x00000000000051be       0x8e c:/Users/seanw/Documents/Data D/CP4101/CH572EVT/EVT/EXAM/BLE/LIB\libCH572BLE_PERI.a(l2cap_output.o)
                0x00000000000051be                l2capEncapSendData
 .text.l2capSendFCPkt.part.0
                0x000000000000524c       0x60 c:/Users/seanw/Documents/Data D/CP4101/CH572EVT/EVT/EXAM/BLE/LIB\libCH572BLE_PERI.a(l2cap_output.o)
 .text.L2CAP_SendData
                0x00000000000052ac       0x7c c:/Users/seanw/Documents/Data D/CP4101/CH572EVT/EVT/EXAM/BLE/LIB\libCH572BLE_PERI.a(l2cap_output.o)
                0x00000000000052ac                L2CAP_SendData
 .text.l2capSendCmd
                0x0000000000005328       0x88 c:/Users/seanw/Documents/Data D/CP4101/CH572EVT/EVT/EXAM/BLE/LIB\libCH572BLE_PERI.a(l2cap_output.o)
                0x0000000000005328                l2capSendCmd
 .text.l2capSendReq
                0x00000000000053b0       0x64 c:/Users/seanw/Documents/Data D/CP4101/CH572EVT/EVT/EXAM/BLE/LIB\libCH572BLE_PERI.a(l2cap_output.o)
                0x00000000000053b0                l2capSendReq
 .text.l2capSendPkt
                0x0000000000005414       0x30 c:/Users/seanw/Documents/Data D/CP4101/CH572EVT/EVT/EXAM/BLE/LIB\libCH572BLE_PERI.a(l2cap_output.o)
                0x0000000000005414                l2capSendPkt
 .text.l2capBuildParamUpdateReq
                0x0000000000005444       0x2c c:/Users/seanw/Documents/Data D/CP4101/CH572EVT/EVT/EXAM/BLE/LIB\libCH572BLE_PERI.a(l2cap_sdu.o)
 .text.l2capBuildCmdReject
                0x0000000000005470       0x40 c:/Users/seanw/Documents/Data D/CP4101/CH572EVT/EVT/EXAM/BLE/LIB\libCH572BLE_PERI.a(l2cap_sdu.o)
                0x0000000000005470                l2capBuildCmdReject
 .text.L2CAP_CmdReject
                0x00000000000054b0       0x10 c:/Users/seanw/Documents/Data D/CP4101/CH572EVT/EVT/EXAM/BLE/LIB\libCH572BLE_PERI.a(l2cap_sdu.o)
                0x00000000000054b0                L2CAP_CmdReject
 .text.L2CAP_ConnParamUpdateReq
                0x00000000000054c0       0x14 c:/Users/seanw/Documents/Data D/CP4101/CH572EVT/EVT/EXAM/BLE/LIB\libCH572BLE_PERI.a(l2cap_sdu.o)
                0x00000000000054c0                L2CAP_ConnParamUpdateReq
 .text.reportStatusChange
                0x00000000000054d4       0x3e c:/Users/seanw/Documents/Data D/CP4101/CH572EVT/EVT/EXAM/BLE/LIB\libCH572BLE_PERI.a(linkdb.o)
 .text.linkDB_Init
                0x0000000000005512       0x72 c:/Users/seanw/Documents/Data D/CP4101/CH572EVT/EVT/EXAM/BLE/LIB\libCH572BLE_PERI.a(linkdb.o)
                0x0000000000005512                linkDB_Init
 .text.linkDB_Find
                0x0000000000005584       0x2a c:/Users/seanw/Documents/Data D/CP4101/CH572EVT/EVT/EXAM/BLE/LIB\libCH572BLE_PERI.a(linkdb.o)
                0x0000000000005584                linkDB_Find
 .text.linkDB_Authen
                0x00000000000055ae       0x5e c:/Users/seanw/Documents/Data D/CP4101/CH572EVT/EVT/EXAM/BLE/LIB\libCH572BLE_PERI.a(linkdb.o)
                0x00000000000055ae                linkDB_Authen
 .text.linkDB_FindByAddr
                0x000000000000560c       0x7e c:/Users/seanw/Documents/Data D/CP4101/CH572EVT/EVT/EXAM/BLE/LIB\libCH572BLE_PERI.a(linkdb.o)
                0x000000000000560c                linkDB_FindByAddr
 .text.linkDB_FindFirst
                0x000000000000568a       0x36 c:/Users/seanw/Documents/Data D/CP4101/CH572EVT/EVT/EXAM/BLE/LIB\libCH572BLE_PERI.a(linkdb.o)
                0x000000000000568a                linkDB_FindFirst
 .text.linkDB_MTU
                0x00000000000056c0       0x14 c:/Users/seanw/Documents/Data D/CP4101/CH572EVT/EVT/EXAM/BLE/LIB\libCH572BLE_PERI.a(linkdb.o)
                0x00000000000056c0                linkDB_MTU
 .text.linkDB_NumActive
                0x00000000000056d4       0x2a c:/Users/seanw/Documents/Data D/CP4101/CH572EVT/EVT/EXAM/BLE/LIB\libCH572BLE_PERI.a(linkdb.o)
                0x00000000000056d4                linkDB_NumActive
 .text.linkDB_NumConns
                0x00000000000056fe        0x6 c:/Users/seanw/Documents/Data D/CP4101/CH572EVT/EVT/EXAM/BLE/LIB\libCH572BLE_PERI.a(linkdb.o)
                0x00000000000056fe                linkDB_NumConns
 .text.linkDB_Register
                0x0000000000005704       0x20 c:/Users/seanw/Documents/Data D/CP4101/CH572EVT/EVT/EXAM/BLE/LIB\libCH572BLE_PERI.a(linkdb.o)
                0x0000000000005704                linkDB_Register
 .text.linkDB_Remove
                0x0000000000005724       0x48 c:/Users/seanw/Documents/Data D/CP4101/CH572EVT/EVT/EXAM/BLE/LIB\libCH572BLE_PERI.a(linkdb.o)
                0x0000000000005724                linkDB_Remove
 .text.linkDB_Role
                0x000000000000576c       0x16 c:/Users/seanw/Documents/Data D/CP4101/CH572EVT/EVT/EXAM/BLE/LIB\libCH572BLE_PERI.a(linkdb.o)
                0x000000000000576c                linkDB_Role
 .text.linkDB_State
                0x0000000000005782       0x2e c:/Users/seanw/Documents/Data D/CP4101/CH572EVT/EVT/EXAM/BLE/LIB\libCH572BLE_PERI.a(linkdb.o)
                0x0000000000005782                linkDB_State
 .text.linkDB_UpdateMTU
                0x00000000000057b0       0x28 c:/Users/seanw/Documents/Data D/CP4101/CH572EVT/EVT/EXAM/BLE/LIB\libCH572BLE_PERI.a(linkdb.o)
                0x00000000000057b0                linkDB_UpdateMTU
 .text.linkDB_PerformFunc
                0x00000000000057d8       0x58 c:/Users/seanw/Documents/Data D/CP4101/CH572EVT/EVT/EXAM/BLE/LIB\libCH572BLE_PERI.a(linkdb.o)
                0x00000000000057d8                linkDB_PerformFunc
 .text.linkDB_PeripheralLinkNum
                0x0000000000005830       0x38 c:/Users/seanw/Documents/Data D/CP4101/CH572EVT/EVT/EXAM/BLE/LIB\libCH572BLE_PERI.a(linkdb.o)
                0x0000000000005830                linkDB_PeripheralLinkNum
 .text.linkDB_GetSMEvtID
                0x0000000000005868       0x50 c:/Users/seanw/Documents/Data D/CP4101/CH572EVT/EVT/EXAM/BLE/LIB\libCH572BLE_PERI.a(linkdb.o)
                0x0000000000005868                linkDB_GetSMEvtID
 .text.linkDB_Add
                0x00000000000058b8       0xa8 c:/Users/seanw/Documents/Data D/CP4101/CH572EVT/EVT/EXAM/BLE/LIB\libCH572BLE_PERI.a(linkdb.o)
                0x00000000000058b8                linkDB_Add
 .text.linkDB_GetHandleFromSMEvtID
                0x0000000000005960       0x2c c:/Users/seanw/Documents/Data D/CP4101/CH572EVT/EVT/EXAM/BLE/LIB\libCH572BLE_PERI.a(linkdb.o)
                0x0000000000005960                linkDB_GetHandleFromSMEvtID
 .text.linkDB_GetPairingParam
                0x000000000000598c       0x3e c:/Users/seanw/Documents/Data D/CP4101/CH572EVT/EVT/EXAM/BLE/LIB\libCH572BLE_PERI.a(linkdb.o)
                0x000000000000598c                linkDB_GetPairingParam
 .text.linkDB_NeedSendKey
                0x00000000000059ca       0x3e c:/Users/seanw/Documents/Data D/CP4101/CH572EVT/EVT/EXAM/BLE/LIB\libCH572BLE_PERI.a(linkdb.o)
                0x00000000000059ca                linkDB_NeedSendKey
 .text.HOST_LE_ConnectionCompleteEvent
                0x0000000000005a08       0x5c c:/Users/seanw/Documents/Data D/CP4101/CH572EVT/EVT/EXAM/BLE/LIB\libCH572BLE_PERI.a(host_input.o)
                0x0000000000005a08                HOST_LE_ConnectionCompleteEvent
 .text.HOST_LE_ConnectionUpdateCompleteEvent
                0x0000000000005a64       0x42 c:/Users/seanw/Documents/Data D/CP4101/CH572EVT/EVT/EXAM/BLE/LIB\libCH572BLE_PERI.a(host_input.o)
                0x0000000000005a64                HOST_LE_ConnectionUpdateCompleteEvent
 .text.HOST_LE_ReadRemoteUsedFeaturesCompleteEvent
                0x0000000000005aa6       0x62 c:/Users/seanw/Documents/Data D/CP4101/CH572EVT/EVT/EXAM/BLE/LIB\libCH572BLE_PERI.a(host_input.o)
                0x0000000000005aa6                HOST_LE_ReadRemoteUsedFeaturesCompleteEvent
 .text.HOST_LE_LongTermKeyRequestEvent
                0x0000000000005b08       0x5a c:/Users/seanw/Documents/Data D/CP4101/CH572EVT/EVT/EXAM/BLE/LIB\libCH572BLE_PERI.a(host_input.o)
                0x0000000000005b08                HOST_LE_LongTermKeyRequestEvent
 .text.HOST_LE_RemoteConnectionParameterRequestEvent
                0x0000000000005b62       0x42 c:/Users/seanw/Documents/Data D/CP4101/CH572EVT/EVT/EXAM/BLE/LIB\libCH572BLE_PERI.a(host_input.o)
                0x0000000000005b62                HOST_LE_RemoteConnectionParameterRequestEvent
 .text.HOST_RemoteConnectionParameterRequestEvent
                0x0000000000005ba4       0x48 c:/Users/seanw/Documents/Data D/CP4101/CH572EVT/EVT/EXAM/BLE/LIB\libCH572BLE_PERI.a(host_input.o)
                0x0000000000005ba4                HOST_RemoteConnectionParameterRequestEvent
 .text.HOST_LE_DataLengthChangeEvent
                0x0000000000005bec       0x42 c:/Users/seanw/Documents/Data D/CP4101/CH572EVT/EVT/EXAM/BLE/LIB\libCH572BLE_PERI.a(host_input.o)
                0x0000000000005bec                HOST_LE_DataLengthChangeEvent
 .text.HOST_LE_PHYUpdateCompleteReportEvent
                0x0000000000005c2e       0x58 c:/Users/seanw/Documents/Data D/CP4101/CH572EVT/EVT/EXAM/BLE/LIB\libCH572BLE_PERI.a(host_input.o)
                0x0000000000005c2e                HOST_LE_PHYUpdateCompleteReportEvent
 .text.HOST_LE_ScanRequestReceivedEvent
                0x0000000000005c86       0x66 c:/Users/seanw/Documents/Data D/CP4101/CH572EVT/EVT/EXAM/BLE/LIB\libCH572BLE_PERI.a(host_input.o)
                0x0000000000005c86                HOST_LE_ScanRequestReceivedEvent
 .text.HOST_DisconnectionCompleteEvent
                0x0000000000005cec       0x46 c:/Users/seanw/Documents/Data D/CP4101/CH572EVT/EVT/EXAM/BLE/LIB\libCH572BLE_PERI.a(host_input.o)
                0x0000000000005cec                HOST_DisconnectionCompleteEvent
 .text.HOST_EncryptionChangeEvent
                0x0000000000005d32       0x4c c:/Users/seanw/Documents/Data D/CP4101/CH572EVT/EVT/EXAM/BLE/LIB\libCH572BLE_PERI.a(host_input.o)
                0x0000000000005d32                HOST_EncryptionChangeEvent
 .text.HOST_ReadRemoteVersionInfoEvent
                0x0000000000005d7e       0x3e c:/Users/seanw/Documents/Data D/CP4101/CH572EVT/EVT/EXAM/BLE/LIB\libCH572BLE_PERI.a(host_input.o)
                0x0000000000005d7e                HOST_ReadRemoteVersionInfoEvent
 .text.HOST_CommandCompleteEvent
                0x0000000000005dbc       0x5a c:/Users/seanw/Documents/Data D/CP4101/CH572EVT/EVT/EXAM/BLE/LIB\libCH572BLE_PERI.a(host_input.o)
                0x0000000000005dbc                HOST_CommandCompleteEvent
 .text.HOST_CommandStatusEvent
                0x0000000000005e16       0x40 c:/Users/seanw/Documents/Data D/CP4101/CH572EVT/EVT/EXAM/BLE/LIB\libCH572BLE_PERI.a(host_input.o)
                0x0000000000005e16                HOST_CommandStatusEvent
 .text.HOST_EncryptionKeyRefreshCompleteEvent
                0x0000000000005e56       0x42 c:/Users/seanw/Documents/Data D/CP4101/CH572EVT/EVT/EXAM/BLE/LIB\libCH572BLE_PERI.a(host_input.o)
                0x0000000000005e56                HOST_EncryptionKeyRefreshCompleteEvent
 .text.HOST_NumberOfCompletedPacketsEvent
                0x0000000000005e98       0x40 c:/Users/seanw/Documents/Data D/CP4101/CH572EVT/EVT/EXAM/BLE/LIB\libCH572BLE_PERI.a(host_input.o)
                0x0000000000005e98                HOST_NumberOfCompletedPacketsEvent
 .text.HOST_RecvDataPackets
                0x0000000000005ed8      0x206 c:/Users/seanw/Documents/Data D/CP4101/CH572EVT/EVT/EXAM/BLE/LIB\libCH572BLE_PERI.a(host_input.o)
                0x0000000000005ed8                HOST_RecvDataPackets
 .text.GetTxPower
                0x00000000000060de       0x66 c:/Users/seanw/Documents/Data D/CP4101/CH572EVT/EVT/EXAM/BLE/LIB\libCH572BLE_PERI.a(ip.o)
                0x00000000000060de                GetTxPower
 .text.SetTxPower
                0x0000000000006144       0x5a c:/Users/seanw/Documents/Data D/CP4101/CH572EVT/EVT/EXAM/BLE/LIB\libCH572BLE_PERI.a(ip.o)
                0x0000000000006144                SetTxPower
 .text.ble_ll_set_timeout
                0x000000000000619e       0x22 c:/Users/seanw/Documents/Data D/CP4101/CH572EVT/EVT/EXAM/BLE/LIB\libCH572BLE_PERI.a(ip.o)
                0x000000000000619e                ble_ll_set_timeout
 .text.BLE_RegInit
                0x00000000000061c0       0x66 c:/Users/seanw/Documents/Data D/CP4101/CH572EVT/EVT/EXAM/BLE/LIB\libCH572BLE_PERI.a(ip.o)
                0x00000000000061c0                BLE_RegInit
 .text.BLE_IPCoreInit
                0x0000000000006226       0x78 c:/Users/seanw/Documents/Data D/CP4101/CH572EVT/EVT/EXAM/BLE/LIB\libCH572BLE_PERI.a(ip.o)
                0x0000000000006226                BLE_IPCoreInit
 .text.RFEND_DevInit
                0x000000000000629e       0x7a c:/Users/seanw/Documents/Data D/CP4101/CH572EVT/EVT/EXAM/BLE/LIB\libCH572BLE_PERI.a(rfend.o)
                0x000000000000629e                RFEND_DevInit
 .text.RFEND_RXFilter
                0x0000000000006318       0x8c c:/Users/seanw/Documents/Data D/CP4101/CH572EVT/EVT/EXAM/BLE/LIB\libCH572BLE_PERI.a(rfend.o)
                0x0000000000006318                RFEND_RXFilter
 .text.RFEND_RXAdc
                0x00000000000063a4       0x36 c:/Users/seanw/Documents/Data D/CP4101/CH572EVT/EVT/EXAM/BLE/LIB\libCH572BLE_PERI.a(rfend.o)
                0x00000000000063a4                RFEND_RXAdc
 .text.RFEND_TXCtune
                0x00000000000063da      0xc50 c:/Users/seanw/Documents/Data D/CP4101/CH572EVT/EVT/EXAM/BLE/LIB\libCH572BLE_PERI.a(rfend.o)
                0x00000000000063da                RFEND_TXCtune
 .text.RFEND_TXFtune
                0x000000000000702a        0xe c:/Users/seanw/Documents/Data D/CP4101/CH572EVT/EVT/EXAM/BLE/LIB\libCH572BLE_PERI.a(rfend.o)
                0x000000000000702a                RFEND_TXFtune
 .text.LL_Disconnect
                0x0000000000007038       0x2e c:/Users/seanw/Documents/Data D/CP4101/CH572EVT/EVT/EXAM/BLE/LIB\libCH572BLE_PERI.a(ctl_input.o)
                0x0000000000007038                LL_Disconnect
 .text.LL_MD_Disconnect
                0x0000000000007066       0x28 c:/Users/seanw/Documents/Data D/CP4101/CH572EVT/EVT/EXAM/BLE/LIB\libCH572BLE_PERI.a(ctl_input.o)
                0x0000000000007066                LL_MD_Disconnect
 .text.LL_ReadBDAddr
                0x000000000000708e       0x22 c:/Users/seanw/Documents/Data D/CP4101/CH572EVT/EVT/EXAM/BLE/LIB\libCH572BLE_PERI.a(ctl_input.o)
                0x000000000000708e                LL_ReadBDAddr
 .text.LL_LE_ReadBufSize
                0x00000000000070b0       0x1a c:/Users/seanw/Documents/Data D/CP4101/CH572EVT/EVT/EXAM/BLE/LIB\libCH572BLE_PERI.a(ctl_input.o)
                0x00000000000070b0                LL_LE_ReadBufSize
 .text.LL_RemoteConnParamReqReply
                0x00000000000070ca       0x98 c:/Users/seanw/Documents/Data D/CP4101/CH572EVT/EVT/EXAM/BLE/LIB\libCH572BLE_PERI.a(ctl_input.o)
                0x00000000000070ca                LL_RemoteConnParamReqReply
 .text.LL_RemoteConnParamReqNegReply
                0x0000000000007162       0x3a c:/Users/seanw/Documents/Data D/CP4101/CH572EVT/EVT/EXAM/BLE/LIB\libCH572BLE_PERI.a(ctl_input.o)
                0x0000000000007162                LL_RemoteConnParamReqNegReply
 .text.LL_AddWhiteListDevice
                0x000000000000719c       0x54 c:/Users/seanw/Documents/Data D/CP4101/CH572EVT/EVT/EXAM/BLE/LIB\libCH572BLE_PERI.a(ctl_input.o)
                0x000000000000719c                LL_AddWhiteListDevice
 .text.LL_ClearWhiteList
                0x00000000000071f0       0x26 c:/Users/seanw/Documents/Data D/CP4101/CH572EVT/EVT/EXAM/BLE/LIB\libCH572BLE_PERI.a(ctl_input.o)
                0x00000000000071f0                LL_ClearWhiteList
 .text.LL_Rand  0x0000000000007216       0x34 c:/Users/seanw/Documents/Data D/CP4101/CH572EVT/EVT/EXAM/BLE/LIB\libCH572BLE_PERI.a(ctl_input.o)
                0x0000000000007216                LL_Rand
 .text.LL_LtkReqReply
                0x000000000000724a       0xd8 c:/Users/seanw/Documents/Data D/CP4101/CH572EVT/EVT/EXAM/BLE/LIB\libCH572BLE_PERI.a(ctl_input.o)
                0x000000000000724a                LL_LtkReqReply
 .text.LL_LtkReqNegReply
                0x0000000000007322       0x3e c:/Users/seanw/Documents/Data D/CP4101/CH572EVT/EVT/EXAM/BLE/LIB\libCH572BLE_PERI.a(ctl_input.o)
                0x0000000000007322                LL_LtkReqNegReply
 .text.LL_SetExtendedAdvertisingParameters
                0x0000000000007360      0x1d2 c:/Users/seanw/Documents/Data D/CP4101/CH572EVT/EVT/EXAM/BLE/LIB\libCH572BLE_PERI.a(ctl_input.o)
                0x0000000000007360                LL_SetExtendedAdvertisingParameters
 .text.LL_SetExtendedAdvertisingData
                0x0000000000007532       0x96 c:/Users/seanw/Documents/Data D/CP4101/CH572EVT/EVT/EXAM/BLE/LIB\libCH572BLE_PERI.a(ctl_input.o)
                0x0000000000007532                LL_SetExtendedAdvertisingData
 .text.LL_SetExtendedScanResponseData
                0x00000000000075c8       0x96 c:/Users/seanw/Documents/Data D/CP4101/CH572EVT/EVT/EXAM/BLE/LIB\libCH572BLE_PERI.a(ctl_input.o)
                0x00000000000075c8                LL_SetExtendedScanResponseData
 .text.LL_SetExtendedAdvertisingEnable
                0x000000000000765e       0x8e c:/Users/seanw/Documents/Data D/CP4101/CH572EVT/EVT/EXAM/BLE/LIB\libCH572BLE_PERI.a(ctl_input.o)
                0x000000000000765e                LL_SetExtendedAdvertisingEnable
 .text.LL_SendDataPkt
                0x00000000000076ec       0xcc c:/Users/seanw/Documents/Data D/CP4101/CH572EVT/EVT/EXAM/BLE/LIB\libCH572BLE_PERI.a(ctl_input.o)
                0x00000000000076ec                LL_SendDataPkt
 .text.gapBondMgrInvertCharCfgItem
                0x00000000000077b8       0x22 c:/Users/seanw/Documents/Data D/CP4101/CH572EVT/EVT/EXAM/BLE/LIB\libCH572BLE_PERI.a(gapbondmgr.o)
 .text.mainRecordNvID_Erase
                0x00000000000077da       0x3c c:/Users/seanw/Documents/Data D/CP4101/CH572EVT/EVT/EXAM/BLE/LIB\libCH572BLE_PERI.a(gapbondmgr.o)
 .text.gapBondMgrBondTotal
                0x0000000000007816       0x5a c:/Users/seanw/Documents/Data D/CP4101/CH572EVT/EVT/EXAM/BLE/LIB\libCH572BLE_PERI.a(gapbondmgr.o)
 .text.gapBondMgrFindEmpty
                0x0000000000007870       0x4e c:/Users/seanw/Documents/Data D/CP4101/CH572EVT/EVT/EXAM/BLE/LIB\libCH572BLE_PERI.a(gapbondmgr.o)
 .text.gapBondFreeAuthEvt
                0x00000000000078be       0x2a c:/Users/seanw/Documents/Data D/CP4101/CH572EVT/EVT/EXAM/BLE/LIB\libCH572BLE_PERI.a(gapbondmgr.o)
 .text.gapBondMgrEraseBonding
                0x00000000000078e8      0x126 c:/Users/seanw/Documents/Data D/CP4101/CH572EVT/EVT/EXAM/BLE/LIB\libCH572BLE_PERI.a(gapbondmgr.o)
 .text.gapBondMgr_SyncWhiteList
                0x0000000000007a0e       0x58 c:/Users/seanw/Documents/Data D/CP4101/CH572EVT/EVT/EXAM/BLE/LIB\libCH572BLE_PERI.a(gapbondmgr.o)
 .text.gapBondSetupPrivFlag
                0x0000000000007a66       0x26 c:/Users/seanw/Documents/Data D/CP4101/CH572EVT/EVT/EXAM/BLE/LIB\libCH572BLE_PERI.a(gapbondmgr.o)
 .text.gapBondMgrReadBonds
                0x0000000000007a8c       0x96 c:/Users/seanw/Documents/Data D/CP4101/CH572EVT/EVT/EXAM/BLE/LIB\libCH572BLE_PERI.a(gapbondmgr.o)
 .text.gapBondMgrSendServiceChange
                0x0000000000007b22        0xa c:/Users/seanw/Documents/Data D/CP4101/CH572EVT/EVT/EXAM/BLE/LIB\libCH572BLE_PERI.a(gapbondmgr.o)
 .text.gapBondMgrFindAddr
                0x0000000000007b2c       0x58 c:/Users/seanw/Documents/Data D/CP4101/CH572EVT/EVT/EXAM/BLE/LIB\libCH572BLE_PERI.a(gapbondmgr.o)
 .text.gapBondMgrAddBond
                0x0000000000007b84      0x250 c:/Users/seanw/Documents/Data D/CP4101/CH572EVT/EVT/EXAM/BLE/LIB\libCH572BLE_PERI.a(gapbondmgr.o)
 .text.gapBondPairStateCB
                0x0000000000007dd4       0x32 c:/Users/seanw/Documents/Data D/CP4101/CH572EVT/EVT/EXAM/BLE/LIB\libCH572BLE_PERI.a(gapbondmgr.o)
 .text.gapBondMgrChangeState.constprop.0
                0x0000000000007e06       0x6a c:/Users/seanw/Documents/Data D/CP4101/CH572EVT/EVT/EXAM/BLE/LIB\libCH572BLE_PERI.a(gapbondmgr.o)
 .text.gapBondMgrEraseAllBondings.isra.0
                0x0000000000007e70       0x30 c:/Users/seanw/Documents/Data D/CP4101/CH572EVT/EVT/EXAM/BLE/LIB\libCH572BLE_PERI.a(gapbondmgr.o)
 .text.gapBondMgrGetPublicAddr.isra.0
                0x0000000000007ea0       0x42 c:/Users/seanw/Documents/Data D/CP4101/CH572EVT/EVT/EXAM/BLE/LIB\libCH572BLE_PERI.a(gapbondmgr.o)
 .text.gapBondMgrUpdateCharCfg
                0x0000000000007ee2       0xec c:/Users/seanw/Documents/Data D/CP4101/CH572EVT/EVT/EXAM/BLE/LIB\libCH572BLE_PERI.a(gapbondmgr.o)
 .text.GAPBondMgr_ParamInit
                0x0000000000007fce      0x128 c:/Users/seanw/Documents/Data D/CP4101/CH572EVT/EVT/EXAM/BLE/LIB\libCH572BLE_PERI.a(gapbondmgr.o)
                0x0000000000007fce                GAPBondMgr_ParamInit
 .text.GAPBondMgr_Erase
                0x00000000000080f6      0x10c c:/Users/seanw/Documents/Data D/CP4101/CH572EVT/EVT/EXAM/BLE/LIB\libCH572BLE_PERI.a(gapbondmgr.o)
                0x00000000000080f6                GAPBondMgr_Erase
 .text.GAPBondMgr_LinkTerm
                0x0000000000008202       0xa8 c:/Users/seanw/Documents/Data D/CP4101/CH572EVT/EVT/EXAM/BLE/LIB\libCH572BLE_PERI.a(gapbondmgr.o)
                0x0000000000008202                GAPBondMgr_LinkTerm
 .text.GAPBondMgr_ResolveAddr
                0x00000000000082aa      0x116 c:/Users/seanw/Documents/Data D/CP4101/CH572EVT/EVT/EXAM/BLE/LIB\libCH572BLE_PERI.a(gapbondmgr.o)
                0x00000000000082aa                GAPBondMgr_ResolveAddr
 .text.GAPBondMgr_ServiceChangeInd
                0x00000000000083c0       0x8a c:/Users/seanw/Documents/Data D/CP4101/CH572EVT/EVT/EXAM/BLE/LIB\libCH572BLE_PERI.a(gapbondmgr.o)
                0x00000000000083c0                GAPBondMgr_ServiceChangeInd
 .text.GAPBondMgr_UpdateCharCfg
                0x000000000000844a       0x7c c:/Users/seanw/Documents/Data D/CP4101/CH572EVT/EVT/EXAM/BLE/LIB\libCH572BLE_PERI.a(gapbondmgr.o)
                0x000000000000844a                GAPBondMgr_UpdateCharCfg
 .text.GAPBondMgr_PeripheralRegister
                0x00000000000084c6       0x22 c:/Users/seanw/Documents/Data D/CP4101/CH572EVT/EVT/EXAM/BLE/LIB\libCH572BLE_PERI.a(gapbondmgr.o)
                0x00000000000084c6                GAPBondMgr_PeripheralRegister
 .text.GAPBondMgr_PeriSecurityReq
                0x00000000000084e8       0x14 c:/Users/seanw/Documents/Data D/CP4101/CH572EVT/EVT/EXAM/BLE/LIB\libCH572BLE_PERI.a(gapbondmgr.o)
                0x00000000000084e8                GAPBondMgr_PeriSecurityReq
 .text.GAPBondMgr_LinkEst
                0x00000000000084fc      0x150 c:/Users/seanw/Documents/Data D/CP4101/CH572EVT/EVT/EXAM/BLE/LIB\libCH572BLE_PERI.a(gapbondmgr.o)
                0x00000000000084fc                GAPBondMgr_LinkEst
 .text.GAPBondMgr_ProcessGAPMsg
                0x000000000000864c      0x394 c:/Users/seanw/Documents/Data D/CP4101/CH572EVT/EVT/EXAM/BLE/LIB\libCH572BLE_PERI.a(gapbondmgr.o)
                0x000000000000864c                GAPBondMgr_ProcessGAPMsg
 .text.GAPBondMgr_Init
                0x00000000000089e0       0x1a c:/Users/seanw/Documents/Data D/CP4101/CH572EVT/EVT/EXAM/BLE/LIB\libCH572BLE_PERI.a(gapbondmgr.o)
                0x00000000000089e0                GAPBondMgr_Init
 .text.GAPBondMgr_ProcessEvent
                0x00000000000089fa      0x17c c:/Users/seanw/Documents/Data D/CP4101/CH572EVT/EVT/EXAM/BLE/LIB\libCH572BLE_PERI.a(gapbondmgr.o)
                0x00000000000089fa                GAPBondMgr_ProcessEvent
 .text.ggs_SetAttrWPermit
                0x0000000000008b76       0x6a c:/Users/seanw/Documents/Data D/CP4101/CH572EVT/EVT/EXAM/BLE/LIB\libCH572BLE_PERI.a(gapgattserver.o)
 .text.ggs_ReadAttrCB
                0x0000000000008be0      0x108 c:/Users/seanw/Documents/Data D/CP4101/CH572EVT/EVT/EXAM/BLE/LIB\libCH572BLE_PERI.a(gapgattserver.o)
 .text.ggs_WriteAttrCB
                0x0000000000008ce8      0x146 c:/Users/seanw/Documents/Data D/CP4101/CH572EVT/EVT/EXAM/BLE/LIB\libCH572BLE_PERI.a(gapgattserver.o)
 .text.GGS_ParamInit
                0x0000000000008e2e      0x138 c:/Users/seanw/Documents/Data D/CP4101/CH572EVT/EVT/EXAM/BLE/LIB\libCH572BLE_PERI.a(gapgattserver.o)
                0x0000000000008e2e                GGS_ParamInit
 .text.GGS_SetParameter
                0x0000000000008f66      0x108 c:/Users/seanw/Documents/Data D/CP4101/CH572EVT/EVT/EXAM/BLE/LIB\libCH572BLE_PERI.a(gapgattserver.o)
                0x0000000000008f66                GGS_SetParameter
 .text.gapRole_PeripheralProcessGAPMsg
                0x000000000000906e      0x1b8 c:/Users/seanw/Documents/Data D/CP4101/CH572EVT/EVT/EXAM/BLE/LIB\libCH572BLE_PERI.a(peripheral.o)
                0x000000000000906e                gapRole_PeripheralProcessGAPMsg
 .text.gapRole_PeripheralProcessTMOSMsg
                0x0000000000009226       0x50 c:/Users/seanw/Documents/Data D/CP4101/CH572EVT/EVT/EXAM/BLE/LIB\libCH572BLE_PERI.a(peripheral.o)
                0x0000000000009226                gapRole_PeripheralProcessTMOSMsg
 .text.GAPRole_PeripheralProcessEvent
                0x0000000000009276       0xc6 c:/Users/seanw/Documents/Data D/CP4101/CH572EVT/EVT/EXAM/BLE/LIB\libCH572BLE_PERI.a(peripheral.o)
                0x0000000000009276                GAPRole_PeripheralProcessEvent
 .text.GAPRole_PeripheralStartDevice
                0x000000000000933c       0x52 c:/Users/seanw/Documents/Data D/CP4101/CH572EVT/EVT/EXAM/BLE/LIB\libCH572BLE_PERI.a(peripheral.o)
                0x000000000000933c                GAPRole_PeripheralStartDevice
 .text.GAPRole_PeripheralEnable
                0x000000000000938e       0xf6 c:/Users/seanw/Documents/Data D/CP4101/CH572EVT/EVT/EXAM/BLE/LIB\libCH572BLE_PERI.a(peripheral.o)
                0x000000000000938e                GAPRole_PeripheralEnable
 .text.GAPRole_ParamInit
                0x0000000000009484       0x42 c:/Users/seanw/Documents/Data D/CP4101/CH572EVT/EVT/EXAM/BLE/LIB\libCH572BLE_PERI.a(role.o)
                0x0000000000009484                GAPRole_ParamInit
 .text.GAPRole_GetParameter
                0x00000000000094c6       0xbe c:/Users/seanw/Documents/Data D/CP4101/CH572EVT/EVT/EXAM/BLE/LIB\libCH572BLE_PERI.a(role.o)
                0x00000000000094c6                GAPRole_GetParameter
 .text.GAPRole_PeripheralInit
                0x0000000000009584       0x70 c:/Users/seanw/Documents/Data D/CP4101/CH572EVT/EVT/EXAM/BLE/LIB\libCH572BLE_PERI.a(role.o)
                0x0000000000009584                GAPRole_PeripheralInit
 .text.tmos_memory_getlen
                0x00000000000095f4       0x1c c:/Users/seanw/Documents/Data D/CP4101/CH572EVT/EVT/EXAM/BLE/LIB\libCH572BLE_PERI.a(memory.o)
                0x00000000000095f4                tmos_memory_getlen
 .text.tmos_memory_init
                0x0000000000009610       0x62 c:/Users/seanw/Documents/Data D/CP4101/CH572EVT/EVT/EXAM/BLE/LIB\libCH572BLE_PERI.a(memory.o)
                0x0000000000009610                tmos_memory_init
 .text.tmos_bm_adjust_header
                0x0000000000009672       0x30 c:/Users/seanw/Documents/Data D/CP4101/CH572EVT/EVT/EXAM/BLE/LIB\libCH572BLE_PERI.a(memory.o)
                0x0000000000009672                tmos_bm_adjust_header
 .text.ATT_BuildErrorRsp
                0x00000000000096a2       0x16 c:/Users/seanw/Documents/Data D/CP4101/CH572EVT/EVT/EXAM/BLE/LIB\libCH572BLE_PERI.a(att.o)
                0x00000000000096a2                ATT_BuildErrorRsp
 .text.ATT_ParamInit
                0x00000000000096b8        0xa c:/Users/seanw/Documents/Data D/CP4101/CH572EVT/EVT/EXAM/BLE/LIB\libCH572BLE_PERI.a(att.o)
                0x00000000000096b8                ATT_ParamInit
 .text.ATT_ConvertUUIDto128
                0x00000000000096c2       0x3e c:/Users/seanw/Documents/Data D/CP4101/CH572EVT/EVT/EXAM/BLE/LIB\libCH572BLE_PERI.a(att.o)
                0x00000000000096c2                ATT_ConvertUUIDto128
 .text.ATT_CompareUUID
                0x0000000000009700       0x78 c:/Users/seanw/Documents/Data D/CP4101/CH572EVT/EVT/EXAM/BLE/LIB\libCH572BLE_PERI.a(att.o)
                0x0000000000009700                ATT_CompareUUID
 .text.ATT_RegisterServer
                0x0000000000009778        0x6 c:/Users/seanw/Documents/Data D/CP4101/CH572EVT/EVT/EXAM/BLE/LIB\libCH572BLE_PERI.a(att.o)
                0x0000000000009778                ATT_RegisterServer
 .text.ATT_ParsePacket
                0x000000000000977e       0x88 c:/Users/seanw/Documents/Data D/CP4101/CH572EVT/EVT/EXAM/BLE/LIB\libCH572BLE_PERI.a(att.o)
                0x000000000000977e                ATT_ParsePacket
 .text.ATT_UpdateMTU
                0x0000000000009806       0x3c c:/Users/seanw/Documents/Data D/CP4101/CH572EVT/EVT/EXAM/BLE/LIB\libCH572BLE_PERI.a(att.o)
                0x0000000000009806                ATT_UpdateMTU
 .text.ATT_GetMTU
                0x0000000000009842       0x1e c:/Users/seanw/Documents/Data D/CP4101/CH572EVT/EVT/EXAM/BLE/LIB\libCH572BLE_PERI.a(att.o)
                0x0000000000009842                ATT_GetMTU
 .text.attSendMsg
                0x0000000000009860       0xb4 c:/Users/seanw/Documents/Data D/CP4101/CH572EVT/EVT/EXAM/BLE/LIB\libCH572BLE_PERI.a(att.o)
                0x0000000000009860                attSendMsg
 .text.attSendRspMsg
                0x0000000000009914       0x46 c:/Users/seanw/Documents/Data D/CP4101/CH572EVT/EVT/EXAM/BLE/LIB\libCH572BLE_PERI.a(att.o)
                0x0000000000009914                attSendRspMsg
 .text.ATT_ErrorRsp
                0x000000000000995a       0x12 c:/Users/seanw/Documents/Data D/CP4101/CH572EVT/EVT/EXAM/BLE/LIB\libCH572BLE_PERI.a(att.o)
                0x000000000000995a                ATT_ErrorRsp
 .text.ATT_BuildExchangeMTURsp
                0x000000000000996c        0xe c:/Users/seanw/Documents/Data D/CP4101/CH572EVT/EVT/EXAM/BLE/LIB\libCH572BLE_PERI.a(att_server.o)
                0x000000000000996c                ATT_BuildExchangeMTURsp
 .text.ATT_BuildFindInfoRsp
                0x000000000000997a       0x1e c:/Users/seanw/Documents/Data D/CP4101/CH572EVT/EVT/EXAM/BLE/LIB\libCH572BLE_PERI.a(att_server.o)
                0x000000000000997a                ATT_BuildFindInfoRsp
 .text.ATT_BuildFindByTypeValueRsp
                0x0000000000009998        0xa c:/Users/seanw/Documents/Data D/CP4101/CH572EVT/EVT/EXAM/BLE/LIB\libCH572BLE_PERI.a(att_server.o)
                0x0000000000009998                ATT_BuildFindByTypeValueRsp
 .text.ATT_BuildReadByTypeRsp
                0x00000000000099a2       0x14 c:/Users/seanw/Documents/Data D/CP4101/CH572EVT/EVT/EXAM/BLE/LIB\libCH572BLE_PERI.a(att_server.o)
                0x00000000000099a2                ATT_BuildReadByTypeRsp
 .text.ATT_BuildReadRsp
                0x00000000000099b6        0x4 c:/Users/seanw/Documents/Data D/CP4101/CH572EVT/EVT/EXAM/BLE/LIB\libCH572BLE_PERI.a(att_server.o)
                0x00000000000099b6                ATT_BuildReadRsp
 .text.ATT_BuildReadBlobRsp
                0x00000000000099ba        0x4 c:/Users/seanw/Documents/Data D/CP4101/CH572EVT/EVT/EXAM/BLE/LIB\libCH572BLE_PERI.a(att_server.o)
                0x00000000000099ba                ATT_BuildReadBlobRsp
 .text.ATT_BuildReadMultiRsp
                0x00000000000099be        0x4 c:/Users/seanw/Documents/Data D/CP4101/CH572EVT/EVT/EXAM/BLE/LIB\libCH572BLE_PERI.a(att_server.o)
                0x00000000000099be                ATT_BuildReadMultiRsp
 .text.ATT_BuildReadByGrpTypeRsp
                0x00000000000099c2       0x14 c:/Users/seanw/Documents/Data D/CP4101/CH572EVT/EVT/EXAM/BLE/LIB\libCH572BLE_PERI.a(att_server.o)
                0x00000000000099c2                ATT_BuildReadByGrpTypeRsp
 .text.ATT_BuildPrepareWriteRsp
                0x00000000000099d6       0x1e c:/Users/seanw/Documents/Data D/CP4101/CH572EVT/EVT/EXAM/BLE/LIB\libCH572BLE_PERI.a(att_server.o)
                0x00000000000099d6                ATT_BuildPrepareWriteRsp
 .text.ATT_BuildHandleValueInd
                0x00000000000099f4       0x14 c:/Users/seanw/Documents/Data D/CP4101/CH572EVT/EVT/EXAM/BLE/LIB\libCH572BLE_PERI.a(att_server.o)
                0x00000000000099f4                ATT_BuildHandleValueInd
 .text.ATT_ParseExchangeMTUReq
                0x0000000000009a08       0x16 c:/Users/seanw/Documents/Data D/CP4101/CH572EVT/EVT/EXAM/BLE/LIB\libCH572BLE_PERI.a(att_server.o)
                0x0000000000009a08                ATT_ParseExchangeMTUReq
 .text.ATT_ExchangeMTURsp
                0x0000000000009a1e       0x1e c:/Users/seanw/Documents/Data D/CP4101/CH572EVT/EVT/EXAM/BLE/LIB\libCH572BLE_PERI.a(att_server.o)
                0x0000000000009a1e                ATT_ExchangeMTURsp
 .text.ATT_ParseFindInfoReq
                0x0000000000009a3c       0x1e c:/Users/seanw/Documents/Data D/CP4101/CH572EVT/EVT/EXAM/BLE/LIB\libCH572BLE_PERI.a(att_server.o)
                0x0000000000009a3c                ATT_ParseFindInfoReq
 .text.ATT_FindInfoRsp
                0x0000000000009a5a       0x4e c:/Users/seanw/Documents/Data D/CP4101/CH572EVT/EVT/EXAM/BLE/LIB\libCH572BLE_PERI.a(att_server.o)
                0x0000000000009a5a                ATT_FindInfoRsp
 .text.ATT_ParseFindByTypeValueReq
                0x0000000000009aa8       0x66 c:/Users/seanw/Documents/Data D/CP4101/CH572EVT/EVT/EXAM/BLE/LIB\libCH572BLE_PERI.a(att_server.o)
                0x0000000000009aa8                ATT_ParseFindByTypeValueReq
 .text.ATT_FindByTypeValueRsp
                0x0000000000009b0e       0x40 c:/Users/seanw/Documents/Data D/CP4101/CH572EVT/EVT/EXAM/BLE/LIB\libCH572BLE_PERI.a(att_server.o)
                0x0000000000009b0e                ATT_FindByTypeValueRsp
 .text.ATT_ParseReadByTypeReq
                0x0000000000009b4e       0x46 c:/Users/seanw/Documents/Data D/CP4101/CH572EVT/EVT/EXAM/BLE/LIB\libCH572BLE_PERI.a(att_server.o)
                0x0000000000009b4e                ATT_ParseReadByTypeReq
 .text.ATT_ReadByTypeRsp
                0x0000000000009b94       0x40 c:/Users/seanw/Documents/Data D/CP4101/CH572EVT/EVT/EXAM/BLE/LIB\libCH572BLE_PERI.a(att_server.o)
                0x0000000000009b94                ATT_ReadByTypeRsp
 .text.ATT_ParseReadReq
                0x0000000000009bd4       0x16 c:/Users/seanw/Documents/Data D/CP4101/CH572EVT/EVT/EXAM/BLE/LIB\libCH572BLE_PERI.a(att_server.o)
                0x0000000000009bd4                ATT_ParseReadReq
 .text.ATT_ReadRsp
                0x0000000000009bea       0x30 c:/Users/seanw/Documents/Data D/CP4101/CH572EVT/EVT/EXAM/BLE/LIB\libCH572BLE_PERI.a(att_server.o)
                0x0000000000009bea                ATT_ReadRsp
 .text.ATT_ParseReadBlobReq
                0x0000000000009c1a        0x4 c:/Users/seanw/Documents/Data D/CP4101/CH572EVT/EVT/EXAM/BLE/LIB\libCH572BLE_PERI.a(att_server.o)
                0x0000000000009c1a                ATT_ParseReadBlobReq
 .text.ATT_ReadBlobRsp
                0x0000000000009c1e       0x30 c:/Users/seanw/Documents/Data D/CP4101/CH572EVT/EVT/EXAM/BLE/LIB\libCH572BLE_PERI.a(att_server.o)
                0x0000000000009c1e                ATT_ReadBlobRsp
 .text.ATT_ParseReadMultiReq
                0x0000000000009c4e       0x18 c:/Users/seanw/Documents/Data D/CP4101/CH572EVT/EVT/EXAM/BLE/LIB\libCH572BLE_PERI.a(att_server.o)
                0x0000000000009c4e                ATT_ParseReadMultiReq
 .text.ATT_ReadMultiRsp
                0x0000000000009c66       0x38 c:/Users/seanw/Documents/Data D/CP4101/CH572EVT/EVT/EXAM/BLE/LIB\libCH572BLE_PERI.a(att_server.o)
                0x0000000000009c66                ATT_ReadMultiRsp
 .text.ATT_ReadByGrpTypeRsp
                0x0000000000009c9e       0x40 c:/Users/seanw/Documents/Data D/CP4101/CH572EVT/EVT/EXAM/BLE/LIB\libCH572BLE_PERI.a(att_server.o)
                0x0000000000009c9e                ATT_ReadByGrpTypeRsp
 .text.ATT_ParseWriteReq
                0x0000000000009cde       0x2e c:/Users/seanw/Documents/Data D/CP4101/CH572EVT/EVT/EXAM/BLE/LIB\libCH572BLE_PERI.a(att_server.o)
                0x0000000000009cde                ATT_ParseWriteReq
 .text.ATT_WriteRsp
                0x0000000000009d0c        0xc c:/Users/seanw/Documents/Data D/CP4101/CH572EVT/EVT/EXAM/BLE/LIB\libCH572BLE_PERI.a(att_server.o)
                0x0000000000009d0c                ATT_WriteRsp
 .text.ATT_ParsePrepareWriteReq
                0x0000000000009d18       0x30 c:/Users/seanw/Documents/Data D/CP4101/CH572EVT/EVT/EXAM/BLE/LIB\libCH572BLE_PERI.a(att_server.o)
                0x0000000000009d18                ATT_ParsePrepareWriteReq
 .text.ATT_PrepareWriteRsp
                0x0000000000009d48       0x30 c:/Users/seanw/Documents/Data D/CP4101/CH572EVT/EVT/EXAM/BLE/LIB\libCH572BLE_PERI.a(att_server.o)
                0x0000000000009d48                ATT_PrepareWriteRsp
 .text.ATT_ParseExecuteWriteReq
                0x0000000000009d78       0x10 c:/Users/seanw/Documents/Data D/CP4101/CH572EVT/EVT/EXAM/BLE/LIB\libCH572BLE_PERI.a(att_server.o)
                0x0000000000009d78                ATT_ParseExecuteWriteReq
 .text.ATT_ExecuteWriteRsp
                0x0000000000009d88        0xc c:/Users/seanw/Documents/Data D/CP4101/CH572EVT/EVT/EXAM/BLE/LIB\libCH572BLE_PERI.a(att_server.o)
                0x0000000000009d88                ATT_ExecuteWriteRsp
 .text.ATT_HandleValueInd
                0x0000000000009d94       0x30 c:/Users/seanw/Documents/Data D/CP4101/CH572EVT/EVT/EXAM/BLE/LIB\libCH572BLE_PERI.a(att_server.o)
                0x0000000000009d94                ATT_HandleValueInd
 .text.disconnectNext
                0x0000000000009dc4       0x20 c:/Users/seanw/Documents/Data D/CP4101/CH572EVT/EVT/EXAM/BLE/LIB\libCH572BLE_PERI.a(gap.o)
 .text.GAP_ParamInit
                0x0000000000009de4       0x52 c:/Users/seanw/Documents/Data D/CP4101/CH572EVT/EVT/EXAM/BLE/LIB\libCH572BLE_PERI.a(gap.o)
                0x0000000000009de4                GAP_ParamInit
 .text.sendTerminateEvent
                0x0000000000009e36       0x5e c:/Users/seanw/Documents/Data D/CP4101/CH572EVT/EVT/EXAM/BLE/LIB\libCH572BLE_PERI.a(gap.o)
                0x0000000000009e36                sendTerminateEvent
 .text.gapRegisterPeripheral
                0x0000000000009e94        0x6 c:/Users/seanw/Documents/Data D/CP4101/CH572EVT/EVT/EXAM/BLE/LIB\libCH572BLE_PERI.a(gap.o)
                0x0000000000009e94                gapRegisterPeripheral
 .text.gapRegisterPeripheralConn
                0x0000000000009e9a        0x6 c:/Users/seanw/Documents/Data D/CP4101/CH572EVT/EVT/EXAM/BLE/LIB\libCH572BLE_PERI.a(gap.o)
                0x0000000000009e9a                gapRegisterPeripheralConn
 .text.smGenerateRandBuf
                0x0000000000009ea0       0x58 c:/Users/seanw/Documents/Data D/CP4101/CH572EVT/EVT/EXAM/BLE/LIB\libCH572BLE_PERI.a(gap.o)
                0x0000000000009ea0                smGenerateRandBuf
 .text.gapL2capConnParamUpdateReq
                0x0000000000009ef8       0x30 c:/Users/seanw/Documents/Data D/CP4101/CH572EVT/EVT/EXAM/BLE/LIB\libCH572BLE_PERI.a(gap.o)
                0x0000000000009ef8                gapL2capConnParamUpdateReq
 .text.gapFindADType
                0x0000000000009f28       0x64 c:/Users/seanw/Documents/Data D/CP4101/CH572EVT/EVT/EXAM/BLE/LIB\libCH572BLE_PERI.a(gap.o)
                0x0000000000009f28                gapFindADType
 .text.GAP_SecParamsInit
                0x0000000000009f8c       0x8a c:/Users/seanw/Documents/Data D/CP4101/CH572EVT/EVT/EXAM/BLE/LIB\libCH572BLE_PERI.a(gap.o)
                0x0000000000009f8c                GAP_SecParamsInit
 .text.GAP_ParamsInit
                0x000000000000a016       0x4e c:/Users/seanw/Documents/Data D/CP4101/CH572EVT/EVT/EXAM/BLE/LIB\libCH572BLE_PERI.a(gap.o)
                0x000000000000a016                GAP_ParamsInit
 .text.gapAddAddrAdj
                0x000000000000a064       0x2a c:/Users/seanw/Documents/Data D/CP4101/CH572EVT/EVT/EXAM/BLE/LIB\libCH572BLE_PERI.a(gap.o)
                0x000000000000a064                gapAddAddrAdj
 .text.gapDetermineAddrType
                0x000000000000a08e       0x26 c:/Users/seanw/Documents/Data D/CP4101/CH572EVT/EVT/EXAM/BLE/LIB\libCH572BLE_PERI.a(gap.o)
                0x000000000000a08e                gapDetermineAddrType
 .text.gapFreeAuthLink
                0x000000000000a0b4       0x4a c:/Users/seanw/Documents/Data D/CP4101/CH572EVT/EVT/EXAM/BLE/LIB\libCH572BLE_PERI.a(gap.o)
                0x000000000000a0b4                gapFreeAuthLink
 .text.gapGetDevAddress
                0x000000000000a0fe       0x24 c:/Users/seanw/Documents/Data D/CP4101/CH572EVT/EVT/EXAM/BLE/LIB\libCH572BLE_PERI.a(gap.o)
                0x000000000000a0fe                gapGetDevAddress
 .text.gapGetDevAddressMode
                0x000000000000a122        0xa c:/Users/seanw/Documents/Data D/CP4101/CH572EVT/EVT/EXAM/BLE/LIB\libCH572BLE_PERI.a(gap.o)
                0x000000000000a122                gapGetDevAddressMode
 .text.gapGetIRK
                0x000000000000a12c        0xa c:/Users/seanw/Documents/Data D/CP4101/CH572EVT/EVT/EXAM/BLE/LIB\libCH572BLE_PERI.a(gap.o)
                0x000000000000a12c                gapGetIRK
 .text.gapGetSRK
                0x000000000000a136        0xa c:/Users/seanw/Documents/Data D/CP4101/CH572EVT/EVT/EXAM/BLE/LIB\libCH572BLE_PERI.a(gap.o)
                0x000000000000a136                gapGetSRK
 .text.gapGetSignCounter
                0x000000000000a140        0xc c:/Users/seanw/Documents/Data D/CP4101/CH572EVT/EVT/EXAM/BLE/LIB\libCH572BLE_PERI.a(gap.o)
                0x000000000000a140                gapGetSignCounter
 .text.gapIncSignCounter
                0x000000000000a14c       0x22 c:/Users/seanw/Documents/Data D/CP4101/CH572EVT/EVT/EXAM/BLE/LIB\libCH572BLE_PERI.a(gap.o)
                0x000000000000a14c                gapIncSignCounter
 .text.gapProcessConnEvt
                0x000000000000a16e       0x34 c:/Users/seanw/Documents/Data D/CP4101/CH572EVT/EVT/EXAM/BLE/LIB\libCH572BLE_PERI.a(gap.o)
                0x000000000000a16e                gapProcessConnEvt
 .text.gapProcessDisconnectCompleteEvt
                0x000000000000a1a2       0x9e c:/Users/seanw/Documents/Data D/CP4101/CH572EVT/EVT/EXAM/BLE/LIB\libCH572BLE_PERI.a(gap.o)
                0x000000000000a1a2                gapProcessDisconnectCompleteEvt
 .text.gapProcessRandomAddrComplete
                0x000000000000a240       0x6a c:/Users/seanw/Documents/Data D/CP4101/CH572EVT/EVT/EXAM/BLE/LIB\libCH572BLE_PERI.a(gap.o)
                0x000000000000a240                gapProcessRandomAddrComplete
 .text.sendAuthEvent
                0x000000000000a2aa      0x122 c:/Users/seanw/Documents/Data D/CP4101/CH572EVT/EVT/EXAM/BLE/LIB\libCH572BLE_PERI.a(gap.o)
                0x000000000000a2aa                sendAuthEvent
 .text.gapSendBondCompleteEvent
                0x000000000000a3cc       0x70 c:/Users/seanw/Documents/Data D/CP4101/CH572EVT/EVT/EXAM/BLE/LIB\libCH572BLE_PERI.a(gap.o)
                0x000000000000a3cc                gapSendBondCompleteEvent
 .text.gapSendPairingReqEvent
                0x000000000000a43c       0xaa c:/Users/seanw/Documents/Data D/CP4101/CH572EVT/EVT/EXAM/BLE/LIB\libCH572BLE_PERI.a(gap.o)
                0x000000000000a43c                gapSendPairingReqEvent
 .text.gapSendDeviceInitDoneEvent
                0x000000000000a4e6       0x70 c:/Users/seanw/Documents/Data D/CP4101/CH572EVT/EVT/EXAM/BLE/LIB\libCH572BLE_PERI.a(gap.o)
                0x000000000000a4e6                gapSendDeviceInitDoneEvent
 .text.gapSendLinkUpdateEvent
                0x000000000000a556       0x9c c:/Users/seanw/Documents/Data D/CP4101/CH572EVT/EVT/EXAM/BLE/LIB\libCH572BLE_PERI.a(gap.o)
                0x000000000000a556                gapSendLinkUpdateEvent
 .text.gapSendPhyUpdateEvent
                0x000000000000a5f2       0x48 c:/Users/seanw/Documents/Data D/CP4101/CH572EVT/EVT/EXAM/BLE/LIB\libCH572BLE_PERI.a(gap.o)
                0x000000000000a5f2                gapSendPhyUpdateEvent
 .text.gapSendEstLinkEvent
                0x000000000000a63a       0xc0 c:/Users/seanw/Documents/Data D/CP4101/CH572EVT/EVT/EXAM/BLE/LIB\libCH572BLE_PERI.a(gap.o)
                0x000000000000a63a                gapSendEstLinkEvent
 .text.GAP_Authenticate
                0x000000000000a6fa       0xa8 c:/Users/seanw/Documents/Data D/CP4101/CH572EVT/EVT/EXAM/BLE/LIB\libCH572BLE_PERI.a(gap.o)
                0x000000000000a6fa                GAP_Authenticate
 .text.GAP_Bond
                0x000000000000a7a2       0x58 c:/Users/seanw/Documents/Data D/CP4101/CH572EVT/EVT/EXAM/BLE/LIB\libCH572BLE_PERI.a(gap.o)
                0x000000000000a7a2                GAP_Bond
 .text.GAP_GetParamValue
                0x000000000000a7fa       0x1c c:/Users/seanw/Documents/Data D/CP4101/CH572EVT/EVT/EXAM/BLE/LIB\libCH572BLE_PERI.a(gap.o)
                0x000000000000a7fa                GAP_GetParamValue
 .text.GAP_PasscodeUpdate
                0x000000000000a816       0x50 c:/Users/seanw/Documents/Data D/CP4101/CH572EVT/EVT/EXAM/BLE/LIB\libCH572BLE_PERI.a(gap.o)
                0x000000000000a816                GAP_PasscodeUpdate
 .text.GAP_RegisterForMsgs
                0x000000000000a866        0x6 c:/Users/seanw/Documents/Data D/CP4101/CH572EVT/EVT/EXAM/BLE/LIB\libCH572BLE_PERI.a(gap.o)
                0x000000000000a866                GAP_RegisterForMsgs
 .text.GAP_ResolvePrivateAddr
                0x000000000000a86c        0x4 c:/Users/seanw/Documents/Data D/CP4101/CH572EVT/EVT/EXAM/BLE/LIB\libCH572BLE_PERI.a(gap.o)
                0x000000000000a86c                GAP_ResolvePrivateAddr
 .text.gapPairingCompleteCB
                0x000000000000a870      0x1c6 c:/Users/seanw/Documents/Data D/CP4101/CH572EVT/EVT/EXAM/BLE/LIB\libCH572BLE_PERI.a(gap.o)
                0x000000000000a870                gapPairingCompleteCB
 .text.gapPasskeyNeededCB
                0x000000000000aa36       0x86 c:/Users/seanw/Documents/Data D/CP4101/CH572EVT/EVT/EXAM/BLE/LIB\libCH572BLE_PERI.a(gap.o)
                0x000000000000aa36                gapPasskeyNeededCB
 .text.gapFreeEstLink
                0x000000000000aabc       0x1e c:/Users/seanw/Documents/Data D/CP4101/CH572EVT/EVT/EXAM/BLE/LIB\libCH572BLE_PERI.a(gap.o)
                0x000000000000aabc                gapFreeEstLink
 .text.gapUpdateConnSignCounter
                0x000000000000aada       0x72 c:/Users/seanw/Documents/Data D/CP4101/CH572EVT/EVT/EXAM/BLE/LIB\libCH572BLE_PERI.a(gap.o)
                0x000000000000aada                gapUpdateConnSignCounter
 .text.GAP_SendSlaveSecurityRequest
                0x000000000000ab4c       0x46 c:/Users/seanw/Documents/Data D/CP4101/CH572EVT/EVT/EXAM/BLE/LIB\libCH572BLE_PERI.a(gap.o)
                0x000000000000ab4c                GAP_SendSlaveSecurityRequest
 .text.GAP_Signable
                0x000000000000ab92       0x4c c:/Users/seanw/Documents/Data D/CP4101/CH572EVT/EVT/EXAM/BLE/LIB\libCH572BLE_PERI.a(gap.o)
                0x000000000000ab92                GAP_Signable
 .text.GAP_TerminateAuth
                0x000000000000abde       0x2a c:/Users/seanw/Documents/Data D/CP4101/CH572EVT/EVT/EXAM/BLE/LIB\libCH572BLE_PERI.a(gap.o)
                0x000000000000abde                GAP_TerminateAuth
 .text.GAP_NumActiveConnections
                0x000000000000ac08        0x4 c:/Users/seanw/Documents/Data D/CP4101/CH572EVT/EVT/EXAM/BLE/LIB\libCH572BLE_PERI.a(gap.o)
                0x000000000000ac08                GAP_NumActiveConnections
 .text.GAP_SetParamValue
                0x000000000000ac0c       0x28 c:/Users/seanw/Documents/Data D/CP4101/CH572EVT/EVT/EXAM/BLE/LIB\libCH572BLE_PERI.a(gap.o)
                0x000000000000ac0c                GAP_SetParamValue
 .text.GAP_DeviceInit
                0x000000000000ac34       0x42 c:/Users/seanw/Documents/Data D/CP4101/CH572EVT/EVT/EXAM/BLE/LIB\libCH572BLE_PERI.a(gap.o)
                0x000000000000ac34                GAP_DeviceInit
 .text.GAP_Init
                0x000000000000ac76       0x4c c:/Users/seanw/Documents/Data D/CP4101/CH572EVT/EVT/EXAM/BLE/LIB\libCH572BLE_PERI.a(gap.o)
                0x000000000000ac76                GAP_Init
 .text.GAP_ProcessEvent
                0x000000000000acc2      0x394 c:/Users/seanw/Documents/Data D/CP4101/CH572EVT/EVT/EXAM/BLE/LIB\libCH572BLE_PERI.a(gap.o)
                0x000000000000acc2                GAP_ProcessEvent
 .text.gapSetAdvParams
                0x000000000000b056       0xa0 c:/Users/seanw/Documents/Data D/CP4101/CH572EVT/EVT/EXAM/BLE/LIB\libCH572BLE_PERI.a(gap_peripheral.o)
 .text.gapFreeAdvertState
                0x000000000000b0f6       0x1e c:/Users/seanw/Documents/Data D/CP4101/CH572EVT/EVT/EXAM/BLE/LIB\libCH572BLE_PERI.a(gap_peripheral.o)
 .text.gapPeriProcessConnEvt
                0x000000000000b114       0xaa c:/Users/seanw/Documents/Data D/CP4101/CH572EVT/EVT/EXAM/BLE/LIB\libCH572BLE_PERI.a(gap_peripheral.o)
 .text.gapWriteAdvDataStatus
                0x000000000000b1be       0x84 c:/Users/seanw/Documents/Data D/CP4101/CH572EVT/EVT/EXAM/BLE/LIB\libCH572BLE_PERI.a(gap_peripheral.o)
 .text.GAP_MakeDiscoverable
                0x000000000000b242       0x8c c:/Users/seanw/Documents/Data D/CP4101/CH572EVT/EVT/EXAM/BLE/LIB\libCH572BLE_PERI.a(gap_peripheral.o)
                0x000000000000b242                GAP_MakeDiscoverable
 .text.GAP_EndDiscoverable
                0x000000000000b2ce       0x5c c:/Users/seanw/Documents/Data D/CP4101/CH572EVT/EVT/EXAM/BLE/LIB\libCH572BLE_PERI.a(gap_peripheral.o)
                0x000000000000b2ce                GAP_EndDiscoverable
 .text.gapProcessAdvertisingEvt
                0x000000000000b32a       0xae c:/Users/seanw/Documents/Data D/CP4101/CH572EVT/EVT/EXAM/BLE/LIB\libCH572BLE_PERI.a(gap_peripheral.o)